04-28 14:56:52.951  2443  5787 W JobInfo : Job 'com.google.android.partnersetup/.PhenotypeJobService#2' has a deadline with no functional constraints. The deadline won't improve job execution latency. Consider removing the dead
line.
04-28 14:56:53.040  6855  6855 I Routine@Core[4.9.04.13]: MetadataLoaderJobService: onStartJob: collectPackageInBG - com.google.android.apps.bard
04-28 14:56:53.040  6855  6855 I Routine@Core[4.9.04.13]: MetadataLoaderJobService: packageName : com.google.android.apps.bard, forced : true
04-28 14:56:53.050  7822  7865 I Finsky:background: [11677] IQ: No matching installs to run for jobs: [91807]
04-28 14:56:53.072  7822  7863 I Finsky:background: [11675] SCH: no pending jobs to schedule.
04-28 14:56:53.074  7822  7865 I Finsky:background: [11677] SCH: no pending jobs to schedule.
04-28 14:56:53.213  7023  7141 I Finsky  : [11689] SCH: Satisfied jobs for 9961 are: 12-1
04-28 14:56:53.217  9212  9314 W JobInfo : Job 'com.google.android.partnersetup/.ClientIdJobService#8192' has a deadline with no functional constraints. The deadline won't improve job execution latency. Consider removing the de
adline.
04-28 14:56:53.217  2443  4669 W JobInfo : Job 'com.google.android.partnersetup/.ClientIdJobService#8192' has a deadline with no functional constraints. The deadline won't improve job execution latency. Consider removing the de
adline.
04-28 14:56:53.230  2443  3256 W JobScheduler: Job didn't exist in JobStore: 7cf31be #u0a232/8192 com.google.android.partnersetup/.ClientIdJobService
04-28 14:56:53.430  9258  9258 I SBrowserProvider: initSyncObservers
04-28 14:56:53.789  2443  2545 I ActivityManager: ProcessObserver broadcast disabled
04-28 14:56:54.340  2443  2545 I ActivityManager: ProcessObserver broadcast disabled
04-28 14:56:54.560  2443  2850 E JobScheduler.Background: Couldn't determine stopped state for unknown package: com.samsung.android.sm.policy
04-28 14:56:54.560  2443  2850 E JobScheduler.Background: Couldn't determine stopped state for unknown package: com.facebook.appmanager
04-28 14:56:54.560  2443  2850 E JobScheduler.Background: Couldn't determine stopped state for unknown package: com.facebook.appmanager
04-28 14:56:54.560  2443  2850 E JobScheduler.Background: Couldn't determine stopped state for unknown package: com.facebook.appmanager
04-28 14:56:54.560  2443  2850 E JobScheduler.Background: Couldn't determine stopped state for unknown package: com.facebook.appmanager
04-28 14:56:54.560  2443  2850 E JobScheduler.Background: Couldn't determine stopped state for unknown package: com.facebook.appmanager
04-28 14:56:54.561  2443  2850 E JobScheduler.Background: Couldn't determine stopped state for unknown package: com.samsung.android.tadownloader
04-28 14:56:55.059 24078 24078 I flutter : [ANCHOR] establish wall=1777355815031 host[fp=3799931 vf=4307239 fp_ms=86166.2 vf_ms=97669.8 fpVfDiff_ms=-11503.6] guest[fp=2494251 vf=4325127 fp_ms=56559.0 vf_ms=98075.4 fpVfDiff_ms=-
41516.5] outLat[host=21.6 guest=8.2 delta=-14.4] targetGuestVf=4325720 initialCorrection=1710302
04-28 14:56:55.337  6855  8311 I Routine@Core[4.9.04.13]: ModeOrderObserver: ModeOrderObserver:onChange: uri content://com.samsung.android.app.routines.routineprovider/preference
04-28 14:56:55.347  6855  6855 I Routine@Core[4.9.04.13]: MetadataLoaderJobService: metadataLoadingCompleted: collectPackageInBG - com.google.android.apps.bard
04-28 14:56:55.363  6855  6855 I Routine@Core[4.9.04.13]: MetadataLoaderJobService: onDestroy
04-28 14:56:55.375  6855  7330 I Routine@Core[4.9.04.13]: COORD/ConditionStateHandlerCallbackImpl: unregisterConditionObserver: conditionId=manual_execute(id=1, uuid=282327, routineId=1), targetUri=content://com.samsung.android
.app.routines.provider.routines.v3/manual_execute
04-28 14:56:55.377  6855  7330 I Routine@Core[4.9.04.13]: COORD/ConditionStateHandlerCallbackImpl: registerConditionObserver: conditionId=manual_execute(id=1, uuid=282327, routineId=1), targetUri=content://com.samsung.android.a
pp.routines.provider.routines.v3/manual_execute
04-28 14:56:55.379  2443  3255 D SEP_UNION_SemDeviceInfoManagerService: Creating new UnionContentObserver for the uri:content://com.samsung.android.app.routines.provider.routines.v3/manual_execute 
04-28 14:56:55.398  6855  7330 I Routine@Core[4.9.04.13]: COORD/ConditionStateHandlerCallbackImpl: unregisterConditionObserver: conditionId=manual_execute(id=2, uuid=906641, routineId=2), targetUri=content://com.samsung.android
.app.routines.provider.routines.v3/manual_execute
04-28 14:56:55.399  6855  7330 I Routine@Core[4.9.04.13]: COORD/ConditionStateHandlerCallbackImpl: registerConditionObserver: conditionId=manual_execute(id=2, uuid=906641, routineId=2), targetUri=content://com.samsung.android.a
pp.routines.provider.routines.v3/manual_execute
04-28 14:56:55.400  2443  4641 D SEP_UNION_SemDeviceInfoManagerService: Creating new UnionContentObserver for the uri:content://com.samsung.android.app.routines.provider.routines.v3/manual_execute 
04-28 14:56:56.703  6855  8311 I Routine@Core[4.9.04.13]: ModeMetaObserver: ModeMetaObserver:onChange: uri content://com.samsung.android.app.routines.routineprovider/action_instance/id/4
04-28 14:56:56.705  6855  6870 E Routine@Core[4.9.04.13]: AiSearch@SearchRoutineDataObserver: updateAction: failed to parse. actionId=id
04-28 14:56:56.706  6855  6872 E Routine@Core[4.9.04.13]: AiSearch@SearchRoutineDataObserver: updateAction: failed to parse. actionId=id
04-28 14:56:56.707  6855  6872 E Routine@Core[4.9.04.13]: AiSearch@SearchRoutineDataObserver: updateAction: failed to parse. actionId=id
04-28 14:56:56.708  6855  6872 E Routine@Core[4.9.04.13]: AiSearch@SearchRoutineDataObserver: updateAction: failed to parse. actionId=id
04-28 14:56:56.724  6855  8311 I Routine@Core[4.9.04.13]: ModeMetaObserver: ModeMetaObserver:onChange: uri content://com.samsung.android.app.routines.routineprovider/action_instance/id/5
04-28 14:56:56.732  6855  8311 I Routine@Core[4.9.04.13]: ModeMetaObserver: ModeMetaObserver:onChange: uri content://com.samsung.android.app.routines.routineprovider/action_instance/id/6
04-28 14:56:56.741  6855  8311 I Routine@Core[4.9.04.13]: ModeMetaObserver: ModeMetaObserver:onChange: uri content://com.samsung.android.app.routines.routineprovider/action_instance/id/7
04-28 14:56:56.915  6855  6872 I Routine@Core[4.9.04.13]: ModeMetaObserver: ModeMetaObserver:onChange: uri content://com.samsung.android.app.routines.routineprovider/action_instance/id/8
04-28 14:56:56.916  6855  8311 E Routine@Core[4.9.04.13]: AiSearch@SearchRoutineDataObserver: updateAction: failed to parse. actionId=id
04-28 14:56:56.916  6855  8311 E Routine@Core[4.9.04.13]: AiSearch@SearchRoutineDataObserver: updateAction: failed to parse. actionId=id
04-28 14:56:56.918  6855  8311 E Routine@Core[4.9.04.13]: AiSearch@SearchRoutineDataObserver: updateAction: failed to parse. actionId=id
04-28 14:56:56.919  6855  8311 E Routine@Core[4.9.04.13]: AiSearch@SearchRoutineDataObserver: updateAction: failed to parse. actionId=id
04-28 14:56:56.939  6855  6872 I Routine@Core[4.9.04.13]: ModeMetaObserver: ModeMetaObserver:onChange: uri content://com.samsung.android.app.routines.routineprovider/action_instance/id/9
04-28 14:56:56.952  6855  6872 I Routine@Core[4.9.04.13]: ModeMetaObserver: ModeMetaObserver:onChange: uri content://com.samsung.android.app.routines.routineprovider/action_instance/id/10
04-28 14:56:56.965  6855  6872 I Routine@Core[4.9.04.13]: ModeMetaObserver: ModeMetaObserver:onChange: uri content://com.samsung.android.app.routines.routineprovider/action_instance/id/11
04-28 14:56:57.727  6855  7287 I Routine@Core[4.9.04.13]: WEAR/ModeManagerImpl: startModeObserver : ALL_MODES
04-28 14:56:57.727  6855  7331 I Routine@Core[4.9.04.13]: WEAR/ModeManagerImpl: startModeObserver : ALL_MODES
04-28 14:56:57.727  6855  6855 I Routine@Core[4.9.04.13]: LifestyleModeTileHelper: observeModeInfo.onChange: selfChange=false, uri=content://com.samsung.android.app.routines.modeinfoprovider/mode_meta/actions/100
04-28 14:56:57.730  6855  6855 I Routine@Core[4.9.04.13]: LifestyleModeTileHelper: observeModeInfo.onChange: selfChange=false, uri=content://com.samsung.android.app.routines.modeinfoprovider/mode_meta/actions/105
04-28 14:57:00.994  2443  2545 I ActivityManager: ProcessObserver broadcast disabled
04-28 14:57:01.321  9546  9572 I Finsky:background: [11678] IQ: no jobs active. Skipping
04-28 14:57:01.533  9546  9572 I Finsky:background: [11678] SCH: no pending jobs to schedule.
04-28 14:57:01.542  9546  9576 I Finsky:background: [11682] SCH: no pending jobs to schedule.
04-28 14:57:01.546  9546  9570 I Finsky:background: [11676] SCH: no pending jobs to schedule.
04-28 14:57:01.574  9546  9580 I Finsky:background: [11686] IQ: Bulk scheduling created jobs
04-28 14:57:01.597  9546  9580 D WM-PackageManagerHelper: Skipping component enablement for androidx.work.impl.background.systemjob.SystemJobService
04-28 14:57:01.597  9546  9580 D WM-Schedulers: Created SystemJobScheduler and enabled SystemJobService
04-28 14:57:01.898  2443  2545 I ActivityManager: Start proc 9619:com.facebook.katana/u0a347 for service {com.facebook.katana/androidx.work.impl.background.systemjob.SystemJobService}
04-28 14:57:01.898  2443  2545 I ActivityManager: ProcessObserver broadcast disabled
04-28 14:57:02.067  2443  2545 I ActivityManager: ProcessObserver broadcast disabled
04-28 14:57:02.251  2443  2545 I ActivityManager: ProcessObserver broadcast disabled
04-28 14:57:02.392  9619  9703 W FileBasedMultiProcessTracker: <default>: Observed removed PID: 5112
04-28 14:57:02.501  2443  2545 I ActivityManager: ProcessObserver broadcast disabled
04-28 14:57:02.751  9718  9777 I Policy_13.0.02: [RxCachedThreadScheduler-1][GetPolicyJobService] polling job service was already scheduled (from:86400000 to:86400000)
04-28 14:57:03.345  2443  3255 W JobScheduler: Job didn't exist in JobStore: 3f125f0 {androidx.work.systemjobscheduler} #u0a347/102096 @androidx.work.systemjobscheduler@com.facebook.katana/androidx.work.impl.background.systemjo
b.SystemJobService
04-28 14:57:03.402  2443  2545 I ActivityManager: ProcessObserver broadcast disabled
04-28 14:57:03.660  2443  5757 I CAE     : notifyCmdProcessResultObserver(ContextProvider.java:627) - CheckResult = 0, Cause = Success
04-28 14:57:03.689  9855  9881 I Finsky:background: [11678] IQ: no jobs active. Skipping
04-28 14:57:03.926  2443  4195 I CAE     : notifyCmdProcessResultObserver(ContextProvider.java:627) - CheckResult = 0, Cause = Success
04-28 14:57:03.943  9855  9879 I Finsky:background: [11676] SCH: no pending jobs to schedule.
04-28 14:57:03.947  9855  9877 I Finsky:background: [11674] SCH: no pending jobs to schedule.
04-28 14:57:03.953  9855  9881 I Finsky:background: [11678] SCH: no pending jobs to schedule.
04-28 14:57:03.969  9855  9892 I Finsky:background: [11687] IQ: Bulk scheduling created jobs
04-28 14:57:03.986  9855  9892 D WM-PackageManagerHelper: Skipping component enablement for androidx.work.impl.background.systemjob.SystemJobService
04-28 14:57:03.986  9855  9892 D WM-Schedulers: Created SystemJobScheduler and enabled SystemJobService
04-28 14:57:04.058  9855  9892 I Finsky:background: [11687] IQ: Bulk scheduling created jobs
04-28 14:57:04.325  9855  9888 I Finsky:background: [11683] IQ: no jobs active. Skipping
04-28 14:57:04.332  9855  9916 I Finsky:background: [11701] SCH: Satisfied jobs for 10545 are: 3-91830
04-28 14:57:04.336  9855  9916 I Finsky:background: [11701] SCH: Satisfied jobs for 10544 are: 3-91830
04-28 14:57:05.370  3175  3175 D BrightnessControllerObserver: BrightnessObserver.onChange() : auto_brightness_transition_time
04-28 14:57:05.370  3175  3175 D BrightnessControllerObserver: BrightnessObserver.onChange() : auto_brightness_transition_time
04-28 14:57:05.459 24078 24078 I flutter : [ANCHOR] establish wall=1777355825428 host[fp=4263053 vf=2906052 fp_ms=96667.9 vf_ms=65896.9 fpVfDiff_ms=30771.0] guest[fp=2952715 vf=2921476 fp_ms=66955.0 vf_ms=66246.6 fpVfDiff_ms=70
8.4] outLat[host=22.7 guest=9.1 delta=-14.0] targetGuestVf=2919987 initialCorrection=-1864197
04-28 14:57:05.709  9855  9916 I Finsky:background: [11701] SCH: Satisfied jobs for 10545 are: 3-91830, 40-9998
04-28 14:57:05.726  9855  9916 I Finsky:background: [11701] SCH: Satisfied jobs for 10548 are: 40-9998
04-28 14:57:09.362  9619 10036 W fb4a.ServiceInfoParser: X.4W3: Service com.facebook.browser.lite.BrowserLiteInMainProcessIntentService is missing meta key com.facebook.common.jobscheduler.compat.jobIds
04-28 14:57:09.362  9619 10036 W fb4a.ServiceInfoParser: X.4W3: Service com.facebook.businessintegrity.cloakingdetection.service.CloakingDetectionService is missing meta key com.facebook.common.jobscheduler.compat.jobIds
04-28 14:57:09.362  9619 10036 W fb4a.ServiceInfoParser: X.4W3: Service com.facebook.contacts.service.ContactLocaleChangeService is missing meta key com.facebook.common.jobscheduler.compat.jobIds
04-28 14:57:09.362  9619 10036 W fb4a.ServiceInfoParser: X.4W3: Service com.facebook.analytics2.fabric.onefabric.FFAlarmUploadJobService is missing meta key com.facebook.common.jobscheduler.compat.jobIds
04-28 14:57:09.362  9619 10036 W fb4a.ServiceInfoParser: X.4W3: Service com.facebook.falco.jobscheduler.FFJobService is missing meta key com.facebook.common.jobscheduler.compat.jobIds
04-28 14:57:09.363  9619 10036 W fb4a.ServiceInfoParser: X.4W3: Service com.facebook.registration.notification.RegistrationNotificationService is missing meta key com.facebook.common.jobscheduler.compat.jobIds
04-28 14:57:09.363  9619 10036 W fb4a.ServiceInfoParser: X.4W3: Service com.facebook.notifications.appwidget.bugreporter.NotificationsWidgetDebugHelper is missing meta key com.facebook.common.jobscheduler.compat.jobIds
04-28 14:57:09.363  9619 10036 W fb4a.ServiceInfoParser: X.4W3: Service com.facebook.account.login.notification.LoginNotificationService is missing meta key com.facebook.common.jobscheduler.compat.jobIds
04-28 14:57:09.363  9619 10036 W fb4a.ServiceInfoParser: X.4W3: Service com.facebook.battery.monitor.ContinuousBatteryMonitorService is missing meta key com.facebook.common.jobscheduler.compat.jobIds
04-28 14:57:09.363  9619 10036 W fb4a.ServiceInfoParser: X.4W3: Service com.facebook.googleplay.GooglePlayInstallRefererService is missing meta key com.facebook.common.jobscheduler.compat.jobIds
04-28 14:57:09.364  9619 10036 W fb4a.ServiceInfoParser: X.4W3: Service com.facebook.glc.GLCService is missing meta key com.facebook.common.jobscheduler.compat.jobIds
04-28 14:57:09.364  9619 10036 W fb4a.ServiceInfoParser: X.4W3: Service com.facebook.papaya.fb.client.services.FBPapayaJobService is missing meta key com.facebook.common.jobscheduler.compat.jobIds
04-28 14:57:09.364  9619 10036 W fb4a.ServiceInfoParser: X.4W3: Service com.google.android.datatransport.runtime.scheduling.jobscheduling.JobInfoSchedulerService is missing meta key com.facebook.common.jobscheduler.compat.jobId
s
04-28 14:57:09.364  9619 10036 W fb4a.ServiceInfoParser: X.4W3: Service com.facebook.push.fcm.FcmRegistrarFbJobIntentService is missing meta key com.facebook.common.jobscheduler.compat.jobIds
04-28 14:57:09.364  9619 10036 W fb4a.ServiceInfoParser: X.4W3: Service com.facebook.push.fbpushdata.common.FbPushDataHandlerService is missing meta key com.facebook.common.jobscheduler.compat.jobIds
04-28 14:57:09.364  9619 10036 W fb4a.ServiceInfoParser: X.4W3: Service com.facebook.conditionalworker.ConditionalWorkerService is missing meta key com.facebook.common.jobscheduler.compat.jobIds
04-28 14:57:09.365  9619 10036 W fb4a.ServiceInfoParser: X.4W3: Service com.facebook.compost.service.CompostNotificationService is missing meta key com.facebook.common.jobscheduler.compat.jobIds
04-28 14:57:09.365  9619 10036 W fb4a.ServiceInfoParser: X.4W3: Service com.facebook.messaging.notify.client.MessagesNotificationService is missing meta key com.facebook.common.jobscheduler.compat.jobIds
04-28 14:57:09.365  9619 10036 W fb4a.ServiceInfoParser: X.4W3: Service com.facebook.confirmation.notification.ConfirmationNotificationService is missing meta key com.facebook.common.jobscheduler.compat.jobIds
04-28 14:57:09.365  9619 10036 W fb4a.ServiceInfoParser: X.4W3: Service com.facebook.voltron.download.scheduledinstaller.OxygenScheduledInstallerJobService is missing meta key com.facebook.common.jobscheduler.compat.jobIds
04-28 14:57:09.365  9619 10036 W fb4a.ServiceInfoParser: X.4W3: Service com.facebook.messaging.prefs.notifications.NotificationPrefsSyncService is missing meta key com.facebook.common.jobscheduler.compat.jobIds
04-28 14:57:09.366  9619 10036 W fb4a.ServiceInfoParser: X.4W3: Service com.facebook.push.adm.ADMService is missing meta key com.facebook.common.jobscheduler.compat.jobIds
04-28 14:57:09.366  9619 10036 W fb4a.ServiceInfoParser: X.4W3: Service com.facebook.push.adm.ADMBroadcastReceiverJobBase is missing meta key com.facebook.common.jobscheduler.compat.jobIds
04-28 14:57:09.366  9619 10036 W fb4a.ServiceInfoParser: X.4W3: Service com.facebook.push.adm.ADMJobIntentService is missing meta key com.facebook.common.jobscheduler.compat.jobIds
04-28 14:57:09.366  9619 10036 W fb4a.ServiceInfoParser: X.4W3: Service com.facebook.push.negativefeedback.PushNegativeFeedbackFbJobIntentService is missing meta key com.facebook.common.jobscheduler.compat.jobIds
04-28 14:57:09.366  9619 10036 W fb4a.ServiceInfoParser: X.4W3: Service com.facebook.push.registration.RegistrarHelperService is missing meta key com.facebook.common.jobscheduler.compat.jobIds
04-28 14:57:09.366  9619 10036 W fb4a.ServiceInfoParser: X.4W3: Service com.facebook.feed.platformads.AppInstallService is missing meta key com.facebook.common.jobscheduler.compat.jobIds
04-28 14:57:09.367  9619 10036 W fb4a.ServiceInfoParser: X.4W3: Service com.google.android.gms.analytics.AnalyticsJobService is missing meta key com.facebook.common.jobscheduler.compat.jobIds
04-28 14:57:09.367  9619 10036 W fb4a.ServiceInfoParser: X.4W3: Service com.facebook.oxygen.preloads.sdk.firstparty.managedappcache.IsManagedAppCacheJobService is missing meta key com.facebook.common.jobscheduler.compat.jobIds
04-28 14:57:09.367  9619 10036 W fb4a.ServiceInfoParser: X.4W3: Service com.facebook.videolite.api.VideoUploadJobService is missing meta key com.facebook.common.jobscheduler.compat.jobIds
04-28 14:57:09.367  9619 10036 W fb4a.ServiceInfoParser: X.4W3: Service com.facebook.videolite.api.jobscheduler.UploadJobSchedulerService is missing meta key com.facebook.common.jobscheduler.compat.jobIds
04-28 14:57:09.367  9619 10036 W fb4a.ServiceInfoParser: X.4W3: Service androidx.work.impl.background.systemjob.SystemJobService is missing meta key com.facebook.common.jobscheduler.compat.jobIds
04-28 14:57:09.367  9619 10036 W fb4a.ServiceInfoParser: X.4W3: Service com.facebook.push.mqtt.service.MqttPushHelperService is missing meta key com.facebook.common.jobscheduler.compat.jobIds
04-28 14:57:09.367  9619 10036 W fb4a.ServiceInfoParser: X.4W3: Service com.facebook.reportaproblem.base.bugreport.BugReportUploadService is missing meta key com.facebook.common.jobscheduler.compat.jobIds
04-28 14:57:09.368  9619 10036 W fb4a.ServiceInfoParser: X.4W3: Service com.facebook.appcomponentmanager.AppComponentManagerService is missing meta key com.facebook.common.jobscheduler.compat.jobIds
04-28 14:57:09.368  9619 10036 W fb4a.ServiceInfoParser: X.4W3: Service com.facebook.fbservice.service.BlueServiceJobIntentService is missing meta key com.facebook.common.jobscheduler.compat.jobIds
04-28 14:57:09.368  9619 10036 W fb4a.ServiceInfoParser: X.4W3: Service com.facebook.delayedworker.DelayedWorkerService is missing meta key com.facebook.common.jobscheduler.compat.jobIds
04-28 14:57:09.368  9619 10036 W fb4a.ServiceInfoParser: X.4W3: Service com.facebook.analytics2.logger.service.LollipopUploadSafeService is missing meta key com.facebook.common.jobscheduler.compat.jobIds
04-28 14:57:09.368  9619 10036 W fb4a.ServiceInfoParser: X.4W3: Service com.facebook.analytics2.logger.legacy.uploader.LollipopUploadService is missing meta key com.facebook.common.jobscheduler.compat.jobIds
04-28 14:57:09.368  9619 10036 W fb4a.ServiceInfoParser: X.4W3: Service com.facebook.analytics2.logger.legacy.uploader.Analytics2UploadService is missing meta key com.facebook.common.jobscheduler.compat.jobIds
04-28 14:57:09.760  2443  2545 I ActivityManager: ProcessObserver broadcast disabled
04-28 14:57:09.935  2443  2545 I ActivityManager: ProcessObserver broadcast disabled
04-28 14:57:10.667  2443  2545 I ActivityManager: Start proc 10098:com.nhn.android.calendar/u0a350 for service {com.nhn.android.calendar/androidx.work.impl.background.systemjob.SystemJobService}
04-28 14:57:10.667  2443  2545 I ActivityManager: ProcessObserver broadcast disabled
04-28 14:57:11.007  2443  5427 D PackageManager: setEnabledSetting : userId = 0 packageName = com.nhn.android.calendar cmp = androidx.work.impl.background.systemjob.SystemJobService newState = 1 callingPackage = com.nhn.android
.calendar
04-28 14:57:11.099  9855  9855 I Finsky:background: [2] SCH: jobStopped: 40-9998. TimeElapsed: 5388ms. EventType: 2544
04-28 14:57:11.109 10098 10151 W System.err: 	at retrofit2.adapter.rxjava2.CallExecuteObservable.subscribeActual(Unknown Source:22)
04-28 14:57:11.109 10098 10151 W System.err: 	at io.reactivex.Observable.subscribe(SourceFile:14)
04-28 14:57:11.109 10098 10151 W System.err: 	at io.reactivex.internal.operators.observable.ObservableSingleSingle.b1(Unknown Source:9)
04-28 14:57:11.109 10098 10151 W System.err: 	at io.reactivex.internal.operators.single.SingleSubscribeOn$SubscribeOnObserver.run(Unknown Source:2)
04-28 14:57:11.110 10098 10151 W System.err: 	at retrofit2.adapter.rxjava2.CallExecuteObservable.subscribeActual(Unknown Source:22)
04-28 14:57:11.110 10098 10151 W System.err: 	at io.reactivex.Observable.subscribe(SourceFile:14)
04-28 14:57:11.110 10098 10151 W System.err: 	at io.reactivex.internal.operators.observable.ObservableSingleSingle.b1(Unknown Source:9)
04-28 14:57:11.110 10098 10151 W System.err: 	at io.reactivex.internal.operators.single.SingleSubscribeOn$SubscribeOnObserver.run(Unknown Source:2)
04-28 14:57:11.111 10098 10151 W System.err: 	at retrofit2.adapter.rxjava2.CallExecuteObservable.subscribeActual(Unknown Source:22)
04-28 14:57:11.111 10098 10151 W System.err: 	at io.reactivex.Observable.subscribe(SourceFile:14)
04-28 14:57:11.111 10098 10151 W System.err: 	at io.reactivex.internal.operators.observable.ObservableSingleSingle.b1(Unknown Source:9)
04-28 14:57:11.111 10098 10151 W System.err: 	at io.reactivex.internal.operators.single.SingleSubscribeOn$SubscribeOnObserver.run(Unknown Source:2)
04-28 14:57:11.113  9855  9916 I Finsky:background: [11701] SCH: Satisfied jobs for 10544 are: 3-91830
04-28 14:57:11.119  9855  9916 I Finsky:background: [11701] SCH: Satisfied jobs for 10545 are: 3-91830
04-28 14:57:11.124  9855  9881 I Finsky:background: [11678] SCH: no pending jobs to schedule.
04-28 14:57:11.182  2443  2443 W JobScheduler: Job didn't exist in JobStore: e72aeb9 #u0a350/292323 com.nhn.android.calendar/androidx.work.impl.background.systemjob.SystemJobService
04-28 14:57:11.987  2443  3578 W JobScheduler: Job didn't exist in JobStore: 106966b #u0a350/292323 com.nhn.android.calendar/androidx.work.impl.background.systemjob.SystemJobService
04-28 14:57:12.568  9855  9855 W JobService: onNetworkChanged() not implemented in com.google.android.finsky.scheduler.process.backgroundimpl.PhoneskyJobServiceBackground. Must override in a subclass.
04-28 14:57:14.564  2443  2850 E JobScheduler.Background: Couldn't determine stopped state for unknown package: com.samsung.android.sm.policy
04-28 14:57:14.564  2443  2850 E JobScheduler.Background: Couldn't determine stopped state for unknown package: com.facebook.appmanager
04-28 14:57:14.564  2443  2850 E JobScheduler.Background: Couldn't determine stopped state for unknown package: com.facebook.appmanager
04-28 14:57:14.564  2443  2850 E JobScheduler.Background: Couldn't determine stopped state for unknown package: com.facebook.appmanager
04-28 14:57:14.564  2443  2850 E JobScheduler.Background: Couldn't determine stopped state for unknown package: com.facebook.appmanager
04-28 14:57:14.564  2443  2850 E JobScheduler.Background: Couldn't determine stopped state for unknown package: com.facebook.appmanager
04-28 14:57:14.564  2443  2850 E JobScheduler.Background: Couldn't determine stopped state for unknown package: com.samsung.android.tadownloader
04-28 14:57:18.524  9855  9877 I Finsky:background: [11674] IQ: No matching installs to run for jobs: [91830]
04-28 14:57:18.597  9855  9855 W JobService: onNetworkChanged() not implemented in com.google.android.finsky.scheduler.process.backgroundimpl.PhoneskyJobServiceBackground. Must override in a subclass.
04-28 14:57:18.818  2443  2545 I ActivityManager: ProcessObserver broadcast disabled
04-28 14:57:18.912  2443  5758 D PackageManager: setEnabledSetting : userId = 0 packageName = com.samsung.android.sm.devicesecurity cmp = androidx.work.impl.background.systemjob.SystemJobService newState = 1 callingPackage = co
m.samsung.android.sm.devicesecurity
04-28 14:57:18.944  2443  2798 I PackageManager: START INSTALL PACKAGE: observer{12049800}
04-28 14:57:18.952  2443  2545 I ActivityManager: ProcessObserver broadcast disabled
04-28 14:57:19.112  2443  2545 I ActivityManager: ProcessObserver broadcast disabled
04-28 14:57:19.173  2443  3578 W JobScheduler: Job didn't exist in JobStore: 29236e7 #5012/10763 com.samsung.android.sm.devicesecurity/androidx.work.impl.background.systemjob.SystemJobService
04-28 14:57:21.704  2443  2850 E JobScheduler.Background: Couldn't determine stopped state for unknown package: com.samsung.android.sm.policy
04-28 14:57:21.704  2443  2850 E JobScheduler.Background: Couldn't determine stopped state for unknown package: com.facebook.appmanager
04-28 14:57:21.705  2443  2850 E JobScheduler.Background: Couldn't determine stopped state for unknown package: com.facebook.appmanager
04-28 14:57:21.705  2443  2850 E JobScheduler.Background: Couldn't determine stopped state for unknown package: com.facebook.appmanager
04-28 14:57:21.705  2443  2850 E JobScheduler.Background: Couldn't determine stopped state for unknown package: com.facebook.appmanager
04-28 14:57:21.705  2443  2850 E JobScheduler.Background: Couldn't determine stopped state for unknown package: com.facebook.appmanager
04-28 14:57:21.705  2443  2850 E JobScheduler.Background: Couldn't determine stopped state for unknown package: com.samsung.android.tadownloader
04-28 14:57:21.860 24078 24078 I flutter : [DRIFT] anchor invalidated: offset drifted 5.2ms since anchor
04-28 14:57:21.962 24078 24078 I flutter : [ANCHOR] establish wall=1777355841940 host[fp=4990743 vf=3633860 fp_ms=113168.8 vf_ms=82400.5 fpVfDiff_ms=30768.3] guest[fp=3680894 vf=3647571 fp_ms=83467.0 vf_ms=82711.4 fpVfDiff_ms=7
55.6] outLat[host=24.5 guest=8.8 delta=-14.8] targetGuestVf=3648478 initialCorrection=312
04-28 14:57:22.933  2443  2850 E JobScheduler.Background: Couldn't determine stopped state for unknown package: com.samsung.android.sm.policy
04-28 14:57:22.933  2443  2850 E JobScheduler.Background: Couldn't determine stopped state for unknown package: com.facebook.appmanager
04-28 14:57:22.933  2443  2850 E JobScheduler.Background: Couldn't determine stopped state for unknown package: com.facebook.appmanager
04-28 14:57:22.933  2443  2850 E JobScheduler.Background: Couldn't determine stopped state for unknown package: com.facebook.appmanager
04-28 14:57:22.933  2443  2850 E JobScheduler.Background: Couldn't determine stopped state for unknown package: com.facebook.appmanager
04-28 14:57:22.933  2443  2850 E JobScheduler.Background: Couldn't determine stopped state for unknown package: com.facebook.appmanager
04-28 14:57:22.934  2443  2850 E JobScheduler.Background: Couldn't determine stopped state for unknown package: com.samsung.android.tadownloader
04-28 14:57:26.412  2443  2850 E JobScheduler.Background: Couldn't determine stopped state for unknown package: com.samsung.android.sm.policy
04-28 14:57:26.412  2443  2850 E JobScheduler.Background: Couldn't determine stopped state for unknown package: com.facebook.appmanager
04-28 14:57:26.412  2443  2850 E JobScheduler.Background: Couldn't determine stopped state for unknown package: com.facebook.appmanager
04-28 14:57:26.412  2443  2850 E JobScheduler.Background: Couldn't determine stopped state for unknown package: com.facebook.appmanager
04-28 14:57:26.413  2443  2850 E JobScheduler.Background: Couldn't determine stopped state for unknown package: com.facebook.appmanager
04-28 14:57:26.413  2443  2850 E JobScheduler.Background: Couldn't determine stopped state for unknown package: com.facebook.appmanager
04-28 14:57:26.413  2443  2850 E JobScheduler.Background: Couldn't determine stopped state for unknown package: com.samsung.android.tadownloader
04-28 14:57:29.060 24078 24078 I flutter : [FALLBACK] align: drift=33.0ms, seekTo=3960478
04-28 14:57:32.660 24078 24078 I flutter : [FALLBACK] align: drift=-31.6ms, seekTo=4121113
04-28 14:57:33.655  2443  4658 I CAE     : notifyCmdProcessResultObserver(ContextProvider.java:627) - CheckResult = 0, Cause = Success
04-28 14:57:33.760 24078 24078 I flutter : [DRIFT] anchor invalidated: offset drifted -7.8ms since anchor
04-28 14:57:33.861 24078 24078 I flutter : [ANCHOR] establish wall=1777355853860 host[fp=5519943 vf=4163012 fp_ms=125168.8 vf_ms=94399.4 fpVfDiff_ms=30769.4] guest[fp=4206566 vf=4173913 fp_ms=95387.0 vf_ms=94646.6 fpVfDiff_ms=7
40.4] outLat[host=24.4 guest=7.8 delta=-15.2] targetGuestVf=4173739 initialCorrection=-411
04-28 14:57:33.916  2443  5757 I CAE     : notifyCmdProcessResultObserver(ContextProvider.java:627) - CheckResult = 0, Cause = Success
04-28 14:57:36.935  2443  2850 E JobScheduler.Background: Couldn't determine stopped state for unknown package: com.samsung.android.sm.policy
04-28 14:57:36.935  2443  2850 E JobScheduler.Background: Couldn't determine stopped state for unknown package: com.facebook.appmanager
04-28 14:57:36.936  2443  2850 E JobScheduler.Background: Couldn't determine stopped state for unknown package: com.facebook.appmanager
04-28 14:57:36.936  2443  2850 E JobScheduler.Background: Couldn't determine stopped state for unknown package: com.facebook.appmanager
04-28 14:57:36.936  2443  2850 E JobScheduler.Background: Couldn't determine stopped state for unknown package: com.facebook.appmanager
04-28 14:57:36.936  2443  2850 E JobScheduler.Background: Couldn't determine stopped state for unknown package: com.facebook.appmanager
04-28 14:57:36.936  2443  2850 E JobScheduler.Background: Couldn't determine stopped state for unknown package: com.samsung.android.tadownloader
04-28 14:57:36.988  2443  2545 I ActivityManager: ProcessObserver broadcast disabled
04-28 14:57:37.043  2443  2545 I ActivityManager: ProcessObserver broadcast disabled
04-28 14:57:37.075  2443  2545 I ActivityManager: ProcessObserver broadcast disabled
04-28 14:57:37.354  6855  6855 W JobInfo : Job 'com.samsung.android.app.routines/.domainmodel.metadata.impl.MetadataLoaderJobService#4096' has a deadline with no functional constraints. The deadline won't improve job execution 
latency. Consider removing the deadline.
04-28 14:57:37.359  2443  2472 W JobInfo : Job 'com.samsung.android.app.routines/.domainmodel.metadata.impl.MetadataLoaderJobService#4096' has a deadline with no functional constraints. The deadline won't improve job execution 
latency. Consider removing the deadline.
04-28 14:57:37.378  2443  4659 D PackageManager: setEnabledSetting : userId = 0 packageName = com.samsung.android.sm.devicesecurity cmp = androidx.work.impl.background.systemjob.SystemJobService newState = 1 callingPackage = co
m.samsung.android.sm.devicesecurity
04-28 14:57:37.388  6855  6855 I Routine@Core[4.9.04.13]: MetadataLoaderJobService: onCreate
04-28 14:57:37.484  2443  2545 I ActivityManager: ProcessObserver broadcast disabled
04-28 14:57:37.545  2443  2545 I ActivityManager: ProcessObserver broadcast disabled
04-28 14:57:37.564  2443  5928 W system_server: Long monitor contention with owner appscheduling.default (2850) at void com.android.server.job.controllers.QuotaController$QcHandler.handleMessage(android.os.Message)(qb/106571594
 c4c4375f2809767d35c3924eb0560cb9c53861c2af8e84225184923cb2856e18:1200) waiters=0 in java.util.List com.android.server.job.JobSchedulerService.-$$Nest$mgetPendingJobsInNamespace(com.android.server.job.JobSchedulerService, int, 
java.lang.String) for 170ms
04-28 14:57:37.601  6855  6855 I Routine@Core[4.9.04.13]: MetadataLoaderJobService: onStartJob: collectPackageInBG - com.google.android.apps.maps
04-28 14:57:37.602  6855  6855 I Routine@Core[4.9.04.13]: MetadataLoaderJobService: packageName : com.google.android.apps.maps, forced : true
04-28 14:57:37.664 24078 24078 I flutter : [CORRECTIVE-SEEK] drift=159.2ms vfDiff=159.2ms gain=0.2 correction=-1404frames cooldown=3000ms
04-28 14:57:37.696 27461 27461 I WatchSettings_Water*: SettingsCompanion > notifySettingsValueChangedToObserver() : /wcs_extension/sysui/notification/switch/app_settings
04-28 14:57:37.752  2443  2850 E JobScheduler.Background: Couldn't determine stopped state for unknown package: com.samsung.android.sm.policy
04-28 14:57:37.753  2443  2850 E JobScheduler.Background: Couldn't determine stopped state for unknown package: com.facebook.appmanager
04-28 14:57:37.753  2443  2850 E JobScheduler.Background: Couldn't determine stopped state for unknown package: com.facebook.appmanager
04-28 14:57:37.753  2443  2850 E JobScheduler.Background: Couldn't determine stopped state for unknown package: com.facebook.appmanager
04-28 14:57:37.753  2443  2850 E JobScheduler.Background: Couldn't determine stopped state for unknown package: com.facebook.appmanager
04-28 14:57:37.753  2443  2850 E JobScheduler.Background: Couldn't determine stopped state for unknown package: com.facebook.appmanager
04-28 14:57:37.754  2443  2850 E JobScheduler.Background: Couldn't determine stopped state for unknown package: com.samsung.android.tadownloader
04-28 14:57:37.871  9855  9881 I Finsky:background: [11678] IQ: No matching installs to run for jobs: [91830]
04-28 14:57:37.906  9855  9888 I Finsky:background: [11683] SCH: no pending jobs to schedule.
04-28 14:57:37.910  9855  9877 I Finsky:background: [11674] SCH: no pending jobs to schedule.
04-28 14:57:37.924  2443  2545 I ActivityManager: ProcessObserver broadcast disabled
04-28 14:57:37.938  7023 10341 I Finsky  : [11794] SCH: Satisfied jobs for 9971 are: 10-101
04-28 14:57:37.974  2443  2545 I ActivityManager: ProcessObserver broadcast disabled
04-28 14:57:38.180 10478 10478 I SBrowserProvider: initSyncObservers
04-28 14:57:38.304  2443  2545 I ActivityManager: ProcessObserver broadcast disabled
04-28 14:57:38.590  2443  2545 I ActivityManager: ProcessObserver broadcast disabled
04-28 14:57:38.711  2443  2545 I ActivityManager: ProcessObserver broadcast disabled
04-28 14:57:38.792  2443  2545 I ActivityManager: ProcessObserver broadcast disabled
04-28 14:57:38.818  2443  2850 E JobScheduler.Background: Couldn't determine stopped state for unknown package: com.samsung.android.sm.policy
04-28 14:57:38.818  2443  2850 E JobScheduler.Background: Couldn't determine stopped state for unknown package: com.facebook.appmanager
04-28 14:57:38.818  2443  2850 E JobScheduler.Background: Couldn't determine stopped state for unknown package: com.facebook.appmanager
04-28 14:57:38.818  2443  2850 E JobScheduler.Background: Couldn't determine stopped state for unknown package: com.facebook.appmanager
04-28 14:57:38.818  2443  2850 E JobScheduler.Background: Couldn't determine stopped state for unknown package: com.facebook.appmanager
04-28 14:57:38.818  2443  2850 E JobScheduler.Background: Couldn't determine stopped state for unknown package: com.facebook.appmanager
04-28 14:57:38.819  2443  2850 E JobScheduler.Background: Couldn't determine stopped state for unknown package: com.samsung.android.tadownloader
04-28 14:57:38.822  2443  2850 I JobScheduler: maybeQueueReadyJobsForExecutionLocked: [BatchNetworkJob] 3 batched network jobs meet requirement for 522
04-28 14:57:38.899  2443  2545 I ActivityManager: ProcessObserver broadcast disabled
04-28 14:57:38.998  2443  5757 W JobScheduler: Job didn't exist in JobStore: 7f13933 {androidx.work.systemjobscheduler} #u0a256/29444 @androidx.work.systemjobscheduler@com.google.android.apps.maps/androidx.work.impl.background.
systemjob.SystemJobService
04-28 14:57:39.033  2443  5758 W JobScheduler: Job didn't exist in JobStore: c0c4c7c {androidx.work.systemjobscheduler} #u0a256/29455 @androidx.work.systemjobscheduler@com.google.android.apps.maps/androidx.work.impl.background.
systemjob.SystemJobService
04-28 14:57:39.048  2443  2545 I ActivityManager: ProcessObserver broadcast disabled
04-28 14:57:39.057  2443  4658 W JobScheduler: Job didn't exist in JobStore: a475347 {androidx.work.systemjobscheduler} #u0a256/29456 @androidx.work.systemjobscheduler@com.google.android.apps.maps/androidx.work.impl.background.
systemjob.SystemJobService
04-28 14:57:39.079  2443  5428 W JobScheduler: Job didn't exist in JobStore: d1bdce3 {androidx.work.systemjobscheduler} #u0a256/29457 @androidx.work.systemjobscheduler@com.google.android.apps.maps/androidx.work.impl.background.
systemjob.SystemJobService
04-28 14:57:39.083  2443  5428 W JobScheduler: Job didn't exist in JobStore: cbc66e0 {androidx.work.systemjobscheduler} #u0a256/29458 @androidx.work.systemjobscheduler@com.google.android.apps.maps/androidx.work.impl.background.
systemjob.SystemJobService
04-28 14:57:39.090  2443  5428 W JobScheduler: Job didn't exist in JobStore: ac2fde6 {androidx.work.systemjobscheduler} #u0a256/29459 @androidx.work.systemjobscheduler@com.google.android.apps.maps/androidx.work.impl.background.
systemjob.SystemJobService
04-28 14:57:39.097  2443  2545 I ActivityManager: ProcessObserver broadcast disabled
04-28 14:57:39.164  6855  9632 I Routine@Core[4.9.04.13]: ModeOrderObserver: ModeOrderObserver:onChange: uri content://com.samsung.android.app.routines.routineprovider/preference
04-28 14:57:39.200  6855  6855 I Routine@Core[4.9.04.13]: MetadataLoaderJobService: metadataLoadingCompleted: collectPackageInBG - com.google.android.apps.maps
04-28 14:57:39.220  6855  7331 I Routine@Core[4.9.04.13]: COORD/ConditionStateHandlerCallbackImpl: unregisterConditionObserver: conditionId=manual_execute(id=1, uuid=282327, routineId=1), targetUri=content://com.samsung.android
.app.routines.provider.routines.v3/manual_execute
04-28 14:57:39.221  6855  7331 I Routine@Core[4.9.04.13]: COORD/ConditionStateHandlerCallbackImpl: registerConditionObserver: conditionId=manual_execute(id=1, uuid=282327, routineId=1), targetUri=content://com.samsung.android.a
pp.routines.provider.routines.v3/manual_execute
04-28 14:57:39.223  2443  5777 D SEP_UNION_SemDeviceInfoManagerService: Creating new UnionContentObserver for the uri:content://com.samsung.android.app.routines.provider.routines.v3/manual_execute 
04-28 14:57:39.242  6855  7331 I Routine@Core[4.9.04.13]: COORD/ConditionStateHandlerCallbackImpl: unregisterConditionObserver: conditionId=manual_execute(id=2, uuid=906641, routineId=2), targetUri=content://com.samsung.android
.app.routines.provider.routines.v3/manual_execute
04-28 14:57:39.243  6855  7331 I Routine@Core[4.9.04.13]: COORD/ConditionStateHandlerCallbackImpl: registerConditionObserver: conditionId=manual_execute(id=2, uuid=906641, routineId=2), targetUri=content://com.samsung.android.a
pp.routines.provider.routines.v3/manual_execute
04-28 14:57:39.249  2443  4658 D SEP_UNION_SemDeviceInfoManagerService: Creating new UnionContentObserver for the uri:content://com.samsung.android.app.routines.provider.routines.v3/manual_execute 
04-28 14:57:39.249  6855  6855 I Routine@Core[4.9.04.13]: MetadataLoaderJobService: onDestroy
04-28 14:57:39.412  2443  2972 W JobScheduler: Job didn't exist in JobStore: 9053f8e {androidx.work.systemjobscheduler} #u0a256/29455 @androidx.work.systemjobscheduler@com.google.android.apps.maps/androidx.work.impl.background.
systemjob.SystemJobService
04-28 14:57:39.438  2443  2972 W JobScheduler: Job didn't exist in JobStore: 130c943 {androidx.work.systemjobscheduler} #u0a256/29457 @androidx.work.systemjobscheduler@com.google.android.apps.maps/androidx.work.impl.background.
systemjob.SystemJobService
04-28 14:57:39.486  2443  3255 W JobScheduler: Job didn't exist in JobStore: 57f6d48 {androidx.work.systemjobscheduler} #u0a256/29444 @androidx.work.systemjobscheduler@com.google.android.apps.maps/androidx.work.impl.background.
systemjob.SystemJobService
04-28 14:57:39.518  2443  2972 W JobScheduler: Job didn't exist in JobStore: 2419710 {androidx.work.systemjobscheduler} #u0a256/29444 @androidx.work.systemjobscheduler@com.google.android.apps.maps/androidx.work.impl.background.
systemjob.SystemJobService
04-28 14:57:39.522  2443  2850 E JobScheduler.Background: Couldn't determine stopped state for unknown package: com.samsung.android.sm.policy
04-28 14:57:39.522  2443  2850 E JobScheduler.Background: Couldn't determine stopped state for unknown package: com.facebook.appmanager
04-28 14:57:39.522  2443  2850 E JobScheduler.Background: Couldn't determine stopped state for unknown package: com.facebook.appmanager
04-28 14:57:39.522  2443  2850 E JobScheduler.Background: Couldn't determine stopped state for unknown package: com.facebook.appmanager
04-28 14:57:39.522  2443  2850 E JobScheduler.Background: Couldn't determine stopped state for unknown package: com.facebook.appmanager
04-28 14:57:39.522  2443  2850 E JobScheduler.Background: Couldn't determine stopped state for unknown package: com.facebook.appmanager
04-28 14:57:39.523  2443  2850 E JobScheduler.Background: Couldn't determine stopped state for unknown package: com.samsung.android.tadownloader
04-28 14:57:39.614  2443  3363 W JobScheduler: Job didn't exist in JobStore: e30c631 {androidx.work.systemjobscheduler} #u0a256/29459 @androidx.work.systemjobscheduler@com.google.android.apps.maps/androidx.work.impl.background.
systemjob.SystemJobService
04-28 14:57:39.650  6028  6028 D BoundBrokerSvc: onBind: Intent { act=com.google.android.mobstore.service.START xflg=0x4 pkg=com.google.android.gms }
04-28 14:57:39.650  6028  6028 D BoundBrokerSvc: Loading bound service for intent: Intent { act=com.google.android.mobstore.service.START xflg=0x4 pkg=com.google.android.gms }
04-28 14:57:39.660  2443  5758 W JobScheduler: Job didn't exist in JobStore: a5c98d7 {androidx.work.systemjobscheduler} #u0a256/29462 @androidx.work.systemjobscheduler@com.google.android.apps.maps/androidx.work.impl.background.
systemjob.SystemJobService
04-28 14:57:39.761  2443  2972 W JobScheduler: Job didn't exist in JobStore: 663e8b4 {androidx.work.systemjobscheduler} #u0a256/29465 @androidx.work.systemjobscheduler@com.google.android.apps.maps/androidx.work.impl.background.
systemjob.SystemJobService
04-28 14:57:39.999 10598 10806 D WM-PackageManagerHelper: Skipping component enablement for androidx.work.impl.background.systemjob.SystemJobService
04-28 14:57:39.999 10598 10806 D WM-Schedulers: Created SystemJobScheduler and enabled SystemJobService
04-28 14:57:40.069 10598 10827 D WM-SystemJobScheduler: Scheduling work ID d748ad06-1b5e-4d28-a7b7-7b4ff670db33Job ID 47219
04-28 14:57:40.101  6855  9632 I Routine@Core[4.9.04.13]: ModeMetaObserver: ModeMetaObserver:onChange: uri content://com.samsung.android.app.routines.routineprovider/action_instance/id/4
04-28 14:57:40.102  6855  6872 E Routine@Core[4.9.04.13]: AiSearch@SearchRoutineDataObserver: updateAction: failed to parse. actionId=id
04-28 14:57:40.105  6855  6872 E Routine@Core[4.9.04.13]: AiSearch@SearchRoutineDataObserver: updateAction: failed to parse. actionId=id
04-28 14:57:40.109  6855  6872 E Routine@Core[4.9.04.13]: AiSearch@SearchRoutineDataObserver: updateAction: failed to parse. actionId=id
04-28 14:57:40.109  6855  6880 E Routine@Core[4.9.04.13]: AiSearch@SearchRoutineDataObserver: updateAction: failed to parse. actionId=id
04-28 14:57:40.110 10598 10598 D WM-SystemJobService: onStartJob for WorkGenerationalId(workSpecId=d748ad06-1b5e-4d28-a7b7-7b4ff670db33, generation=0)
04-28 14:57:40.131 10598 10598 D WM-SystemJobService: d748ad06-1b5e-4d28-a7b7-7b4ff670db33 executed on JobScheduler
04-28 14:57:40.148 10598 10813 D WM-SystemJobScheduler: Scheduling work ID d748ad06-1b5e-4d28-a7b7-7b4ff670db33Job ID 47220
04-28 14:57:40.148  6855  9632 I Routine@Core[4.9.04.13]: ModeMetaObserver: ModeMetaObserver:onChange: uri content://com.samsung.android.app.routines.routineprovider/action_instance/id/5
04-28 14:57:40.181  6855  9632 I Routine@Core[4.9.04.13]: ModeMetaObserver: ModeMetaObserver:onChange: uri content://com.samsung.android.app.routines.routineprovider/action_instance/id/6
04-28 14:57:40.196  6855  6872 I Routine@Core[4.9.04.13]: ModeMetaObserver: ModeMetaObserver:onChange: uri content://com.samsung.android.app.routines.routineprovider/action_instance/id/7
04-28 14:57:40.231  6855  9632 I Routine@Core[4.9.04.13]: ModeMetaObserver: ModeMetaObserver:onChange: uri content://com.samsung.android.app.routines.routineprovider/action_instance/id/8
04-28 14:57:40.231  6855  6872 E Routine@Core[4.9.04.13]: AiSearch@SearchRoutineDataObserver: updateAction: failed to parse. actionId=id
04-28 14:57:40.240  6855  6872 E Routine@Core[4.9.04.13]: AiSearch@SearchRoutineDataObserver: updateAction: failed to parse. actionId=id
04-28 14:57:40.244  6855  6872 E Routine@Core[4.9.04.13]: AiSearch@SearchRoutineDataObserver: updateAction: failed to parse. actionId=id
04-28 14:57:40.244  6855  6872 E Routine@Core[4.9.04.13]: AiSearch@SearchRoutineDataObserver: updateAction: failed to parse. actionId=id
04-28 14:57:40.247  6855  9632 I Routine@Core[4.9.04.13]: ModeMetaObserver: ModeMetaObserver:onChange: uri content://com.samsung.android.app.routines.routineprovider/action_instance/id/9
04-28 14:57:40.271  6855  9632 I Routine@Core[4.9.04.13]: ModeMetaObserver: ModeMetaObserver:onChange: uri content://com.samsung.android.app.routines.routineprovider/action_instance/id/10
04-28 14:57:40.280  6855  9632 I Routine@Core[4.9.04.13]: ModeMetaObserver: ModeMetaObserver:onChange: uri content://com.samsung.android.app.routines.routineprovider/action_instance/id/11
04-28 14:57:40.560 24078 24078 I flutter : [CORRECTIVE-SEEK] drift=-136.5ms vfDiff=-136.5ms gain=0.2 correction=1204frames cooldown=3000ms
04-28 14:57:41.149  6855  7403 I Routine@Core[4.9.04.13]: WEAR/ModeManagerImpl: startModeObserver : ALL_MODES
04-28 14:57:41.150  6855  6855 I Routine@Core[4.9.04.13]: LifestyleModeTileHelper: observeModeInfo.onChange: selfChange=false, uri=content://com.samsung.android.app.routines.modeinfoprovider/mode_meta/actions/100
04-28 14:57:41.150  6855  7403 I Routine@Core[4.9.04.13]: WEAR/ModeManagerImpl: startModeObserver : ALL_MODES
04-28 14:57:41.154  6855  6855 I Routine@Core[4.9.04.13]: LifestyleModeTileHelper: observeModeInfo.onChange: selfChange=false, uri=content://com.samsung.android.app.routines.modeinfoprovider/mode_meta/actions/105
04-28 14:57:41.423  2443  2545 I ActivityManager: ProcessObserver broadcast disabled
04-28 14:57:43.560 24078 24078 I flutter : [CORRECTIVE-SEEK] drift=-145.2ms vfDiff=-145.2ms gain=0.2 correction=1280frames cooldown=3000ms
04-28 14:57:43.815  2443  2545 I ActivityManager: ProcessObserver broadcast disabled
04-28 14:57:44.055  2443  2545 I ActivityManager: ProcessObserver broadcast disabled
04-28 14:57:46.666 24078 24078 I flutter : [CORRECTIVE-SEEK] drift=-129.5ms vfDiff=-93.7ms gain=0.2 correction=1142frames cooldown=3000ms
04-28 14:57:47.405  2443  2545 I ActivityManager: ProcessObserver broadcast disabled
04-28 14:57:48.800  2443  2850 E JobScheduler.Background: Couldn't determine stopped state for unknown package: com.samsung.android.sm.policy
04-28 14:57:48.800  2443  2850 E JobScheduler.Background: Couldn't determine stopped state for unknown package: com.facebook.appmanager
04-28 14:57:48.800  2443  2850 E JobScheduler.Background: Couldn't determine stopped state for unknown package: com.facebook.appmanager
04-28 14:57:48.800  2443  2850 E JobScheduler.Background: Couldn't determine stopped state for unknown package: com.facebook.appmanager
04-28 14:57:48.800  2443  2850 E JobScheduler.Background: Couldn't determine stopped state for unknown package: com.facebook.appmanager
04-28 14:57:48.800  2443  2850 E JobScheduler.Background: Couldn't determine stopped state for unknown package: com.facebook.appmanager
04-28 14:57:48.801  2443  2850 E JobScheduler.Background: Couldn't determine stopped state for unknown package: com.samsung.android.tadownloader
04-28 14:57:48.948  2443  2850 E JobScheduler.Background: Couldn't determine stopped state for unknown package: com.samsung.android.sm.policy
04-28 14:57:48.949  2443  2850 E JobScheduler.Background: Couldn't determine stopped state for unknown package: com.facebook.appmanager
04-28 14:57:48.950  2443  2850 E JobScheduler.Background: Couldn't determine stopped state for unknown package: com.facebook.appmanager
04-28 14:57:48.950  2443  2850 E JobScheduler.Background: Couldn't determine stopped state for unknown package: com.facebook.appmanager
04-28 14:57:48.951  2443  2850 E JobScheduler.Background: Couldn't determine stopped state for unknown package: com.facebook.appmanager
04-28 14:57:48.951  2443  2850 E JobScheduler.Background: Couldn't determine stopped state for unknown package: com.facebook.appmanager
04-28 14:57:48.954  2443  2850 E JobScheduler.Background: Couldn't determine stopped state for unknown package: com.samsung.android.tadownloader
04-28 14:57:49.763 24078 24078 I flutter : [CORRECTIVE-SEEK] drift=-127.7ms vfDiff=-47.1ms gain=0.2 correction=1126frames cooldown=3000ms
