04-28 15:01:46.229 24078 24078 I flutter : [LIFECYCLE-GUEST] received host-paused
04-28 15:01:47.028 14179 14231 W fb4a.ServiceInfoParser: X.4W3: Service com.facebook.browser.lite.BrowserLiteInMainProcessIntentService is missing meta key com.facebook.common.jobscheduler.compat.jobIds
04-28 15:01:47.028 14179 14231 W fb4a.ServiceInfoParser: X.4W3: Service com.facebook.businessintegrity.cloakingdetection.service.CloakingDetectionService is missing meta key com.facebook.common.jobscheduler.compat.jobIds
04-28 15:01:47.028 14179 14231 W fb4a.ServiceInfoParser: X.4W3: Service com.facebook.contacts.service.ContactLocaleChangeService is missing meta key com.facebook.common.jobscheduler.compat.jobIds
04-28 15:01:47.028 14179 14231 W fb4a.ServiceInfoParser: X.4W3: Service com.facebook.analytics2.fabric.onefabric.FFAlarmUploadJobService is missing meta key com.facebook.common.jobscheduler.compat.jobIds
04-28 15:01:47.028 14179 14231 W fb4a.ServiceInfoParser: X.4W3: Service com.facebook.falco.jobscheduler.FFJobService is missing meta key com.facebook.common.jobscheduler.compat.jobIds
04-28 15:01:47.029 14179 14231 W fb4a.ServiceInfoParser: X.4W3: Service com.facebook.registration.notification.RegistrationNotificationService is missing meta key com.facebook.common.jobscheduler.compat.jobIds
04-28 15:01:47.029 14179 14231 W fb4a.ServiceInfoParser: X.4W3: Service com.facebook.notifications.appwidget.bugreporter.NotificationsWidgetDebugHelper is missing meta key com.facebook.common.jobscheduler.compat.jobIds
04-28 15:01:47.029 14179 14231 W fb4a.ServiceInfoParser: X.4W3: Service com.facebook.account.login.notification.LoginNotificationService is missing meta key com.facebook.common.jobscheduler.compat.jobIds
04-28 15:01:47.029 14179 14231 W fb4a.ServiceInfoParser: X.4W3: Service com.facebook.battery.monitor.ContinuousBatteryMonitorService is missing meta key com.facebook.common.jobscheduler.compat.jobIds
04-28 15:01:47.029 14179 14231 W fb4a.ServiceInfoParser: X.4W3: Service com.facebook.googleplay.GooglePlayInstallRefererService is missing meta key com.facebook.common.jobscheduler.compat.jobIds
04-28 15:01:47.030 14179 14231 W fb4a.ServiceInfoParser: X.4W3: Service com.facebook.glc.GLCService is missing meta key com.facebook.common.jobscheduler.compat.jobIds
04-28 15:01:47.030 14179 14231 W fb4a.ServiceInfoParser: X.4W3: Service com.facebook.papaya.fb.client.services.FBPapayaJobService is missing meta key com.facebook.common.jobscheduler.compat.jobIds
04-28 15:01:47.030 14179 14231 W fb4a.ServiceInfoParser: X.4W3: Service com.google.android.datatransport.runtime.scheduling.jobscheduling.JobInfoSchedulerService is missing meta key com.facebook.common.jobscheduler.compat.jobId
s
04-28 15:01:47.030 14179 14231 W fb4a.ServiceInfoParser: X.4W3: Service com.facebook.push.fcm.FcmRegistrarFbJobIntentService is missing meta key com.facebook.common.jobscheduler.compat.jobIds
04-28 15:01:47.031 14179 14231 W fb4a.ServiceInfoParser: X.4W3: Service com.facebook.push.fbpushdata.common.FbPushDataHandlerService is missing meta key com.facebook.common.jobscheduler.compat.jobIds
04-28 15:01:47.031 14179 14231 W fb4a.ServiceInfoParser: X.4W3: Service com.facebook.conditionalworker.ConditionalWorkerService is missing meta key com.facebook.common.jobscheduler.compat.jobIds
04-28 15:01:47.031 14179 14231 W fb4a.ServiceInfoParser: X.4W3: Service com.facebook.compost.service.CompostNotificationService is missing meta key com.facebook.common.jobscheduler.compat.jobIds
04-28 15:01:47.031 14179 14231 W fb4a.ServiceInfoParser: X.4W3: Service com.facebook.messaging.notify.client.MessagesNotificationService is missing meta key com.facebook.common.jobscheduler.compat.jobIds
04-28 15:01:47.032 14179 14231 W fb4a.ServiceInfoParser: X.4W3: Service com.facebook.confirmation.notification.ConfirmationNotificationService is missing meta key com.facebook.common.jobscheduler.compat.jobIds
04-28 15:01:47.032 14179 14231 W fb4a.ServiceInfoParser: X.4W3: Service com.facebook.voltron.download.scheduledinstaller.OxygenScheduledInstallerJobService is missing meta key com.facebook.common.jobscheduler.compat.jobIds
04-28 15:01:47.032 14179 14231 W fb4a.ServiceInfoParser: X.4W3: Service com.facebook.messaging.prefs.notifications.NotificationPrefsSyncService is missing meta key com.facebook.common.jobscheduler.compat.jobIds
04-28 15:01:47.032 14179 14231 W fb4a.ServiceInfoParser: X.4W3: Service com.facebook.push.adm.ADMService is missing meta key com.facebook.common.jobscheduler.compat.jobIds
04-28 15:01:47.032 14179 14231 W fb4a.ServiceInfoParser: X.4W3: Service com.facebook.push.adm.ADMBroadcastReceiverJobBase is missing meta key com.facebook.common.jobscheduler.compat.jobIds
04-28 15:01:47.032 14179 14231 W fb4a.ServiceInfoParser: X.4W3: Service com.facebook.push.adm.ADMJobIntentService is missing meta key com.facebook.common.jobscheduler.compat.jobIds
04-28 15:01:47.032 14179 14231 W fb4a.ServiceInfoParser: X.4W3: Service com.facebook.push.negativefeedback.PushNegativeFeedbackFbJobIntentService is missing meta key com.facebook.common.jobscheduler.compat.jobIds
04-28 15:01:47.032 14179 14231 W fb4a.ServiceInfoParser: X.4W3: Service com.facebook.push.registration.RegistrarHelperService is missing meta key com.facebook.common.jobscheduler.compat.jobIds
04-28 15:01:47.033 14179 14231 W fb4a.ServiceInfoParser: X.4W3: Service com.facebook.feed.platformads.AppInstallService is missing meta key com.facebook.common.jobscheduler.compat.jobIds
04-28 15:01:47.033 14179 14231 W fb4a.ServiceInfoParser: X.4W3: Service com.google.android.gms.analytics.AnalyticsJobService is missing meta key com.facebook.common.jobscheduler.compat.jobIds
04-28 15:01:47.033 14179 14231 W fb4a.ServiceInfoParser: X.4W3: Service com.facebook.oxygen.preloads.sdk.firstparty.managedappcache.IsManagedAppCacheJobService is missing meta key com.facebook.common.jobscheduler.compat.jobIds
04-28 15:01:47.033 14179 14231 W fb4a.ServiceInfoParser: X.4W3: Service com.facebook.videolite.api.VideoUploadJobService is missing meta key com.facebook.common.jobscheduler.compat.jobIds
04-28 15:01:47.033 14179 14231 W fb4a.ServiceInfoParser: X.4W3: Service com.facebook.videolite.api.jobscheduler.UploadJobSchedulerService is missing meta key com.facebook.common.jobscheduler.compat.jobIds
04-28 15:01:47.033 14179 14231 W fb4a.ServiceInfoParser: X.4W3: Service androidx.work.impl.background.systemjob.SystemJobService is missing meta key com.facebook.common.jobscheduler.compat.jobIds
04-28 15:01:47.033 14179 14231 W fb4a.ServiceInfoParser: X.4W3: Service com.facebook.push.mqtt.service.MqttPushHelperService is missing meta key com.facebook.common.jobscheduler.compat.jobIds
04-28 15:01:47.034 14179 14231 W fb4a.ServiceInfoParser: X.4W3: Service com.facebook.reportaproblem.base.bugreport.BugReportUploadService is missing meta key com.facebook.common.jobscheduler.compat.jobIds
04-28 15:01:47.034 14179 14231 W fb4a.ServiceInfoParser: X.4W3: Service com.facebook.appcomponentmanager.AppComponentManagerService is missing meta key com.facebook.common.jobscheduler.compat.jobIds
04-28 15:01:47.034 14179 14231 W fb4a.ServiceInfoParser: X.4W3: Service com.facebook.fbservice.service.BlueServiceJobIntentService is missing meta key com.facebook.common.jobscheduler.compat.jobIds
04-28 15:01:47.034 14179 14231 W fb4a.ServiceInfoParser: X.4W3: Service com.facebook.delayedworker.DelayedWorkerService is missing meta key com.facebook.common.jobscheduler.compat.jobIds
04-28 15:01:47.034 14179 14231 W fb4a.ServiceInfoParser: X.4W3: Service com.facebook.analytics2.logger.service.LollipopUploadSafeService is missing meta key com.facebook.common.jobscheduler.compat.jobIds
04-28 15:01:47.034 14179 14231 W fb4a.ServiceInfoParser: X.4W3: Service com.facebook.analytics2.logger.legacy.uploader.LollipopUploadService is missing meta key com.facebook.common.jobscheduler.compat.jobIds
04-28 15:01:47.034 14179 14231 W fb4a.ServiceInfoParser: X.4W3: Service com.facebook.analytics2.logger.legacy.uploader.Analytics2UploadService is missing meta key com.facebook.common.jobscheduler.compat.jobIds
04-28 15:01:47.152 24078 24078 I flutter : [LIFECYCLE-GUEST] received host-resumed
04-28 15:01:47.253  2443  2545 I ActivityManager: ProcessObserver broadcast disabled
04-28 15:01:47.404  2443  2545 I ActivityManager: ProcessObserver broadcast disabled
04-28 15:01:50.765  3175  3175 D BrightnessControllerObserver: BrightnessObserver.onChange() : auto_brightness_transition_time
04-28 15:01:50.765  3175  3175 D BrightnessControllerObserver: BrightnessObserver.onChange() : auto_brightness_transition_time
04-28 15:01:52.789 24078 24078 I flutter : [LIFECYCLE-GUEST] received host-paused
04-28 15:01:53.183 24078 24078 I flutter : [LIFECYCLE-GUEST] received host-resumed
04-28 15:01:55.102  3175  3175 D BrightnessControllerObserver: BrightnessObserver.onChange() : auto_brightness_transition_time
04-28 15:01:55.103  3175  3175 D BrightnessControllerObserver: BrightnessObserver.onChange() : auto_brightness_transition_time
04-28 15:01:56.529 24078 24078 I flutter : [DOWNLOAD-GUEST] 11.45MB in 2467ms (TTFB=93ms, transfer=2373ms, 4.82 MB/s)
04-28 15:01:56.991 24078 24078 I flutter : [DECODE-GUEST] loadFile took 460ms
04-28 15:01:56.992 24078 24078 I flutter : [GUEST] loadFile done, urlHostPlaying=false, currentHostPlaying=false, audioReady=true
04-28 15:01:58.144 24078 24078 I flutter : [OBS-FIRST] fp=-1 vf=0 sr=44100 fp_ms=-0.0 vf_ms=0.0 fpVfDiff_ms=-0.0 hostOutLat=0.0 hostTimeMs=1777356119917 playing=true
04-28 15:01:58.144 24078 24078 I flutter : [GUEST] obs→startPlayback (first obs fallback)
04-28 15:01:58.144 24078 24078 I flutter : [GUEST] _startGuestPlayback: calling engine.start()
04-28 15:01:58.311 24078 24078 I flutter : [GUEST] _startGuestPlayback: engine.start() → true
04-28 15:01:58.312 24078 24078 I flutter : [HOST-STATE-SYNC] recv playing=true vf=0 wall=1777356119992
04-28 15:01:58.312 24078 24078 I flutter : [HOST-STATE-SYNC] forced seekTo=7673 (vfDiff=-174.0ms)
04-28 15:01:58.314 24078 24078 I flutter : [FALLBACK] align: drift=-249.9ms, seekTo=11019
04-28 15:01:58.473  3175  3175 I {OngoingActivityDataHelper}: notifyUpdateItemNowbarObservers NowBarItem{notiID=0|com.android.systemui|12030705|null|10038, nowBarKey=', nowBarPackage='sync_test_beep_5min.mp3, nowBarViewStyle=-1
, userId=0, pendingIntent=PendingIntent{f931956: android.os.BinderProxy@c896741}, pendingIntentOnSubScreen=null, chipIcon=Icon(typ=RESOURCE pkg=com.synchorus.synchorus id=0x7f0a0000), expandedChipView=null, chipBackground=-1675
7905, actions=null, actionBgColors=null, primaryActionNum=-1, cardIcon=Icon(typ=RESOURCE pkg=com.synchorus.synchorus id=0x7f0a0000), cardIconBg=-16757905, primaryInfo=', primaryInfoColor=1, secondaryInfo=', secondaryInfoColor=0
, moreInfo=', customExpandedCardView=null, cardBackground=1, faceWidgetMediaData=null, expandedChipText=sync_test_beep_5min.mp3, chronometerView=null, chronometerViewOnSubScreen=null, chronometerTag=, shouldRemoveCard=false, co
ntentViewForNormalCard=null, contentViewForExpandCardOnSubScreen=null, contentViewForNormalCard=null, contentViewForExpandCardOnSubScreen=null} size = 1
04-28 15:01:58.489  3175  3175 I NowBarCardViewModel: setNowBarState nowBarViewState = COLLAPSED aod.o5.s:71 aod.Sw0.B:16 com.samsung.android.app.facewidget.presentation.NowBarCardViewModel.o:29 com.samsung.android.app.facewidg
et.presentation.NowBarCardViewModel.h:10 com.samsung.android.app.facewidget.domain.NowBarItemManager.v:872 com.samsung.android.app.facewidget.FaceWidgetNotificationController.onNowBarItemUpdated:12 java.lang.reflect.Method.invo
ke:-2 com.android.systemui.plugins.annotations.VersionCheckingProxy.invoke:100 java.lang.reflect.Proxy.invoke:1006 $Proxy16.onNowBarItemUpdated:-1 com.android.systemui.facewidget.plugin.FaceWidgetNotificationControllerWrapper.u
pdateItem:5 com.android.systemui.statusbar.phone.ongoingactivity.OngoingActivityDataHelper.notifyUpdateItemNowbarObservers:51 com.android.systemui.statusbar.phone.ongoingactivity.OngoingActivityDataHelper.onAsyncInflationFinish
ed:316 com.android.systemui.statusbar.notification.collection.coordinator.PreparationCoordinator.onInflationFinished:97 com.android.systemui.statusbar.notification.collection.coordinator.PreparationCoordinator.$r8$lambda$WHd6n9
evoaqHX1ugvxvJ6hUAL34:1 com.android.systemui.statusbar.notification.collection.coordinator.PreparationCoordinator$$ExternalSyntheticLambda0.onInflationFinished:3 com.android.systemui.statusbar.notification.collection.NotifInfla
terImpl$1.onAsyncInflationFinished:16 com.android.systemui.statusbar.notification.collection.inflation.NotificationRowBinderImpl$$ExternalSyntheticLambda1.onBindFinished:9 com.android.systemui.statusbar.notification.row.RowCont
entBindStage$1.onAsyncInflationFinished:21 com.android.systemui.statusbar.notification.row.NotificationRowContentBinderImpl$AsyncInflationTask.onAsyncInflationFinished:797 
04-28 15:01:58.506  3175  3175 D SecSeekBarObserver: !data.seekAvailable
04-28 15:01:59.396 24078 24078 I flutter : [FALLBACK] align: drift=145.7ms, seekTo=52260
04-28 15:02:01.530 21567 21567 I [MCFDs]_BudsDeviceObserver: updateDeviceVolume - 30 to 40
04-28 15:02:01.546  3175  3175 D SecVolume.VolumePanelStore: subscribe : observer count=4, observer=com.android.systemui.volume.view.VolumeRowView{89bbbed V.E...... ......I. 0,0-0,0 #7f0a0f58 app:id/volume_row_view}
04-28 15:02:01.546  3175  3175 D SecVolume.VolumePanelStore: subscribe : observer count=5, observer=com.android.systemui.volume.view.VolumeSeekBar{3df6a22 V.ED..... ......ID 0,0-0,0 #7f0a0f59 app:id/volume_seekbar}
04-28 15:02:01.546  3175  3175 D SecVolume.VolumePanelStore: subscribe : observer count=6, observer=com.android.systemui.volume.view.icon.VPVolumeIcon{c2bcb3 V.E...... ......I. 0,0-0,0 #7f0a0f0e app:id/volume_button}
04-28 15:02:01.747 21567 21567 I [MCFDs]_BudsDeviceObserver: updateDeviceVolume - 40 to 50
04-28 15:02:01.786 21567 21567 I [MCFDs]_BudsDeviceObserver: updateDeviceVolume - 50 to 60
04-28 15:02:01.794 24078 24078 I flutter : [ANCHOR] establish wall=1777356121790 host[fp=149137 vf=150528 fp_ms=3381.8 vf_ms=3413.3 fpVfDiff_ms=-31.5] guest[fp=152982 vf=157956 fp_ms=3469.0 vf_ms=3581.8 fpVfDiff_ms=-112.8] outL
at[host=22.1 guest=8.0 delta=-14.1] targetGuestVf=158662 initialCorrection=5680
04-28 15:02:01.841 21567 21567 I [MCFDs]_BudsDeviceObserver: updateDeviceVolume - 60 to 70
04-28 15:02:01.889 21567 21567 I [MCFDs]_BudsDeviceObserver: updateDeviceVolume - 70 to 80
04-28 15:02:01.944 21567 21567 I [MCFDs]_BudsDeviceObserver: updateDeviceVolume - 80 to 90
04-28 15:02:03.425 21567 21567 I [MCFDs]_BudsDeviceObserver: updateDeviceVolume - 90 to 100
04-28 15:02:03.660  3175  3175 D BrightnessControllerObserver: BrightnessObserver.onChange() : auto_brightness_transition_time
04-28 15:02:03.661  3175  3175 D BrightnessControllerObserver: BrightnessObserver.onChange() : auto_brightness_transition_time
04-28 15:02:03.673 21567 21567 I [MCFDs]_BudsDeviceObserver: updateDeviceVolume - 100 to 110
04-28 15:02:06.870  3175  3175 D VolumeUnsubscriber: dispose() : main thread, remove observer=com.android.systemui.volume.view.VolumeSeekBar{3df6a22 V.ED..... ......ID -209,0-315,524 #7f0a0f59 app:id/volume_seekbar}
04-28 15:02:06.870  3175  3175 D VolumeUnsubscriber: dispose() : main thread, remove observer=com.android.systemui.volume.view.icon.VPVolumeIcon{c2bcb3 V.E...... .......D 0,0-105,105 #7f0a0f0e app:id/volume_button}
04-28 15:02:06.870  3175  3175 D VolumeUnsubscriber: dispose() : main thread, remove observer=com.android.systemui.volume.view.VolumeRowView{89bbbed V.E...... ......ID 0,0-197,631 #7f0a0f58 app:id/volume_row_view}
04-28 15:02:13.597 24078 24078 I flutter : [ANCHOR] establish wall=1777356133561 host[fp=654344 vf=3141995 fp_ms=14837.7 vf_ms=71247.1 fpVfDiff_ms=-56409.3] guest[fp=672128 vf=3165675 fp_ms=15241.0 vf_ms=71784.0 fpVfDiff_ms=-56
543.0] outLat[host=21.2 guest=8.8 delta=-13.6] targetGuestVf=3164028 initialCorrection=2486220
04-28 15:02:15.492 24078 24078 I flutter : [HOST-STATE-SYNC] recv playing=false vf=3234667 wall=1777356137121
04-28 15:02:15.516 24078 24078 I flutter : [HOST-STATE-SYNC] forced seekTo=3234667 (vfDiff=196.3ms)
04-28 15:02:15.813 24078 24078 I flutter : [HOST-STATE-SYNC] recv playing=true vf=3239531 wall=1777356137576
04-28 15:02:15.814 24078 24078 I flutter : [GUEST] _startGuestPlayback: calling engine.start()
04-28 15:02:15.881 24078 24078 I flutter : [GUEST] _startGuestPlayback: engine.start() → true
04-28 15:02:15.882 24078 24078 I flutter : [HOST-STATE-SYNC] forced seekTo=3246587 (vfDiff=-270.3ms)
04-28 15:02:16.133 24078 24078 I flutter : [HOST-STATE-SYNC] recv playing=false vf=3248747 wall=1777356137810
04-28 15:02:16.154 24078 24078 I flutter : [HOST-STATE-SYNC] forced seekTo=3248747 (vfDiff=157.8ms)
04-28 15:02:16.456 24078 24078 I flutter : [HOST-STATE-SYNC] recv playing=true vf=3251051 wall=1777356138251
04-28 15:02:16.457 24078 24078 I flutter : [GUEST] _startGuestPlayback: calling engine.start()
04-28 15:02:16.520 24078 24078 I flutter : [GUEST] _startGuestPlayback: engine.start() → true
04-28 15:02:16.522 24078 24078 I flutter : [HOST-STATE-SYNC] forced seekTo=3256519 (vfDiff=-176.2ms)
04-28 15:02:16.522 24078 24078 I flutter : [HOST-STATE-SYNC] recv playing=true vf=3253355 wall=1777356138290
04-28 15:02:16.522 24078 24078 I flutter : [HOST-STATE-SYNC] forced seekTo=3257148 (vfDiff=-190.5ms)
04-28 15:02:16.758 24078 24078 I flutter : [HOST-STATE-SYNC] recv playing=false vf=3265131 wall=1777356138566
04-28 15:02:17.093 24078 24078 I flutter : [HOST-STATE-SYNC] recv playing=true vf=3265387 wall=1777356138888
04-28 15:02:17.094 24078 24078 I flutter : [GUEST] _startGuestPlayback: calling engine.start()
04-28 15:02:17.149 24078 24078 I flutter : [GUEST] _startGuestPlayback: engine.start() → true
04-28 15:02:17.378 24078 24078 I flutter : [HOST-STATE-SYNC] recv playing=false vf=3277163 wall=1777356139172
04-28 15:02:17.717 24078 24078 I flutter : [HOST-STATE-SYNC] recv playing=true vf=3277675 wall=1777356139471
04-28 15:02:17.718 24078 24078 I flutter : [GUEST] _startGuestPlayback: calling engine.start()
04-28 15:02:17.766 24078 24078 I flutter : [GUEST] _startGuestPlayback: engine.start() → true
04-28 15:02:17.767 24078 24078 I flutter : [HOST-STATE-SYNC] forced seekTo=3284290 (vfDiff=-147.4ms)
04-28 15:02:17.915 24078 24078 I flutter : [HOST-STATE-SYNC] recv playing=false vf=3286891 wall=1777356139763
04-28 15:02:18.477 24078 24078 I flutter : [HOST-STATE-SYNC] recv playing=true vf=3291755 wall=1777356140286
04-28 15:02:18.478 24078 24078 I flutter : [GUEST] _startGuestPlayback: calling engine.start()
04-28 15:02:18.530 24078 24078 I flutter : [GUEST] _startGuestPlayback: engine.start() → true
04-28 15:02:18.532 24078 24078 I flutter : [HOST-STATE-SYNC] forced seekTo=3296209 (vfDiff=-117.9ms)
04-28 15:02:18.753 24078 24078 I flutter : [HOST-STATE-SYNC] recv playing=false vf=3299435 wall=1777356140521
04-28 15:02:18.773 24078 24078 I flutter : [HOST-STATE-SYNC] forced seekTo=3299435 (vfDiff=87.9ms)
04-28 15:02:19.040 24078 24078 I flutter : [HOST-STATE-SYNC] recv playing=true vf=3303531 wall=1777356140848
04-28 15:02:19.041 24078 24078 I flutter : [GUEST] _startGuestPlayback: calling engine.start()
04-28 15:02:19.090 24078 24078 I flutter : [GUEST] _startGuestPlayback: engine.start() → true
04-28 15:02:19.092 24078 24078 I flutter : [HOST-STATE-SYNC] forced seekTo=3307897 (vfDiff=-191.9ms)
04-28 15:02:23.398 24078 24078 I flutter : [ANCHOR] establish wall=1777356143375 host[fp=992086 vf=4026090 fp_ms=22496.3 vf_ms=91294.6 fpVfDiff_ms=-68798.3] guest[fp=995204 vf=4044010 fp_ms=22567.0 vf_ms=91700.9 fpVfDiff_ms=-69
133.9] outLat[host=23.1 guest=8.3 delta=-15.2] targetGuestVf=4043605 initialCorrection=3048401
04-28 15:02:27.397 24078 24078 I flutter : [ANCHOR] establish wall=1777356147367 host[fp=1167786 vf=3320500 fp_ms=26480.4 vf_ms=75294.8 fpVfDiff_ms=-48814.4] guest[fp=1171296 vf=3339380 fp_ms=26560.0 vf_ms=75722.9 fpVfDiff_ms=-
49162.9] outLat[host=25.1 guest=7.9 delta=-15.6] targetGuestVf=3338362 initialCorrection=-881335
04-28 15:02:30.647  2443  2850 I JobScheduler: maybeQueueReadyJobsForExecutionLocked: [BatchNetworkJob] 1 batched network jobs meet requirement for 522
04-28 15:02:30.683  2443  2443 W JobScheduler: Job didn't exist in JobStore: e611282 {androidx.work.systemjobscheduler} #u0a347/102106 @androidx.work.systemjobscheduler@com.facebook.katana/androidx.work.impl.background.systemjo
b.SystemJobService
04-28 15:02:38.795 24078 24078 I flutter : [DRIFT] anchor invalidated: offset drifted -5.2ms since anchor
04-28 15:02:38.897 24078 24078 I flutter : [ANCHOR] establish wall=1777356158886 host[fp=1674888 vf=3827636 fp_ms=37979.3 vf_ms=86794.5 fpVfDiff_ms=-48815.1] guest[fp=1679239 vf=3845338 fp_ms=38078.0 vf_ms=87195.9 fpVfDiff_ms=-
49117.9] outLat[host=23.2 guest=8.2 delta=-14.4] targetGuestVf=3846249 initialCorrection=-56
04-28 15:02:44.285  2443  2545 I ActivityManager: ProcessObserver broadcast disabled
04-28 15:02:44.560  2443  5777 D PackageManager: setEnabledSetting : userId = 0 packageName = com.aboutjsp.thedaybefore cmp = androidx.work.impl.background.systemjob.SystemJobService newState = 1 callingPackage = com.aboutjsp.t
hedaybefore
04-28 15:02:44.759  2443  2545 I ActivityManager: ProcessObserver broadcast disabled
04-28 15:02:44.947  2443  2545 I ActivityManager: ProcessObserver broadcast disabled
04-28 15:02:45.230  2443  5777 W JobScheduler: Job didn't exist in JobStore: 372d716 #u0a515/63587 com.aboutjsp.thedaybefore/androidx.work.impl.background.systemjob.SystemJobService
04-28 15:02:50.937  2443  2545 I ActivityManager: ProcessObserver broadcast disabled
04-28 15:02:55.500  2443  2545 I ActivityManager: ProcessObserver broadcast disabled
04-28 15:02:55.726 15008 15032 I Finsky:background: [11688] IQ: no jobs active. Skipping
04-28 15:02:55.919 15008 15032 I Finsky:background: [11688] SCH: no pending jobs to schedule.
04-28 15:02:55.927 15008 15030 I Finsky:background: [11686] SCH: no pending jobs to schedule.
04-28 15:02:55.930 15008 15037 I Finsky:background: [11693] SCH: no pending jobs to schedule.
04-28 15:02:55.953 15008 15040 I Finsky:background: [11696] IQ: Bulk scheduling created jobs
04-28 15:02:55.969 15008 15040 D WM-PackageManagerHelper: Skipping component enablement for androidx.work.impl.background.systemjob.SystemJobService
04-28 15:02:55.969 15008 15040 D WM-Schedulers: Created SystemJobScheduler and enabled SystemJobService
04-28 15:02:55.982 15008 15032 I Finsky:background: [11688] IQ: no jobs active. Skipping
04-28 15:03:04.972 14734 14779 W Finsky  : [11691] PreloadClasses: Unable to load [kotlinx.coroutines.internal.ThreadContextKt$countAll$1, kotlinx.coroutines.internal.ThreadContextKt$findOne$1, kotlinx.coroutines.internal.Threa
dContextKt$updateState$1, androidx.compose.runtime.snapshots.SnapshotKt$emptyLambda$1, androidx.compose.runtime.Recomposer$broadcastFrameClock$1, androidx.compose.runtime.Recomposer$recompositionRunner$2$unregisterApplyObserver
$1, androidx.compose.ui.platform.AndroidComposeView$keyInputModifier$1, androidx.compose.runtime.SlotTable, androidx.compose.runtime.ComposerImpl, androidx.compose.runtime.SlotReader, androidx.compose.runtime.SlotWriter, androi
dx.compose.runtime.SlotTableKt, androidx.compose.runtime.ComposableSingletons$CompositionKt$lambda-1$1, androidx.compose.runtime.ComposableSingletons$CompositionKt$lambda-2$1, androidx.compose.ui.platform.ComposableSingletons$W
rapper_androidKt$lambda-1$1, androidx.compose.ui.platform.AndroidComposeView$ViewTreeOwners, androidx.compose.ui.platform.WrappedComposition$setContent$1$1, androidx.compose.runtime.Recomposer$readObserverOf$1, androidx.compose
.runtime.Recomposer$writeObserverOf$1, androidx.compose.runtime.KeyInfo, androidx.compose.runtime.GroupInfo, androidx.compose.ui.platform.AndroidCompositionLocals_androidKt$LocalSavedStateRegistryOwner$1, androidx.compose.ui.pl
atform.AndroidCompositionLocals_androidKt$ProvideAndroidCompositionLocals$1$1, androidx.compose.runtime.saveable.SaveableStateRegistryKt$LocalSaveableStateRegistry$1, androidx.compose.material3.TypographyKt$LocalTypography$1, a
ndroidx.compose.material.ColorsKt$LocalColors$1, androidx.compose.material.ShapesKt$LocalShapes$1, androidx.compose.material.ContentAlphaKt$LocalContentAlpha$1, androidx.compose.foundation.IndicationKt$LocalIndication$1, androi
dx.compose.material.ripple.RippleThemeKt$LocalRippleTheme$1, androidx.compose.foundation.text.selection.TextSelectionColorsKt$LocalTextSelectionColors$1, androidx.compose.material.MaterialThemeKt$MaterialTheme$1, androidx.compo
se.material.TextKt$LocalTextStyle$1, androidx.compose.animation.core.InfiniteTransition$run$2, androidx.compose.animation.core.VectorConvertersKt$FloatToVector$1, androidx.compose.animation.core.VectorConvertersKt$FloatToVector
$2, androidx.compose.animation.core.VectorConvertersKt$IntToVector$2, androidx.compose.animation.core.VectorConvertersKt$DpToVector$1, androidx.compose.animation.core.VectorConvertersKt$DpToVector$2, androidx.compose.material.P
rogressIndicatorKt$CircularProgressIndicator$endAngle$2, androidx.compose.material.ProgressIndicatorKt$CircularProgressIndicator$startAngle$2, androidx.compose.foundation.ProgressSemanticsKt$progressSemantics$2, androidx.compos
e.material.MaterialThemeKt$MaterialTheme$2, androidx.compose.ui.platform.AndroidCompositionLocals_androidKt$ProvideAndroidCompositionLocals$4, androidx.compose.runtime.RememberManager, androidx.compose.foundation.IndicationKt$i
ndication$2, androidx.compose.foundation.text.selection.SelectionRegistrarKt$LocalSelectionRegistrar$1, androidx.compose.runtime.saveable.SaverKt$AutoSaver$1, androidx.compose.runtime.saveable.SaverKt$AutoSaver$2, androidx.comp
ose.runtime.snapshots.SnapshotStateList$StateListStateRecord, androidx.compose.material.ButtonKt$Button$2, androidx.compose.material.ElevationOverlayKt$LocalElevationOverlay$1, androidx.compose.material.ElevationOverlayKt$Local
AbsoluteElevation$1, androidx.compose.material.SurfaceKt$Surface$1, androidx.compose.material.TextKt$Text$4, androidx.compose.material.TextKt$ProvideTextStyle$1, androidx.compose.material.SurfaceKt$Surface$2, androidx.compose.m
aterial.ButtonKt$Button$3, androidx.compose.foundation.gestures.ScrollableStateKt$rememberScrollableState$1$1, androidx.compose.material.TextKt$Text$3, androidx.compose.material3.TextKt$Text$3, androidx.compose.foundation.layou
t.BoxWithConstraintsKt$BoxWithConstraints$1$1, androidx.compose.runtime.ComposerImpl$CompositionContextHolder, androidx.compose.runtime.ComposerImpl$CompositionContextImpl, androidx.compose.runtime.Updater$init$1, androidx.comp
ose.runtime.inte
04-28 15:03:19.105  2443  2850 E JobScheduler.Background: Couldn't determine stopped state for unknown package: com.samsung.android.sm.policy
04-28 15:03:19.105  2443  2850 E JobScheduler.Background: Couldn't determine stopped state for unknown package: com.facebook.appmanager
04-28 15:03:19.105  2443  2850 E JobScheduler.Background: Couldn't determine stopped state for unknown package: com.facebook.appmanager
04-28 15:03:19.105  2443  2850 E JobScheduler.Background: Couldn't determine stopped state for unknown package: com.facebook.appmanager
04-28 15:03:19.106  2443  2850 E JobScheduler.Background: Couldn't determine stopped state for unknown package: com.facebook.appmanager
04-28 15:03:19.106  2443  2850 E JobScheduler.Background: Couldn't determine stopped state for unknown package: com.facebook.appmanager
04-28 15:03:19.107  2443  2850 E JobScheduler.Background: Couldn't determine stopped state for unknown package: com.samsung.android.tadownloader
04-28 15:03:29.105  2443  2850 E JobScheduler.Background: Couldn't determine stopped state for unknown package: com.samsung.android.sm.policy
04-28 15:03:29.105  2443  2850 E JobScheduler.Background: Couldn't determine stopped state for unknown package: com.facebook.appmanager
04-28 15:03:29.106  2443  2850 E JobScheduler.Background: Couldn't determine stopped state for unknown package: com.facebook.appmanager
04-28 15:03:29.106  2443  2850 E JobScheduler.Background: Couldn't determine stopped state for unknown package: com.facebook.appmanager
04-28 15:03:29.106  2443  2850 E JobScheduler.Background: Couldn't determine stopped state for unknown package: com.facebook.appmanager
04-28 15:03:29.106  2443  2850 E JobScheduler.Background: Couldn't determine stopped state for unknown package: com.facebook.appmanager
04-28 15:03:29.106  2443  2850 E JobScheduler.Background: Couldn't determine stopped state for unknown package: com.samsung.android.tadownloader
04-28 15:03:29.962  2443  2850 I JobScheduler: maybeQueueReadyJobsForExecutionLocked: [BatchNetworkJob] 1 batched network jobs meet requirement for 522
04-28 15:03:29.995  2443  2545 I ActivityManager: Start proc 15209:com.microsoft.teams/u0a451 for service {com.microsoft.teams/androidx.work.impl.background.systemjob.SystemJobService}
04-28 15:03:29.995  2443  2545 I ActivityManager: ProcessObserver broadcast disabled
04-28 15:03:30.662  2443  2850 W JobServiceContext: Sending onNetworkChanged for a job that isn't started. JobStatus{1ba5726 #u0a451/1261 com.microsoft.teams/androidx.work.impl.background.systemjob.SystemJobService u=0 s=10451 
TIME=-8s642ms:none NET READY}
04-28 15:03:30.675  2443  5790 D PackageManager: setEnabledSetting : userId = 0 packageName = com.microsoft.teams cmp = androidx.work.impl.background.systemjob.SystemJobService newState = 1 callingPackage = com.microsoft.teams
04-28 15:03:30.955  2443  2545 I ActivityManager: ProcessObserver broadcast disabled
04-28 15:03:31.284  2443  2545 I ActivityManager: ProcessObserver broadcast disabled
04-28 15:03:31.298  2443  2545 I ActivityManager: ProcessObserver broadcast disabled
04-28 15:03:31.531  2443  3255 D PackageManager: setEnabledSetting : userId = 0 packageName = com.microsoft.appmanager cmp = androidx.work.impl.background.systemjob.SystemJobService newState = 1 callingPackage = com.microsoft.a
ppmanager
04-28 15:03:31.555  2443  2545 I ActivityManager: ProcessObserver broadcast disabled
04-28 15:03:32.282 15414 15414 I Routine@Core[4.9.04.13]: LifestyleModeTileHelper: observeModeInfo
04-28 15:03:32.363 15414 15414 I Routine@Core[4.9.04.13]: ModeMetaObserver: register
04-28 15:03:32.451 15414 15502 I Routine@Core[4.9.04.13]: WEAR/WearSyncObserver: registerObservers: registered
04-28 15:03:32.576 15414 15501 I Routine@Core[4.9.04.13]: WEAR/PhoneModeAdapterImpl: startModeObserver
04-28 15:03:32.576 15414 15501 I Routine@Core[4.9.04.13]: WEAR/PhoneModeAdapterImpl: startModeObserver - Register mode observers.
04-28 15:03:32.585 15414 15501 I Routine@Core[4.9.04.13]: WEAR/PhoneModeAdapterImpl: startModeObserver - Success! Registered mode observers.
04-28 15:03:33.062  2443  2545 I ActivityManager: ProcessObserver broadcast disabled
04-28 15:03:33.360 15538 15571 D WM-PackageManagerHelper: Skipping component enablement for androidx.work.impl.background.systemjob.SystemJobService
04-28 15:03:33.360 15538 15571 D WM-Schedulers: Created SystemJobScheduler and enabled SystemJobService
04-28 15:03:33.384 15538 15590 D WM-SystemJobScheduler: Scheduling work ID aae7c0c9-d795-4994-8f12-6bd780b67960Job ID 47222
04-28 15:03:33.417 15538 15538 D WM-SystemJobService: onStartJob for WorkGenerationalId(workSpecId=aae7c0c9-d795-4994-8f12-6bd780b67960, generation=0)
04-28 15:03:33.420 15538 15538 D WM-SystemJobService: aae7c0c9-d795-4994-8f12-6bd780b67960 executed on JobScheduler
04-28 15:03:33.436 15538 15587 D WM-SystemJobScheduler: Scheduling work ID aae7c0c9-d795-4994-8f12-6bd780b67960Job ID 47223
04-28 15:03:33.727  2443  2545 I ActivityManager: ProcessObserver broadcast disabled
04-28 15:03:34.288  2443  2545 I ActivityManager: ProcessObserver broadcast disabled
04-28 15:03:34.429  2443  5758 D PackageManager: setEnabledSetting : userId = 0 packageName = com.samsung.android.app.parentalcare cmp = androidx.work.impl.background.systemjob.SystemJobService newState = 1 callingPackage = com
.samsung.android.app.parentalcare
04-28 15:03:37.582  2443  2545 I ActivityManager: ProcessObserver broadcast disabled
04-28 15:03:37.712  2443  2545 I ActivityManager: ProcessObserver broadcast disabled
04-28 15:04:57.598 24078 24078 I flutter : [ANCHOR] establish wall=1777356297591 host[fp=7805848 vf=9713219 fp_ms=177003.4 vf_ms=220254.4 fpVfDiff_ms=-43251.0] guest[fp=7796174 vf=9717923 fp_ms=176784.0 vf_ms=220361.1 fpVfDiff_
ms=-43577.1] outLat[host=23.6 guest=7.2 delta=-13.8] targetGuestVf=9717667 initialCorrection=-245517
04-28 15:04:59.998 24078 24078 I flutter : [ANCHOR] establish wall=1777356299965 host[fp=7892852 vf=5588197 fp_ms=178976.2 vf_ms=126716.5 fpVfDiff_ms=52259.8] guest[fp=7900867 vf=5611781 fp_ms=179158.0 vf_ms=127251.3 fpVfDiff_m
s=51906.7] outLat[host=21.3 guest=7.8 delta=-14.6] targetGuestVf=5610330 initialCorrection=-4212030
04-28 15:05:30.101  2443  2545 I ActivityManager: ProcessObserver broadcast disabled
04-28 15:06:43.207  2443  2545 I ActivityManager: Start proc 16422:com.microsoft.appmanager/u0a129 for service {com.microsoft.appmanager/androidx.work.impl.background.systemjob.SystemJobService}
04-28 15:06:43.207  2443  2545 I ActivityManager: ProcessObserver broadcast disabled
04-28 15:06:43.222  2443  2545 I ActivityManager: Start proc 16423:com.android.vending/u0a239 for service {com.android.vending/com.google.android.finsky.scheduler.process.mainimpl.PhoneskyJobServiceMain}
04-28 15:06:43.223  2443  2545 I ActivityManager: ProcessObserver broadcast disabled
04-28 15:06:43.411  2443  2545 I ActivityManager: ProcessObserver broadcast disabled
04-28 15:06:43.453  2443  4659 D PackageManager: setEnabledSetting : userId = 0 packageName = com.microsoft.appmanager cmp = androidx.work.impl.background.systemjob.SystemJobService newState = 1 callingPackage = com.microsoft.a
ppmanager
04-28 15:06:43.480 16423 16540 I Finsky  : [11698] SCH: Satisfied jobs for 9003 are: 10-11, 10-26, 10-123
04-28 15:06:43.522  2443  4659 W JobScheduler: Job didn't exist in JobStore: 9b3f7bb #u0a239/9003 com.android.vending/com.google.android.finsky.scheduler.process.mainimpl.PhoneskyJobServiceMain
04-28 15:06:43.570 16423 16517 I Finsky  : [11693] SCH: no pending jobs to schedule.
04-28 15:06:43.632 16423 16540 I Finsky  : [11698] SCH: Satisfied jobs for 9010 are: 10-11, 10-26, 10-123
04-28 15:06:43.657 16423 16622 I Finsky  : [11720] Removed 0 obsolete sessions.
04-28 15:06:43.753  2443  2545 I ActivityManager: ProcessObserver broadcast disabled
04-28 15:06:43.791  2443  4659 I CAE     : notifyCmdProcessResultObserver(ContextProvider.java:627) - CheckResult = 0, Cause = Success
04-28 15:06:44.019 16659 16690 I Finsky:background: [11688] IQ: no jobs active. Skipping
04-28 15:06:44.054  2443  4659 I CAE     : notifyCmdProcessResultObserver(ContextProvider.java:627) - CheckResult = 0, Cause = Success
04-28 15:06:44.168 16659 16699 I Finsky:background: [11693] SCH: no pending jobs to schedule.
04-28 15:06:44.170 16659 16687 I Finsky:background: [11686] SCH: no pending jobs to schedule.
04-28 15:06:44.174 16659 16690 I Finsky:background: [11688] SCH: no pending jobs to schedule.
04-28 15:06:44.190 16659 16702 I Finsky:background: [11696] IQ: Bulk scheduling created jobs
04-28 15:06:44.201 16659 16702 D WM-PackageManagerHelper: Skipping component enablement for androidx.work.impl.background.systemjob.SystemJobService
04-28 15:06:44.201 16659 16702 D WM-Schedulers: Created SystemJobScheduler and enabled SystemJobService
04-28 15:06:44.212 16659 16699 I Finsky:background: [11693] IQ: no jobs active. Skipping
04-28 15:06:51.931 32765   451 D WM-SystemJobScheduler: Scheduling work ID 1554aadc-2880-4b18-a824-2ecce1ddba8bJob ID 46326
04-28 15:07:02.962  2443  2545 I ActivityManager: ProcessObserver broadcast disabled
04-28 15:07:03.120  2443  2545 I ActivityManager: ProcessObserver broadcast disabled
04-28 15:07:03.455 16423 16516 W Finsky  : [11692] PreloadClasses: Unable to load [kotlinx.coroutines.internal.ThreadContextKt$countAll$1, kotlinx.coroutines.internal.ThreadContextKt$findOne$1, kotlinx.coroutines.internal.Threa
dContextKt$updateState$1, androidx.compose.runtime.snapshots.SnapshotKt$emptyLambda$1, androidx.compose.runtime.Recomposer$broadcastFrameClock$1, androidx.compose.runtime.Recomposer$recompositionRunner$2$unregisterApplyObserver
$1, androidx.compose.ui.platform.AndroidComposeView$keyInputModifier$1, androidx.compose.runtime.SlotTable, androidx.compose.runtime.ComposerImpl, androidx.compose.runtime.SlotReader, androidx.compose.runtime.SlotWriter, androi
dx.compose.runtime.SlotTableKt, androidx.compose.runtime.ComposableSingletons$CompositionKt$lambda-1$1, androidx.compose.runtime.ComposableSingletons$CompositionKt$lambda-2$1, androidx.compose.ui.platform.ComposableSingletons$W
rapper_androidKt$lambda-1$1, androidx.compose.ui.platform.AndroidComposeView$ViewTreeOwners, androidx.compose.ui.platform.WrappedComposition$setContent$1$1, androidx.compose.runtime.Recomposer$readObserverOf$1, androidx.compose
.runtime.Recomposer$writeObserverOf$1, androidx.compose.runtime.KeyInfo, androidx.compose.runtime.GroupInfo, androidx.compose.ui.platform.AndroidCompositionLocals_androidKt$LocalSavedStateRegistryOwner$1, androidx.compose.ui.pl
atform.AndroidCompositionLocals_androidKt$ProvideAndroidCompositionLocals$1$1, androidx.compose.runtime.saveable.SaveableStateRegistryKt$LocalSaveableStateRegistry$1, androidx.compose.material3.TypographyKt$LocalTypography$1, a
ndroidx.compose.material.ColorsKt$LocalColors$1, androidx.compose.material.ShapesKt$LocalShapes$1, androidx.compose.material.ContentAlphaKt$LocalContentAlpha$1, androidx.compose.foundation.IndicationKt$LocalIndication$1, androi
dx.compose.material.ripple.RippleThemeKt$LocalRippleTheme$1, androidx.compose.foundation.text.selection.TextSelectionColorsKt$LocalTextSelectionColors$1, androidx.compose.material.MaterialThemeKt$MaterialTheme$1, androidx.compo
se.material.TextKt$LocalTextStyle$1, androidx.compose.animation.core.InfiniteTransition$run$2, androidx.compose.animation.core.VectorConvertersKt$FloatToVector$1, androidx.compose.animation.core.VectorConvertersKt$FloatToVector
$2, androidx.compose.animation.core.VectorConvertersKt$IntToVector$2, androidx.compose.animation.core.VectorConvertersKt$DpToVector$1, androidx.compose.animation.core.VectorConvertersKt$DpToVector$2, androidx.compose.material.P
rogressIndicatorKt$CircularProgressIndicator$endAngle$2, androidx.compose.material.ProgressIndicatorKt$CircularProgressIndicator$startAngle$2, androidx.compose.foundation.ProgressSemanticsKt$progressSemantics$2, androidx.compos
e.material.MaterialThemeKt$MaterialTheme$2, androidx.compose.ui.platform.AndroidCompositionLocals_androidKt$ProvideAndroidCompositionLocals$4, androidx.compose.runtime.RememberManager, androidx.compose.foundation.IndicationKt$i
ndication$2, androidx.compose.foundation.text.selection.SelectionRegistrarKt$LocalSelectionRegistrar$1, androidx.compose.runtime.saveable.SaverKt$AutoSaver$1, androidx.compose.runtime.saveable.SaverKt$AutoSaver$2, androidx.comp
ose.runtime.snapshots.SnapshotStateList$StateListStateRecord, androidx.compose.material.ButtonKt$Button$2, androidx.compose.material.ElevationOverlayKt$LocalElevationOverlay$1, androidx.compose.material.ElevationOverlayKt$Local
AbsoluteElevation$1, androidx.compose.material.SurfaceKt$Surface$1, androidx.compose.material.TextKt$Text$4, androidx.compose.material.TextKt$ProvideTextStyle$1, androidx.compose.material.SurfaceKt$Surface$2, androidx.compose.m
aterial.ButtonKt$Button$3, androidx.compose.foundation.gestures.ScrollableStateKt$rememberScrollableState$1$1, androidx.compose.material.TextKt$Text$3, androidx.compose.material3.TextKt$Text$3, androidx.compose.foundation.layou
t.BoxWithConstraintsKt$BoxWithConstraints$1$1, androidx.compose.runtime.ComposerImpl$CompositionContextHolder, androidx.compose.runtime.ComposerImpl$CompositionContextImpl, androidx.compose.runtime.Updater$init$1, androidx.comp
ose.runtime.inte
04-28 15:07:13.704  2443  5784 I CAE     : notifyCmdProcessResultObserver(ContextProvider.java:627) - CheckResult = 0, Cause = Success
04-28 15:07:13.978  2443  5784 I CAE     : notifyCmdProcessResultObserver(ContextProvider.java:627) - CheckResult = 0, Cause = Success
04-28 15:07:43.720  2443  4659 I CAE     : notifyCmdProcessResultObserver(ContextProvider.java:627) - CheckResult = 0, Cause = Success
04-28 15:07:43.994  2443  3486 I CAE     : notifyCmdProcessResultObserver(ContextProvider.java:627) - CheckResult = 0, Cause = Success
04-28 15:07:50.785  2443  2850 E JobScheduler.Background: Couldn't determine stopped state for unknown package: com.samsung.android.sm.policy
04-28 15:07:50.785  2443  2850 E JobScheduler.Background: Couldn't determine stopped state for unknown package: com.facebook.appmanager
04-28 15:07:50.786  2443  2850 E JobScheduler.Background: Couldn't determine stopped state for unknown package: com.facebook.appmanager
04-28 15:07:50.786  2443  2850 E JobScheduler.Background: Couldn't determine stopped state for unknown package: com.facebook.appmanager
04-28 15:07:50.786  2443  2850 E JobScheduler.Background: Couldn't determine stopped state for unknown package: com.facebook.appmanager
04-28 15:07:50.786  2443  2850 E JobScheduler.Background: Couldn't determine stopped state for unknown package: com.facebook.appmanager
04-28 15:07:50.787  2443  2850 E JobScheduler.Background: Couldn't determine stopped state for unknown package: com.samsung.android.tadownloader
04-28 15:07:51.111  3175  3175 D SatelliteModeObserver: service state changed : {mVoiceRegState=0(IN_SERVICE), mDataRegState=0(IN_SERVICE), mChannelNumber=2850, duplexMode()=1, mCellBandwidths=[20000, 15000, 20000, 10000, 10000
], mOperatorAlphaLong=null, mOperatorAlphaShort=null, isManualNetworkSelection=false(automatic), getRilVoiceRadioTechnology=14(LTE), getRilDataRadioTechnology=14(LTE), mCssIndicator=unsupported, mNetworkId=*1, mSystemId=*1, mCd
maRoamingIndicator=-1, mCdmaDefaultRoamingIndicator=-1, NonCellular=false, Snap=0, PsOnly=false, SprDisplayRoam=false, OptRadioTech=0, MsimSubmode=0, IsVoiceCallAvailable=true, mIsEmergencyOnly=false, isUsingCarrierAggregation=
true, mArfcnRsrpBoost=0, mNetworkRegistrationInfos=[NetworkRegistrationInfo{ domain=PS transportType=WLAN registrationState=UNKNOWN networkRegistrationState=UNKNOWN roamingType=NOT_ROAMING accessNetworkTechnology=IWLAN rejectCa
use=0 emergencyEnabled=false availableServices=[] cellIdentity=null voiceSpecificInfo=null dataSpecificInfo=null nrState=**** rRplmn= isUsingCarrierAggregation=false isNonTerrestrialNetwork=TERRESTRIAL}, NetworkRegistrationInfo
{ domain=CS transportType=WWAN registrationState=HOME networkRegistrationState=HOME roamingType=NOT_ROAMING accessNetworkTechnology=LTE rejectCause=0 emergencyEnabled=false availableServices=[VOICE,SMS,VIDEO] cellIdentity=null 
voiceSpecificInfo=VoiceSpecificRegistrationInfo { mCssSupported=false mRoamingIndicator=0 mSystemIsInPrl=0 mDefaultRoamingIndicator=0} dataSpecificInfo=null nrState=**** rRplmn=45005 isUsingCarrierAggregation=false isNonTerrest
rialNetwork=TERRESTRIAL}, NetworkRegistrationInfo{ domain=PS transportType=WWAN registrationState=HOME networkRegistrationState=HOME roamingType=NOT_ROAMING accessNetworkTechnology=LTE rejectCause=0 emergencyEnabled=false avail
ableServices=[DATA,MMS] cellIdentity=null voiceSpecificInfo=null dataSpecificInfo=android.telephony.DataSpecificRegistrationInfo :{ maxDataCalls = 16 isDcNrRestricted = false isNrAvailable = true isEnDcAvailable = true mLteAtta
chResultType = 0 mLteAttachExtraInfo = 0 LteVopsSupportInfo :  mVopsSupport = 2 mEmcBearerSupport = 2 } nrState=**** rRplmn=45005 isUsingCarrierAggregation=true isNonTerrestrialNetwork=TERRESTRIAL}], mNrFrequencyRange=0, mOpera
torAlphaLongRaw=SKTelecom, mOperatorAlphaShortRaw=SKTelecom, mIsDataRoamingFromRegistration=false, mIsIwlanPreferred=false, mIsUsingNonTerrestrialNetwork=false}
04-28 15:07:51.111  3175  3175 D SatelliteModeObserver: isSatelliteNetworksOn(), isUsingTerrestrialNetwork: false
04-28 15:07:51.111  3175  3175 D SatelliteModeObserver: isSatelliteNetworksOn(), isUsingTerrestrialNetwork: false
04-28 15:07:51.111  3175  3175 D SatelliteModeObserver: isSatelliteNetworksOn(), isUsingTerrestrialNetwork: false
04-28 15:07:51.135  2443  2545 I ActivityManager: ProcessObserver broadcast disabled
04-28 15:07:51.236  3175  3175 D SatelliteModeObserver: service state changed : {mVoiceRegState=0(IN_SERVICE), mDataRegState=0(IN_SERVICE), mChannelNumber=2850, duplexMode()=1, mCellBandwidths=[20000, 15000, 20000, 10000, 10000
], mOperatorAlphaLong=null, mOperatorAlphaShort=null, isManualNetworkSelection=false(automatic), getRilVoiceRadioTechnology=14(LTE), getRilDataRadioTechnology=14(LTE), mCssIndicator=unsupported, mNetworkId=*1, mSystemId=*1, mCd
maRoamingIndicator=-1, mCdmaDefaultRoamingIndicator=-1, NonCellular=false, Snap=0, PsOnly=false, SprDisplayRoam=false, OptRadioTech=0, MsimSubmode=0, IsVoiceCallAvailable=true, mIsEmergencyOnly=false, isUsingCarrierAggregation=
false, mArfcnRsrpBoost=0, mNetworkRegistrationInfos=[NetworkRegistrationInfo{ domain=PS transportType=WLAN registrationState=UNKNOWN networkRegistrationState=UNKNOWN roamingType=NOT_ROAMING accessNetworkTechnology=IWLAN rejectC
ause=0 emergencyEnabled=false availableServices=[] cellIdentity=null voiceSpecificInfo=null dataSpecificInfo=null nrState=**** rRplmn= isUsingCarrierAggregation=false isNonTerrestrialNetwork=TERRESTRIAL}, NetworkRegistrationInf
o{ domain=CS transportType=WWAN registrationState=HOME networkRegistrationState=HOME roamingType=NOT_ROAMING accessNetworkTechnology=LTE rejectCause=0 emergencyEnabled=false availableServices=[VOICE,SMS,VIDEO] cellIdentity=null
 voiceSpecificInfo=VoiceSpecificRegistrationInfo { mCssSupported=false mRoamingIndicator=0 mSystemIsInPrl=0 mDefaultRoamingIndicator=0} dataSpecificInfo=null nrState=**** rRplmn=45005 isUsingCarrierAggregation=false isNonTerres
trialNetwork=TERRESTRIAL}, NetworkRegistrationInfo{ domain=PS transportType=WWAN registrationState=HOME networkRegistrationState=HOME roamingType=NOT_ROAMING accessNetworkTechnology=LTE rejectCause=0 emergencyEnabled=false avai
lableServices=[DATA,MMS] cellIdentity=null voiceSpecificInfo=null dataSpecificInfo=android.telephony.DataSpecificRegistrationInfo :{ maxDataCalls = 16 isDcNrRestricted = false isNrAvailable = true isEnDcAvailable = true mLteAtt
achResultType = 0 mLteAttachExtraInfo = 0 LteVopsSupportInfo :  mVopsSupport = 2 mEmcBearerSupport = 2 } nrState=**** rRplmn=45005 isUsingCarrierAggregation=false isNonTerrestrialNetwork=TERRESTRIAL}], mNrFrequencyRange=0, mOpe
ratorAlphaLongRaw=SKTelecom, mOperatorAlphaShortRaw=SKTelecom, mIsDataRoamingFromRegistration=false, mIsIwlanPreferred=false, mIsUsingNonTerrestrialNetwork=false}
04-28 15:07:51.236  3175  3175 D SatelliteModeObserver: isSatelliteNetworksOn(), isUsingTerrestrialNetwork: false
04-28 15:07:51.236  3175  3175 D SatelliteModeObserver: isSatelliteNetworksOn(), isUsingTerrestrialNetwork: false
04-28 15:07:51.236  3175  3175 D SatelliteModeObserver: isSatelliteNetworksOn(), isUsingTerrestrialNetwork: false
04-28 15:07:51.257  3175  3175 D SatelliteModeObserver: service state changed : {mVoiceRegState=0(IN_SERVICE), mDataRegState=0(IN_SERVICE), mChannelNumber=2850, duplexMode()=1, mCellBandwidths=[20000, 15000, 20000, 10000, 10000
], mOperatorAlphaLong=null, mOperatorAlphaShort=null, isManualNetworkSelection=false(automatic), getRilVoiceRadioTechnology=14(LTE), getRilDataRadioTechnology=14(LTE), mCssIndicator=unsupported, mNetworkId=*1, mSystemId=*1, mCd
maRoamingIndicator=-1, mCdmaDefaultRoamingIndicator=-1, NonCellular=false, Snap=0, PsOnly=false, SprDisplayRoam=false, OptRadioTech=0, MsimSubmode=0, IsVoiceCallAvailable=true, mIsEmergencyOnly=false, isUsingCarrierAggregation=
false, mArfcnRsrpBoost=0, mNetworkRegistrationInfos=[NetworkRegistrationInfo{ domain=PS transportType=WLAN registrationState=UNKNOWN networkRegistrationState=UNKNOWN roamingType=NOT_ROAMING accessNetworkTechnology=IWLAN rejectC
ause=0 emergencyEnabled=false availableServices=[] cellIdentity=null voiceSpecificInfo=null dataSpecificInfo=null nrState=**** rRplmn= isUsingCarrierAggregation=false isNonTerrestrialNetwork=TERRESTRIAL}, NetworkRegistrationInf
o{ domain=CS transportType=WWAN registrationState=HOME networkRegistrationState=HOME roamingType=NOT_ROAMING accessNetworkTechnology=LTE rejectCause=0 emergencyEnabled=false availableServices=[VOICE,SMS,VIDEO] cellIdentity=null
 voiceSpecificInfo=VoiceSpecificRegistrationInfo { mCssSupported=false mRoamingIndicator=0 mSystemIsInPrl=0 mDefaultRoamingIndicator=0} dataSpecificInfo=null nrState=**** rRplmn=45005 isUsingCarrierAggregation=false isNonTerres
trialNetwork=TERRESTRIAL}, NetworkRegistrationInfo{ domain=PS transportType=WWAN registrationState=HOME networkRegistrationState=HOME roamingType=NOT_ROAMING accessNetworkTechnology=LTE rejectCause=0 emergencyEnabled=false avai
lableServices=[DATA,MMS] cellIdentity=null voiceSpecificInfo=null dataSpecificInfo=android.telephony.DataSpecificRegistrationInfo :{ maxDataCalls = 16 isDcNrRestricted = false isNrAvailable = true isEnDcAvailable = true mLteAtt
achResultType = 0 mLteAttachExtraInfo = 0 LteVopsSupportInfo :  mVopsSupport = 2 mEmcBearerSupport = 2 } nrState=**** rRplmn=45005 isUsingCarrierAggregation=false isNonTerrestrialNetwork=TERRESTRIAL}], mNrFrequencyRange=0, mOpe
ratorAlphaLongRaw=SKTelecom, mOperatorAlphaShortRaw=SKTelecom, mIsDataRoamingFromRegistration=false, mIsIwlanPreferred=false, mIsUsingNonTerrestrialNetwork=false}
04-28 15:07:51.258  3175  3175 D SatelliteModeObserver: isSatelliteNetworksOn(), isUsingTerrestrialNetwork: false
04-28 15:07:51.258  3175  3175 D SatelliteModeObserver: isSatelliteNetworksOn(), isUsingTerrestrialNetwork: false
04-28 15:07:51.258  3175  3175 D SatelliteModeObserver: isSatelliteNetworksOn(), isUsingTerrestrialNetwork: false
