04-28 14:59:00.064  2443  2850 E JobScheduler.Background: Couldn't determine stopped state for unknown package: com.facebook.appmanager
04-28 14:59:00.064  2443  2850 E JobScheduler.Background: Couldn't determine stopped state for unknown package: com.facebook.appmanager
04-28 14:59:00.064  2443  2850 E JobScheduler.Background: Couldn't determine stopped state for unknown package: com.facebook.appmanager
04-28 14:59:00.064  2443  2850 E JobScheduler.Background: Couldn't determine stopped state for unknown package: com.facebook.appmanager
04-28 14:59:00.064  2443  2850 E JobScheduler.Background: Couldn't determine stopped state for unknown package: com.facebook.appmanager
04-28 14:59:00.064  2443  2850 E JobScheduler.Background: Couldn't determine stopped state for unknown package: com.samsung.android.tadownloader
04-28 14:59:03.643  2443  3592 I CAE     : notifyCmdProcessResultObserver(ContextProvider.java:627) - CheckResult = 0, Cause = Success
04-28 14:59:03.915  2443  3363 I CAE     : notifyCmdProcessResultObserver(ContextProvider.java:627) - CheckResult = 0, Cause = Success
04-28 14:59:04.352 11506 11558 E fb4a.GraphServiceObserverHolder: TigonError(error=TransientError, errorDomain=TigonLigerErrorDomain, domainErrorCode=3, analyticsDetail="AsyncSocketException: connect timed out after 29998ms, ty
pe = Timed out"), queryName=NotesBasicQuery
04-28 14:59:09.005  2443  2850 E JobScheduler.Background: Couldn't determine stopped state for unknown package: com.samsung.android.sm.policy
04-28 14:59:09.005  2443  2850 E JobScheduler.Background: Couldn't determine stopped state for unknown package: com.facebook.appmanager
04-28 14:59:09.005  2443  2850 E JobScheduler.Background: Couldn't determine stopped state for unknown package: com.facebook.appmanager
04-28 14:59:09.005  2443  2850 E JobScheduler.Background: Couldn't determine stopped state for unknown package: com.facebook.appmanager
04-28 14:59:09.005  2443  2850 E JobScheduler.Background: Couldn't determine stopped state for unknown package: com.facebook.appmanager
04-28 14:59:09.005  2443  2850 E JobScheduler.Background: Couldn't determine stopped state for unknown package: com.facebook.appmanager
04-28 14:59:09.006  2443  2850 E JobScheduler.Background: Couldn't determine stopped state for unknown package: com.samsung.android.tadownloader
04-28 14:59:10.040  2443  2850 E JobScheduler.Background: Couldn't determine stopped state for unknown package: com.samsung.android.sm.policy
04-28 14:59:10.040  2443  2850 E JobScheduler.Background: Couldn't determine stopped state for unknown package: com.facebook.appmanager
04-28 14:59:10.040  2443  2850 E JobScheduler.Background: Couldn't determine stopped state for unknown package: com.facebook.appmanager
04-28 14:59:10.040  2443  2850 E JobScheduler.Background: Couldn't determine stopped state for unknown package: com.facebook.appmanager
04-28 14:59:10.040  2443  2850 E JobScheduler.Background: Couldn't determine stopped state for unknown package: com.facebook.appmanager
04-28 14:59:10.040  2443  2850 E JobScheduler.Background: Couldn't determine stopped state for unknown package: com.facebook.appmanager
04-28 14:59:10.042  2443  2850 E JobScheduler.Background: Couldn't determine stopped state for unknown package: com.samsung.android.tadownloader
04-28 14:59:10.047  2443  3285 D SLocation: GeopointGeofenceObserver - location : [N, A : 100.00, T : 1777355950022, ET : 3528185675, h : 18/18], radius : 14609
04-28 14:59:14.063  2443  2545 I ActivityManager: ProcessObserver broadcast disabled
04-28 14:59:14.243  2443  2545 I ActivityManager: ProcessObserver broadcast disabled
04-28 14:59:20.044  2443  2850 E JobScheduler.Background: Couldn't determine stopped state for unknown package: com.samsung.android.sm.policy
04-28 14:59:20.044  2443  2850 E JobScheduler.Background: Couldn't determine stopped state for unknown package: com.facebook.appmanager
04-28 14:59:20.044  2443  2850 E JobScheduler.Background: Couldn't determine stopped state for unknown package: com.facebook.appmanager
04-28 14:59:20.044  2443  2850 E JobScheduler.Background: Couldn't determine stopped state for unknown package: com.facebook.appmanager
04-28 14:59:20.044  2443  2850 E JobScheduler.Background: Couldn't determine stopped state for unknown package: com.facebook.appmanager
04-28 14:59:20.045  2443  2850 E JobScheduler.Background: Couldn't determine stopped state for unknown package: com.facebook.appmanager
04-28 14:59:20.046  2443  2850 E JobScheduler.Background: Couldn't determine stopped state for unknown package: com.samsung.android.tadownloader
04-28 14:59:29.280  2443  2850 E JobScheduler.Background: Couldn't determine stopped state for unknown package: com.samsung.android.sm.policy
04-28 14:59:29.280  2443  2850 E JobScheduler.Background: Couldn't determine stopped state for unknown package: com.facebook.appmanager
04-28 14:59:29.280  2443  2850 E JobScheduler.Background: Couldn't determine stopped state for unknown package: com.facebook.appmanager
04-28 14:59:29.281  2443  2850 E JobScheduler.Background: Couldn't determine stopped state for unknown package: com.facebook.appmanager
04-28 14:59:29.281  2443  2850 E JobScheduler.Background: Couldn't determine stopped state for unknown package: com.facebook.appmanager
04-28 14:59:29.281  2443  2850 E JobScheduler.Background: Couldn't determine stopped state for unknown package: com.facebook.appmanager
04-28 14:59:29.282  2443  2850 E JobScheduler.Background: Couldn't determine stopped state for unknown package: com.samsung.android.tadownloader
04-28 14:59:31.388  2443  2545 I ActivityManager: ProcessObserver broadcast disabled
04-28 14:59:31.395  3175  3175 D CollapsedStatusBarFragmentExt: com.android.systemui.statusbar.phone.ongoingactivity.OngoingActivityController.updateParentViewVisibility:65 com.android.systemui.statusbar.phone.ongoingactivity.O
ngoingActivityController.update$1$1:11 com.android.systemui.statusbar.phone.ongoingactivity.OngoingActivityDataHelper.notifyUpdateObservers:20 com.android.systemui.statusbar.phone.ongoingactivity.OngoingActivityDataHelper.updat
eOngoingList:170 com.android.systemui.statusbar.phone.ongoingactivity.OngoingActivityDataHelper.setBaseActivityComponentName:31 com.android.systemui.statusbar.phone.ongoingactivity.OngoingActivityController$start$2.onTaskFocusC
hanged:78 
04-28 14:59:31.448  2443  2545 I ActivityManager: Start proc 12041:com.nhn.android.calendar/u0a350 for service {com.nhn.android.calendar/androidx.work.impl.background.systemjob.SystemJobService}
04-28 14:59:31.449  2443  2545 I ActivityManager: ProcessObserver broadcast disabled
04-28 14:59:32.091  2443  3578 D PackageManager: setEnabledSetting : userId = 0 packageName = com.nhn.android.calendar cmp = androidx.work.impl.background.systemjob.SystemJobService newState = 1 callingPackage = com.nhn.android
.calendar
04-28 14:59:32.151  6028  6028 D BoundBrokerSvc: onBind: Intent { act=com.google.android.mobstore.service.START xflg=0x4 pkg=com.google.android.gms }
04-28 14:59:32.151  6028  6028 D BoundBrokerSvc: Loading bound service for intent: Intent { act=com.google.android.mobstore.service.START xflg=0x4 pkg=com.google.android.gms }
04-28 14:59:32.222 12041 12133 W System.err: 	at retrofit2.adapter.rxjava2.CallExecuteObservable.subscribeActual(Unknown Source:22)
04-28 14:59:32.222 12041 12133 W System.err: 	at io.reactivex.Observable.subscribe(SourceFile:14)
04-28 14:59:32.222 12041 12133 W System.err: 	at io.reactivex.internal.operators.observable.ObservableSingleSingle.b1(Unknown Source:9)
04-28 14:59:32.222 12041 12133 W System.err: 	at io.reactivex.internal.operators.single.SingleSubscribeOn$SubscribeOnObserver.run(Unknown Source:2)
04-28 14:59:32.223 12041 12133 W System.err: 	at retrofit2.adapter.rxjava2.CallExecuteObservable.subscribeActual(Unknown Source:22)
04-28 14:59:32.223 12041 12133 W System.err: 	at io.reactivex.Observable.subscribe(SourceFile:14)
04-28 14:59:32.223 12041 12133 W System.err: 	at io.reactivex.internal.operators.observable.ObservableSingleSingle.b1(Unknown Source:9)
04-28 14:59:32.223 12041 12133 W System.err: 	at io.reactivex.internal.operators.single.SingleSubscribeOn$SubscribeOnObserver.run(Unknown Source:2)
04-28 14:59:32.224 12041 12133 W System.err: 	at retrofit2.adapter.rxjava2.CallExecuteObservable.subscribeActual(Unknown Source:22)
04-28 14:59:32.224 12041 12133 W System.err: 	at io.reactivex.Observable.subscribe(SourceFile:14)
04-28 14:59:32.224 12041 12133 W System.err: 	at io.reactivex.internal.operators.observable.ObservableSingleSingle.b1(Unknown Source:9)
04-28 14:59:32.224 12041 12133 W System.err: 	at io.reactivex.internal.operators.single.SingleSubscribeOn$SubscribeOnObserver.run(Unknown Source:2)
04-28 14:59:32.293  2443  2850 W JobServiceContext: Sending onNetworkChanged for a job that isn't started. JobStatus{2dc2278 #u0a350/292319 com.nhn.android.calendar/androidx.work.impl.background.systemjob.SystemJobService u=0 s
=10350 NET READY}
04-28 14:59:32.298  2443  2545 I ActivityManager: ProcessObserver broadcast disabled
04-28 14:59:32.323  2443  2443 W JobScheduler: Job didn't exist in JobStore: d7837ba #u0a350/292319 com.nhn.android.calendar/androidx.work.impl.background.systemjob.SystemJobService
04-28 14:59:32.679  2443  2545 I ActivityManager: ProcessObserver broadcast disabled
04-28 14:59:32.816  2443  4223 D FreecessController: restrictJobsByOlaf: restrict=true, uid=10346
04-28 14:59:33.352 12199 12260 W AppInitScheduler|Schedule: Schedule 59:IndependentColdStartJobs, deps=[11, 93] (60 pending tasks, PriorityHint=null, isCritical=false)
04-28 14:59:33.357 12199 12260 W AppInitScheduler|Schedule: Schedule 138:ResponseObserverInitializer, deps=[133, 144] (103 pending tasks, PriorityHint=null, isCritical=false)
04-28 14:59:33.365 12199 12260 W AppInitScheduler|Schedule: 	at com.instagram.process.instagram.InstagramApplicationForMainProcess.initializeAllColdStartJobs(:1537)
04-28 14:59:33.365 12199 12260 W AppInitScheduler|Schedule: 	at com.instagram.process.instagram.InstagramApplicationForMainProcess.access$initializeAllColdStartJobs(:0)
04-28 14:59:33.704 12199 12263 W AppInitScheduler|Schedule:   Executing 138:ResponseObserverInitializer
04-28 14:59:33.706 12199 12271 W AppInitScheduler|Run: Running ResponseObserverInitializer, order=104, priorityHint=null 
04-28 14:59:33.706 12199 12271 W AppInitScheduler|Run:   Finished ResponseObserverInitializer in 0ms
04-28 14:59:33.776 12199 12350 W SessionScopedProviderInitializer: Initialize com.instagram.fbpay.w3c.jobs.StartKeyMigrationJob start
04-28 14:59:33.777 12199 12274 W SessionScopedProviderInitializer: Initialize com.instagram.fbpay.w3c.jobs.UserSessionStart start
04-28 14:59:33.777 12199 12274 W SessionScopedProviderInitializer: Initialize com.instagram.fbpay.w3c.jobs.UserSessionStart end
04-28 14:59:33.778 12199 12264 W AppInitScheduler|Schedule:   Executing 59:IndependentColdStartJobs
04-28 14:59:33.781 12199 12272 W AppInitScheduler|Run: Running IndependentColdStartJobs, order=60, priorityHint=null 
04-28 14:59:33.787 12199 12272 W AppInitScheduler|Run:   Finished IndependentColdStartJobs in 7ms
04-28 14:59:33.790 12199 12297 W DGWClientHolder: DGWMNSConfig IG4A\B4A: MNSDGWNetworkStackConfig: dnsCacheDir:/data/user/0/com.instagram.android/files/android_ig_mns_dgw_dns_cache, quicEnabled:true, quicIdleTimeoutSec:35, quic
KeepAliveTimeoutSec:0, quicHandshakeTimeoutSec:5, http2PingIntervalSec:260, http2MaxRequestsPerConnection:500, userAgent:Instagram 426.0.0.37.68 Android (36/16; 399dpi; 1080x2340; samsung; SM-S901N; r0q; qcom; ko_KR; 947629018)
, enableQuicEarlyData:true, tcpDelayMs:0, tcpConnectTimeoutSec:7, highPriorityEvLoopThread:false, enableHttpVersionCache:false, evLoopThreadPriority:0,  quicKnobs:, trustSandboxCertificates:false, quicUseMvfstMobileLibrary:true
, enableQlog:false, maxQlogLines:500, mvfstUseHandshakeTimeout:false, preferIPv6ForBothTCPAndQUIC:false, closeWhenNoRequests:false,  closeConnectionThrottlingWindowMs:0, useTigon:true, useTigonInDeprecatedMNSClient:false, mvfst
UseUDPSocketConnect:false, mvfstKeepAliveTimeoutSeconds:0, enableSeparateHTTPClientForTunnel:false, forceHTTP2ForTunnel:false, enableCertificateRevocation:true, certificateRevocationListJSON:{"tbs_cert_list": "{\"issuer\": {\"o
rganization_name\": \"Meta Platforms Inc.\"}, \"this_update\": \"Tue Apr 28 03:46:26 2026\", \"next_update\": \"Wed Apr 29 03:46:26 2026\", \"revoked_certificates\": [], \"crl_extensions\": [{\"extn_id\": \"crl_number\", \"extn
_value\": 1124}]}", "tbs_cert_list_length": 237, "signature_algorithm": {"algorithm": "sha256_rsa"}, "signature": "0fb45b69952ee7400d24d632327f453e4b0b44d0c3e2f789f07a73943d9da19aceaa0ae47846b070de4b741c053afb0be27044ec2c54aa68
70411d1f5099f08b1534040e4f1c477a9bc1d111046238c295c353225d2e56d08b82779b95b97af800bafd9cdfceb7bbbf6e932cb3319ac5f760a27dd5d2a0858ac2782be707eb1201ce610c4e6cbf488c14de84c8efbc346bf6cad415a52241de8af04c88c81462bae0cfb9d79455c6d22
32c001d871b4a3308da6c05aa6e7d1d192b338850e2fd6ba34a587d65f75d17c3f8061c0c7ce57935d292d5a6669cb6b055d7662c6e1542bc96913b303e36bd2e9fa7ec8bcb7f4533e3a1b6618d8e8f5b8d11c2776085"}, mvfstMaximumPTOs:0, enableSecureTcpEarlyData:false
, dnsRefreshHosts:null, dnsRefreshIntervalSeconds:0, enableProtocolFallback:false
04-28 14:59:33.805 12199 12298 W SessionScopedProviderInitializer: Initialize com.instagram.jobscheduler.bgfetch.scheduler.IgBgFetchConfigOnUserSessionStart start
04-28 14:59:33.805 12199 12298 W SessionScopedProviderInitializer: Initialize com.instagram.jobscheduler.bgfetch.scheduler.IgBgFetchConfigOnUserSessionStart end
04-28 14:59:33.805 12199 12298 W SessionScopedProviderInitializer: Initialize com.instagram.jobscheduler.bgfetch.scheduler.UserSessionStart start
04-28 14:59:33.810 12199 12377 W FileBasedMultiProcessTracker: <default>: Observed removed PID: 4869
04-28 14:59:33.811 12199 12350 W SessionScopedProviderInitializer: Initialize com.instagram.fbpay.w3c.jobs.StartKeyMigrationJob end
04-28 14:59:33.816 12199 12363 W SessionScopedProviderInitializer: Initialize com.instagram.trusteddevice.registration.jobs.StartTrustedDeviceAppJob start
04-28 14:59:33.817 12199 12296 W SessionScopedProviderInitializer: Initialize com.instagram.trust.noncemanager.jobs.IGNonceManagerJob start
04-28 14:59:33.817 12199 12296 W SessionScopedProviderInitializer: Initialize com.instagram.trust.noncemanager.jobs.IGNonceManagerJob end
04-28 14:59:33.829 12199 12350 W DirectContactChangeObserver: registerListeners with session as null: false
04-28 14:59:33.836 12199 12298 W SessionScopedProviderInitializer: Initialize com.instagram.jobscheduler.bgfetch.scheduler.UserSessionStart end
04-28 14:59:33.853 12199 12363 W SessionScopedProviderInitializer: Initialize com.instagram.trusteddevice.registration.jobs.StartTrustedDeviceAppJob end
04-28 14:59:34.122 12199 12199 I IDS_TAG : Starting IDS observe window
04-28 14:59:34.126 12199 12199 I IDS_TAG : Closing IDS observe window
04-28 14:59:34.290  2443  4223 D FreecessController: restrictJobsByOlaf: restrict=false, uid=-1
04-28 14:59:34.354 12199 12199 E SlowAppComponent: 1022ms: SystemJobService instantiating…
04-28 14:59:34.400  2443  2545 I ActivityManager: ProcessObserver broadcast disabled
04-28 14:59:34.608 12199 12377 W FileBasedMultiProcessTracker: <default>: Observed new PID: 12439
04-28 14:59:37.741  2443  2545 I ActivityManager: ProcessObserver broadcast disabled
04-28 14:59:37.895 12594 12617 W FileBasedMultiProcessTracker: <default>: Observed removed PID: 11506
04-28 14:59:38.350  6028  6028 D BoundBrokerSvc: onUnbind: Intent { act=com.google.android.mobstore.service.START xflg=0x4 pkg=com.google.android.gms }
04-28 14:59:42.723 12199 12422 W HeroManager: 	Uri: https://scontent-gmp1-1.cdninstagram.com/o1/v/t2/f2/m86/AQOKNHGa2V-mbe9dTrCzfpmCuBs3NqOBsm9mkl4IVZhAjbCiQ5PkayZIbKOwivsePChi_9v9-N0vF5QVjYdj6cFvlBE1ZUBN2FRjdXw.mp4?_nc_cat=111
&_nc_sid=5e9851&_nc_ht=scontent-gmp1-1.cdninstagram.com&_nc_ohc=3vqUmldnvlQQ7kNvwFTvlTC&efg=eyJ2ZW5jb2RlX3RhZyI6Inhwdl9wcm9ncmVzc2l2ZS5JTlNUQUdSQU0uQ0xJUFMuQzMuNzIwLmRhc2hfYmFzZWxpbmVfMV92MSIsInhwdl9hc3NldF9pZCI6MTgxMTUxNTM4MjU
3ODIzOTIsImFzc2V0X2FnZV9kYXlzIjoxLCJ2aV91c2VjYXNlX2lkIjoxMDA5OSwiZHVyYXRpb25fcyI6MzEsInVybGdlbl9zb3VyY2UiOiJ3d3cifQ%3D%3D&ccb=17-1&vs=44ded4130ff567d1&_nc_vs=HBksFQIYUmlnX3hwdl9yZWVsc19wZXJtYW5lbnRfc3JfcHJvZC8xNjQ4OTYxQTREQTc0Q
zI5MzU3MEZDOTdEOEFFQjg5Ml92aWRlb19kYXNoaW5pdC5tcDQVAALIARIAFQIYUWlnX3hwdl9wbGFjZW1lbnRfcGVybWFuZW50X3YyLzZCNDc4MDhBNDE4QjhFRDczNjI5MTdBM0UwMzIxMzk1X2F1ZGlvX2Rhc2hpbml0Lm1wNBUCAsgBEgAoABgAGwKIB3VzZV9vaWwBMRJwcm9ncmVzc2l2ZV9yZWNp
cGUBMRUAACbw6bLN3eitQBUCKAJDMywXQD93S8an754YEmRhc2hfYmFzZWxpbmVfMV92MREAdf4HZeadAQA&_nc_gid=cEcUgTCNuOmzSn0j3XtiNQ&_nc_zt=28&_nc_ss=7a3ba&oh=00_Af3s-iee8f_2lB8PRxrXByOqKMYPtUBYtPH98EYkOIWJNw&oe=69F21F10
04-28 14:59:43.168  2443  2545 I ActivityManager: ProcessObserver broadcast disabled
04-28 14:59:43.519 12795 12829 I Finsky:background: [11676] IQ: no jobs active. Skipping
04-28 14:59:43.630  2443  4658 I CAE     : notifyCmdProcessResultObserver(ContextProvider.java:627) - CheckResult = 0, Cause = Success
04-28 14:59:43.691 12594 12639 W fb4a.ServiceInfoParser: X.4W3: Service com.facebook.browser.lite.BrowserLiteInMainProcessIntentService is missing meta key com.facebook.common.jobscheduler.compat.jobIds
04-28 14:59:43.691 12594 12639 W fb4a.ServiceInfoParser: X.4W3: Service com.facebook.businessintegrity.cloakingdetection.service.CloakingDetectionService is missing meta key com.facebook.common.jobscheduler.compat.jobIds
04-28 14:59:43.691 12594 12639 W fb4a.ServiceInfoParser: X.4W3: Service com.facebook.contacts.service.ContactLocaleChangeService is missing meta key com.facebook.common.jobscheduler.compat.jobIds
04-28 14:59:43.691 12594 12639 W fb4a.ServiceInfoParser: X.4W3: Service com.facebook.analytics2.fabric.onefabric.FFAlarmUploadJobService is missing meta key com.facebook.common.jobscheduler.compat.jobIds
04-28 14:59:43.691 12594 12639 W fb4a.ServiceInfoParser: X.4W3: Service com.facebook.falco.jobscheduler.FFJobService is missing meta key com.facebook.common.jobscheduler.compat.jobIds
04-28 14:59:43.691 12594 12639 W fb4a.ServiceInfoParser: X.4W3: Service com.facebook.registration.notification.RegistrationNotificationService is missing meta key com.facebook.common.jobscheduler.compat.jobIds
04-28 14:59:43.691 12594 12639 W fb4a.ServiceInfoParser: X.4W3: Service com.facebook.notifications.appwidget.bugreporter.NotificationsWidgetDebugHelper is missing meta key com.facebook.common.jobscheduler.compat.jobIds
04-28 14:59:43.691 12594 12639 W fb4a.ServiceInfoParser: X.4W3: Service com.facebook.account.login.notification.LoginNotificationService is missing meta key com.facebook.common.jobscheduler.compat.jobIds
04-28 14:59:43.691 12594 12639 W fb4a.ServiceInfoParser: X.4W3: Service com.facebook.battery.monitor.ContinuousBatteryMonitorService is missing meta key com.facebook.common.jobscheduler.compat.jobIds
04-28 14:59:43.691 12594 12639 W fb4a.ServiceInfoParser: X.4W3: Service com.facebook.googleplay.GooglePlayInstallRefererService is missing meta key com.facebook.common.jobscheduler.compat.jobIds
04-28 14:59:43.691 12594 12639 W fb4a.ServiceInfoParser: X.4W3: Service com.facebook.glc.GLCService is missing meta key com.facebook.common.jobscheduler.compat.jobIds
04-28 14:59:43.691 12594 12639 W fb4a.ServiceInfoParser: X.4W3: Service com.facebook.papaya.fb.client.services.FBPapayaJobService is missing meta key com.facebook.common.jobscheduler.compat.jobIds
04-28 14:59:43.691 12594 12639 W fb4a.ServiceInfoParser: X.4W3: Service com.google.android.datatransport.runtime.scheduling.jobscheduling.JobInfoSchedulerService is missing meta key com.facebook.common.jobscheduler.compat.jobId
s
04-28 14:59:43.691 12594 12639 W fb4a.ServiceInfoParser: X.4W3: Service com.facebook.push.fcm.FcmRegistrarFbJobIntentService is missing meta key com.facebook.common.jobscheduler.compat.jobIds
04-28 14:59:43.691 12594 12639 W fb4a.ServiceInfoParser: X.4W3: Service com.facebook.push.fbpushdata.common.FbPushDataHandlerService is missing meta key com.facebook.common.jobscheduler.compat.jobIds
04-28 14:59:43.692 12594 12639 W fb4a.ServiceInfoParser: X.4W3: Service com.facebook.conditionalworker.ConditionalWorkerService is missing meta key com.facebook.common.jobscheduler.compat.jobIds
04-28 14:59:43.692 12594 12639 W fb4a.ServiceInfoParser: X.4W3: Service com.facebook.compost.service.CompostNotificationService is missing meta key com.facebook.common.jobscheduler.compat.jobIds
04-28 14:59:43.692 12594 12639 W fb4a.ServiceInfoParser: X.4W3: Service com.facebook.messaging.notify.client.MessagesNotificationService is missing meta key com.facebook.common.jobscheduler.compat.jobIds
04-28 14:59:43.692 12594 12639 W fb4a.ServiceInfoParser: X.4W3: Service com.facebook.confirmation.notification.ConfirmationNotificationService is missing meta key com.facebook.common.jobscheduler.compat.jobIds
04-28 14:59:43.692 12594 12639 W fb4a.ServiceInfoParser: X.4W3: Service com.facebook.voltron.download.scheduledinstaller.OxygenScheduledInstallerJobService is missing meta key com.facebook.common.jobscheduler.compat.jobIds
04-28 14:59:43.692 12594 12639 W fb4a.ServiceInfoParser: X.4W3: Service com.facebook.messaging.prefs.notifications.NotificationPrefsSyncService is missing meta key com.facebook.common.jobscheduler.compat.jobIds
04-28 14:59:43.692 12594 12639 W fb4a.ServiceInfoParser: X.4W3: Service com.facebook.push.adm.ADMService is missing meta key com.facebook.common.jobscheduler.compat.jobIds
04-28 14:59:43.692 12594 12639 W fb4a.ServiceInfoParser: X.4W3: Service com.facebook.push.adm.ADMBroadcastReceiverJobBase is missing meta key com.facebook.common.jobscheduler.compat.jobIds
04-28 14:59:43.692 12594 12639 W fb4a.ServiceInfoParser: X.4W3: Service com.facebook.push.adm.ADMJobIntentService is missing meta key com.facebook.common.jobscheduler.compat.jobIds
04-28 14:59:43.692 12594 12639 W fb4a.ServiceInfoParser: X.4W3: Service com.facebook.push.negativefeedback.PushNegativeFeedbackFbJobIntentService is missing meta key com.facebook.common.jobscheduler.compat.jobIds
04-28 14:59:43.692 12594 12639 W fb4a.ServiceInfoParser: X.4W3: Service com.facebook.push.registration.RegistrarHelperService is missing meta key com.facebook.common.jobscheduler.compat.jobIds
04-28 14:59:43.692 12594 12639 W fb4a.ServiceInfoParser: X.4W3: Service com.facebook.feed.platformads.AppInstallService is missing meta key com.facebook.common.jobscheduler.compat.jobIds
04-28 14:59:43.692 12594 12639 W fb4a.ServiceInfoParser: X.4W3: Service com.google.android.gms.analytics.AnalyticsJobService is missing meta key com.facebook.common.jobscheduler.compat.jobIds
04-28 14:59:43.693 12594 12639 W fb4a.ServiceInfoParser: X.4W3: Service com.facebook.oxygen.preloads.sdk.firstparty.managedappcache.IsManagedAppCacheJobService is missing meta key com.facebook.common.jobscheduler.compat.jobIds
04-28 14:59:43.693 12594 12639 W fb4a.ServiceInfoParser: X.4W3: Service com.facebook.videolite.api.VideoUploadJobService is missing meta key com.facebook.common.jobscheduler.compat.jobIds
04-28 14:59:43.693 12594 12639 W fb4a.ServiceInfoParser: X.4W3: Service com.facebook.videolite.api.jobscheduler.UploadJobSchedulerService is missing meta key com.facebook.common.jobscheduler.compat.jobIds
04-28 14:59:43.693 12594 12639 W fb4a.ServiceInfoParser: X.4W3: Service androidx.work.impl.background.systemjob.SystemJobService is missing meta key com.facebook.common.jobscheduler.compat.jobIds
04-28 14:59:43.693 12594 12639 W fb4a.ServiceInfoParser: X.4W3: Service com.facebook.push.mqtt.service.MqttPushHelperService is missing meta key com.facebook.common.jobscheduler.compat.jobIds
04-28 14:59:43.693 12594 12639 W fb4a.ServiceInfoParser: X.4W3: Service com.facebook.reportaproblem.base.bugreport.BugReportUploadService is missing meta key com.facebook.common.jobscheduler.compat.jobIds
04-28 14:59:43.693 12594 12639 W fb4a.ServiceInfoParser: X.4W3: Service com.facebook.appcomponentmanager.AppComponentManagerService is missing meta key com.facebook.common.jobscheduler.compat.jobIds
04-28 14:59:43.693 12594 12639 W fb4a.ServiceInfoParser: X.4W3: Service com.facebook.fbservice.service.BlueServiceJobIntentService is missing meta key com.facebook.common.jobscheduler.compat.jobIds
04-28 14:59:43.693 12594 12639 W fb4a.ServiceInfoParser: X.4W3: Service com.facebook.delayedworker.DelayedWorkerService is missing meta key com.facebook.common.jobscheduler.compat.jobIds
04-28 14:59:43.693 12594 12639 W fb4a.ServiceInfoParser: X.4W3: Service com.facebook.analytics2.logger.service.LollipopUploadSafeService is missing meta key com.facebook.common.jobscheduler.compat.jobIds
04-28 14:59:43.693 12594 12639 W fb4a.ServiceInfoParser: X.4W3: Service com.facebook.analytics2.logger.legacy.uploader.LollipopUploadService is missing meta key com.facebook.common.jobscheduler.compat.jobIds
04-28 14:59:43.693 12594 12639 W fb4a.ServiceInfoParser: X.4W3: Service com.facebook.analytics2.logger.legacy.uploader.Analytics2UploadService is missing meta key com.facebook.common.jobscheduler.compat.jobIds
04-28 14:59:43.759 12795 12826 I Finsky:background: [11674] SCH: no pending jobs to schedule.
04-28 14:59:43.764 12795 12831 I Finsky:background: [11678] SCH: no pending jobs to schedule.
04-28 14:59:43.769 12795 12829 I Finsky:background: [11676] SCH: no pending jobs to schedule.
04-28 14:59:43.771  2443  3246 I CAE     : notifyCmdProcessResultObserver(ContextProvider.java:627) - CheckResult = 0, Cause = Success
04-28 14:59:43.798 12795 12844 I Finsky:background: [11687] IQ: Bulk scheduling created jobs
04-28 14:59:43.826 12795 12844 D WM-PackageManagerHelper: Skipping component enablement for androidx.work.impl.background.systemjob.SystemJobService
04-28 14:59:43.826 12795 12844 D WM-Schedulers: Created SystemJobScheduler and enabled SystemJobService
04-28 14:59:43.854  2443  2545 I ActivityManager: ProcessObserver broadcast disabled
04-28 14:59:44.095  2443  2545 I ActivityManager: ProcessObserver broadcast disabled
04-28 14:59:49.800  3175  3175 I {OngoingActivityDataHelper}: notifyRemoveItemNowbarObservers 0|com.android.systemui|12030705|null|10038 size = 1
04-28 14:59:50.470  2443  2545 I ActivityManager: ProcessObserver broadcast disabled
04-28 14:59:50.857  2443  2545 I ActivityManager: ProcessObserver broadcast disabled
04-28 14:59:52.540 12147 12182 W Finsky  : [11680] PreloadClasses: Unable to load [kotlinx.coroutines.internal.ThreadContextKt$countAll$1, kotlinx.coroutines.internal.ThreadContextKt$findOne$1, kotlinx.coroutines.internal.Threa
dContextKt$updateState$1, androidx.compose.runtime.snapshots.SnapshotKt$emptyLambda$1, androidx.compose.runtime.Recomposer$broadcastFrameClock$1, androidx.compose.runtime.Recomposer$recompositionRunner$2$unregisterApplyObserver
$1, androidx.compose.ui.platform.AndroidComposeView$keyInputModifier$1, androidx.compose.runtime.SlotTable, androidx.compose.runtime.ComposerImpl, androidx.compose.runtime.SlotReader, androidx.compose.runtime.SlotWriter, androi
dx.compose.runtime.SlotTableKt, androidx.compose.runtime.ComposableSingletons$CompositionKt$lambda-1$1, androidx.compose.runtime.ComposableSingletons$CompositionKt$lambda-2$1, androidx.compose.ui.platform.ComposableSingletons$W
rapper_androidKt$lambda-1$1, androidx.compose.ui.platform.AndroidComposeView$ViewTreeOwners, androidx.compose.ui.platform.WrappedComposition$setContent$1$1, androidx.compose.runtime.Recomposer$readObserverOf$1, androidx.compose
.runtime.Recomposer$writeObserverOf$1, androidx.compose.runtime.KeyInfo, androidx.compose.runtime.GroupInfo, androidx.compose.ui.platform.AndroidCompositionLocals_androidKt$LocalSavedStateRegistryOwner$1, androidx.compose.ui.pl
atform.AndroidCompositionLocals_androidKt$ProvideAndroidCompositionLocals$1$1, androidx.compose.runtime.saveable.SaveableStateRegistryKt$LocalSaveableStateRegistry$1, androidx.compose.material3.TypographyKt$LocalTypography$1, a
ndroidx.compose.material.ColorsKt$LocalColors$1, androidx.compose.material.ShapesKt$LocalShapes$1, androidx.compose.material.ContentAlphaKt$LocalContentAlpha$1, androidx.compose.foundation.IndicationKt$LocalIndication$1, androi
dx.compose.material.ripple.RippleThemeKt$LocalRippleTheme$1, androidx.compose.foundation.text.selection.TextSelectionColorsKt$LocalTextSelectionColors$1, androidx.compose.material.MaterialThemeKt$MaterialTheme$1, androidx.compo
se.material.TextKt$LocalTextStyle$1, androidx.compose.animation.core.InfiniteTransition$run$2, androidx.compose.animation.core.VectorConvertersKt$FloatToVector$1, androidx.compose.animation.core.VectorConvertersKt$FloatToVector
$2, androidx.compose.animation.core.VectorConvertersKt$IntToVector$2, androidx.compose.animation.core.VectorConvertersKt$DpToVector$1, androidx.compose.animation.core.VectorConvertersKt$DpToVector$2, androidx.compose.material.P
rogressIndicatorKt$CircularProgressIndicator$endAngle$2, androidx.compose.material.ProgressIndicatorKt$CircularProgressIndicator$startAngle$2, androidx.compose.foundation.ProgressSemanticsKt$progressSemantics$2, androidx.compos
e.material.MaterialThemeKt$MaterialTheme$2, androidx.compose.ui.platform.AndroidCompositionLocals_androidKt$ProvideAndroidCompositionLocals$4, androidx.compose.runtime.RememberManager, androidx.compose.foundation.IndicationKt$i
ndication$2, androidx.compose.foundation.text.selection.SelectionRegistrarKt$LocalSelectionRegistrar$1, androidx.compose.runtime.saveable.SaverKt$AutoSaver$1, androidx.compose.runtime.saveable.SaverKt$AutoSaver$2, androidx.comp
ose.runtime.snapshots.SnapshotStateList$StateListStateRecord, androidx.compose.material.ButtonKt$Button$2, androidx.compose.material.ElevationOverlayKt$LocalElevationOverlay$1, androidx.compose.material.ElevationOverlayKt$Local
AbsoluteElevation$1, androidx.compose.material.SurfaceKt$Surface$1, androidx.compose.material.TextKt$Text$4, androidx.compose.material.TextKt$ProvideTextStyle$1, androidx.compose.material.SurfaceKt$Surface$2, androidx.compose.m
aterial.ButtonKt$Button$3, androidx.compose.foundation.gestures.ScrollableStateKt$rememberScrollableState$1$1, androidx.compose.material.TextKt$Text$3, androidx.compose.material3.TextKt$Text$3, androidx.compose.foundation.layou
t.BoxWithConstraintsKt$BoxWithConstraints$1$1, androidx.compose.runtime.ComposerImpl$CompositionContextHolder, androidx.compose.runtime.ComposerImpl$CompositionContextImpl, androidx.compose.runtime.Updater$init$1, androidx.comp
ose.runtime.inte
04-28 15:00:01.025  2443  2545 I ActivityManager: ProcessObserver broadcast disabled
04-28 15:00:01.757  2443  5784 D PackageManager: setEnabledSetting : userId = 0 packageName = com.aboutjsp.thedaybefore cmp = androidx.work.impl.background.systemjob.SystemJobService newState = 1 callingPackage = com.aboutjsp.t
hedaybefore
04-28 15:00:02.006  2443  4658 W JobScheduler: Job didn't exist in JobStore: f82ef6 #u0a515/63583 com.aboutjsp.thedaybefore/androidx.work.impl.background.systemjob.SystemJobService
04-28 15:00:02.009  2443  4658 W JobScheduler: Job didn't exist in JobStore: 3f04482 #u0a515/63584 com.aboutjsp.thedaybefore/androidx.work.impl.background.systemjob.SystemJobService
04-28 15:00:02.279  2443  2545 I ActivityManager: ProcessObserver broadcast disabled
04-28 15:00:02.665  2443  5777 W JobScheduler: Job didn't exist in JobStore: 71a6056 #u0a515/63585 com.aboutjsp.thedaybefore/androidx.work.impl.background.systemjob.SystemJobService
04-28 15:00:13.211 32765 32765 D WM-WorkerWrapper: Starting work for com.onestore.android.shopclient.worker.ReschedulePersistedJobsWorker
04-28 15:00:13.277 32765   453 I WM-WorkerWrapper: Worker result SUCCESS for Work [ id=92452c12-8076-4e75-b2ed-7c618a1f4b5b, tags={ com.onestore.android.shopclient.worker.ReschedulePersistedJobsWorker } ]
04-28 15:00:13.324 32765   453 D WM-SystemJobScheduler: Scheduling work ID 92452c12-8076-4e75-b2ed-7c618a1f4b5bJob ID 46325
04-28 15:00:15.588  2443  2545 I ActivityManager: ProcessObserver broadcast disabled
04-28 15:00:15.775 24189 24189 I HoneySpace.EdgePanel.KeyboardVisibleObserver: updateSipStatus: 1 0 979 0
04-28 15:00:16.198 13481 13540 D WM-PackageManagerHelper: Skipping component enablement for androidx.work.impl.background.systemjob.SystemJobService
04-28 15:00:16.198 13481 13540 D WM-Schedulers: Created SystemJobScheduler and enabled SystemJobService
04-28 15:00:16.246 13481 13546 D WM-SystemJobScheduler: Scheduling work ID cc728168-24b8-4cf5-85c6-8ad7e46f8cf6Job ID 47221
04-28 15:00:16.274 13481 13481 D WM-SystemJobService: onStartJob for WorkGenerationalId(workSpecId=cc728168-24b8-4cf5-85c6-8ad7e46f8cf6, generation=0)
04-28 15:00:16.279 13481 13481 D WM-SystemJobService: cc728168-24b8-4cf5-85c6-8ad7e46f8cf6 executed on JobScheduler
04-28 15:00:16.286 13481 13557 D WM-SystemJobScheduler: Scheduling work ID cc728168-24b8-4cf5-85c6-8ad7e46f8cf6Job ID 47221
04-28 15:00:16.442 24189 24189 I HoneySpace.EdgePanel.KeyboardVisibleObserver: updateSipStatus: 0 1 0 979
04-28 15:00:18.823  2443  2545 I ActivityManager: ProcessObserver broadcast disabled
04-28 15:00:19.931  2443  2850 E JobScheduler.Background: Couldn't determine stopped state for unknown package: com.samsung.android.sm.policy
04-28 15:00:19.932  2443  2850 E JobScheduler.Background: Couldn't determine stopped state for unknown package: com.facebook.appmanager
04-28 15:00:19.932  2443  2850 E JobScheduler.Background: Couldn't determine stopped state for unknown package: com.facebook.appmanager
04-28 15:00:19.932  2443  2850 E JobScheduler.Background: Couldn't determine stopped state for unknown package: com.facebook.appmanager
04-28 15:00:19.932  2443  2850 E JobScheduler.Background: Couldn't determine stopped state for unknown package: com.facebook.appmanager
04-28 15:00:19.932  2443  2850 E JobScheduler.Background: Couldn't determine stopped state for unknown package: com.facebook.appmanager
04-28 15:00:19.933  2443  2850 E JobScheduler.Background: Couldn't determine stopped state for unknown package: com.samsung.android.tadownloader
04-28 15:00:19.957  2443  2545 I ActivityManager: ProcessObserver broadcast disabled
04-28 15:00:20.837 13623 13637 I [CE]_GeofenceChangeObserver: registerHomeGeofenceChangedObserver - Start registering Home Geofence by Inference Manager
04-28 15:00:20.845 13623 13637 I [CE]_GeofenceChangeObserver: registerHomeGeofenceChangedObserver - registering (Near) Home Geofence
04-28 15:00:20.901  2443  2850 E JobScheduler.Background: Couldn't determine stopped state for unknown package: com.samsung.android.sm.policy
04-28 15:00:20.901  2443  2850 E JobScheduler.Background: Couldn't determine stopped state for unknown package: com.facebook.appmanager
04-28 15:00:20.901  2443  2850 E JobScheduler.Background: Couldn't determine stopped state for unknown package: com.facebook.appmanager
04-28 15:00:20.901  2443  2850 E JobScheduler.Background: Couldn't determine stopped state for unknown package: com.facebook.appmanager
04-28 15:00:20.902  2443  2850 E JobScheduler.Background: Couldn't determine stopped state for unknown package: com.facebook.appmanager
04-28 15:00:20.902  2443  2850 E JobScheduler.Background: Couldn't determine stopped state for unknown package: com.facebook.appmanager
04-28 15:00:20.904  2443  2850 E JobScheduler.Background: Couldn't determine stopped state for unknown package: com.samsung.android.tadownloader
04-28 15:00:20.919  2443  3322 I CAE     : notifyCmdProcessResultObserver(ContextProvider.java:627) - CheckResult = 0, Cause = Success
04-28 15:00:20.922  2443  3285 D SLocation: GeopointGeofenceObserver - location : [N, A : 100.00, T : 1777356020868, ET : 3528256521, h : 18/18], radius : 14609
04-28 15:00:20.929  2443  3322 I CAE     : notifyCmdProcessResultObserver(ContextProvider.java:627) - CheckResult = 0, Cause = Success
04-28 15:00:20.933 13623 13637 I [CE]_GeofenceChangeObserver: registerHomeGeofenceChangedObserver - Start registering Home Geofence by Inference Manager
04-28 15:00:20.933 13623 13637 I [CE]_GeofenceChangeObserver: registerHomeGeofenceChangedObserver - same Home geofence, no need to update
04-28 15:00:20.952 13623 13637 I [CE]_GeofenceChangeObserver: registerWorkGeofenceChangedObserver - Start registering Work Geofence by Inference Manager
04-28 15:00:20.959 13623 13637 I [CE]_GeofenceChangeObserver: registerWorkGeofenceChangedObserver - registering (Near) Work Geofence
04-28 15:00:21.022  2443  3285 D SLocation: GeopointGeofenceObserver - location : [N, A : 100.00, T : 1777356020868, ET : 3528256521, h : 18/18], radius : 14609
04-28 15:00:21.026  2443  3285 D SLocation: GeopointGeofenceObserver - location : [N, A : 100.00, T : 1777356020868, ET : 3528256521, h : 18/18], radius : 14609
04-28 15:00:21.031  2443  3285 D SLocation: GeopointGeofenceObserver - location : [N, A : 100.00, T : 1777356020868, ET : 3528256521, h : 18/18], radius : 14609
04-28 15:00:21.035  2443  3285 D SLocation: GeopointGeofenceObserver - location : [N, A : 100.00, T : 1777356020868, ET : 3528256521, h : 18/18], radius : 14609
04-28 15:00:21.045  2443  3285 D SLocation: GeopointGeofenceObserver - location : [N, A : 100.00, T : 1777356020868, ET : 3528256521, h : 18/18], radius : 14609
04-28 15:00:21.046 13623 13637 I [CE]_GeofenceChangeObserver: registerOtherGeofenceObservers - notify FVP List Changed
04-28 15:00:21.062  2443  3285 D SLocation: GeopointGeofenceObserver - location : [N, A : 100.00, T : 1777356020868, ET : 3528256521, h : 18/18], radius : 14609
04-28 15:00:21.067  2443  3285 D SLocation: GeopointGeofenceObserver - location : [N, A : 100.00, T : 1777356020868, ET : 3528256521, h : 18/18], radius : 14609
04-28 15:00:21.080  2443  3285 D SLocation: GeopointGeofenceObserver - location : [N, A : 100.00, T : 1777356020868, ET : 3528256521, h : 18/18], radius : 14609
04-28 15:00:21.086  2443  3285 D SLocation: GeopointGeofenceObserver - location : [N, A : 100.00, T : 1777356020868, ET : 3528256521, h : 18/18], radius : 14609
04-28 15:00:21.091 13623 13637 I [CE]_GeofenceChangeObserver: GeofenceChanged: - ceHome Enter, preHome=true, preWork=false, preNearHome=true, preNearWork=false
04-28 15:00:21.091 13623 13637 I [CE]_GeofenceChangeObserver: GeofenceChanged: - ceNearHome Enter, preHome=true, preWork=false, preNearHome=true, preNearWork=false
04-28 15:00:21.094  2443  3285 D SLocation: GeopointGeofenceObserver - location : [N, A : 100.00, T : 1777356020868, ET : 3528256521, h : 18/18], radius : 14609
04-28 15:00:21.098 13623 13637 I [CE]_GeofenceChangeObserver: GeofenceChanged: - ceWork Exit, preHome=true, preWork=false, preNearHome=true, preNearWork=false
04-28 15:00:21.098 13623 13637 I [CE]_GeofenceChangeObserver: GeofenceChanged: - ceNearWork Exit, preHome=true, preWork=false, preNearHome=true, preNearWork=false
04-28 15:00:21.099 13623 13637 I [CE]_GeofenceChangeObserver: GeofenceChanged: - ceOther52 Exit
04-28 15:00:21.099  2443  3285 D SLocation: GeopointGeofenceObserver - location : [N, A : 100.00, T : 1777356020868, ET : 3528256521, h : 18/18], radius : 14609
04-28 15:00:21.101 13623 13637 I [CE]_GeofenceChangeObserver: GeofenceChanged: - ceOther7 Exit
04-28 15:00:21.102  2443  3285 D SLocation: GeopointGeofenceObserver - location : [N, A : 100.00, T : 1777356020868, ET : 3528256521, h : 18/18], radius : 14609
04-28 15:00:21.102 13623 13637 I [CE]_GeofenceChangeObserver: GeofenceChanged: - ceOther1 Exit
04-28 15:00:21.104 13623 13637 I [CE]_GeofenceChangeObserver: GeofenceChanged: - ceOther3 Exit
04-28 15:00:21.105 13623 13637 I [CE]_GeofenceChangeObserver: GeofenceChanged: - ceOther31 Exit
04-28 15:00:21.107 13623 13637 I [CE]_GeofenceChangeObserver: GeofenceChanged: - ceOther67 Exit
04-28 15:00:21.108 13623 13637 I [CE]_GeofenceChangeObserver: GeofenceChanged: - ceOther77 Exit
04-28 15:00:21.109 13623 13637 I [CE]_GeofenceChangeObserver: GeofenceChanged: - ceOther6 Exit
04-28 15:00:21.110 13623 13637 I [CE]_GeofenceChangeObserver: GeofenceChanged: - ceOther93 Exit
04-28 15:00:21.111 13623 13637 I [CE]_GeofenceChangeObserver: GeofenceChanged: - ceOther120 Exit
04-28 15:00:21.113 13623 13637 I [CE]_GeofenceChangeObserver: GeofenceChanged: - ceOther155 Exit
04-28 15:00:21.114 13623 13637 I [CE]_GeofenceChangeObserver: GeofenceChanged: - ceOther106 Exit
04-28 15:00:21.117 13623 13637 I [CE]_GeofenceChangeObserver: GeofenceChanged: - ceOther81 Exit
04-28 15:00:21.119 13623 13637 I [CE]_GeofenceChangeObserver: GeofenceChanged: - ceOther35 Exit
04-28 15:00:21.121  2443  3322 I CAE     : notifyCmdProcessResultObserver(ContextProvider.java:627) - CheckResult = 0, Cause = Success
04-28 15:00:27.692 21567 21567 I [MCFDs]_BudsDeviceObserver: updateDeviceVolume - 110 to 100
04-28 15:00:27.748  3175  3175 D SecVolume.VolumePanelStore: subscribe : observer count=4, observer=com.android.systemui.volume.view.VolumeRowView{b5af7ed V.E...... ......I. 0,0-0,0 #7f0a0f58 app:id/volume_row_view}
04-28 15:00:27.749  3175  3175 D SecVolume.VolumePanelStore: subscribe : observer count=5, observer=com.android.systemui.volume.view.VolumeSeekBar{b93f622 V.ED..... ......ID 0,0-0,0 #7f0a0f59 app:id/volume_seekbar}
04-28 15:00:27.749  3175  3175 D SecVolume.VolumePanelStore: subscribe : observer count=6, observer=com.android.systemui.volume.view.icon.VPVolumeIcon{34a58b3 V.E...... ......I. 0,0-0,0 #7f0a0f0e app:id/volume_button}
04-28 15:00:27.909 21567 21567 I [MCFDs]_BudsDeviceObserver: updateDeviceVolume - 100 to 90
04-28 15:00:27.946 21567 21567 I [MCFDs]_BudsDeviceObserver: updateDeviceVolume - 90 to 80
04-28 15:00:27.998 21567 21567 I [MCFDs]_BudsDeviceObserver: updateDeviceVolume - 80 to 70
04-28 15:00:28.061 21567 21567 I [MCFDs]_BudsDeviceObserver: updateDeviceVolume - 70 to 60
04-28 15:00:28.689 21567 21567 I [MCFDs]_BudsDeviceObserver: updateDeviceVolume - 60 to 50
04-28 15:00:28.906 21567 21567 I [MCFDs]_BudsDeviceObserver: updateDeviceVolume - 50 to 40
04-28 15:00:29.150 21567 21567 I [MCFDs]_BudsDeviceObserver: updateDeviceVolume - 40 to 30
04-28 15:00:29.515  2443  2902 W InputDispatcher: partially obscured by 5e53fe4 Volume
04-28 15:00:29.698  3175  3175 D VolumeUnsubscriber: dispose() : main thread, remove observer=com.android.systemui.volume.view.VolumeSeekBar{b93f622 V.ED..... ......ID -209,0-315,524 #7f0a0f59 app:id/volume_seekbar}
04-28 15:00:29.698  3175  3175 D VolumeUnsubscriber: dispose() : main thread, remove observer=com.android.systemui.volume.view.icon.VPVolumeIcon{34a58b3 V.E...... .......D 0,0-105,105 #7f0a0f0e app:id/volume_button}
04-28 15:00:29.698  3175  3175 D VolumeUnsubscriber: dispose() : main thread, remove observer=com.android.systemui.volume.view.VolumeRowView{b5af7ed V.E...... ......ID 0,0-197,631 #7f0a0f58 app:id/volume_row_view}
04-28 15:00:29.934  2443  2850 E JobScheduler.Background: Couldn't determine stopped state for unknown package: com.samsung.android.sm.policy
04-28 15:00:29.936  2443  2850 E JobScheduler.Background: Couldn't determine stopped state for unknown package: com.facebook.appmanager
04-28 15:00:29.937  2443  2850 E JobScheduler.Background: Couldn't determine stopped state for unknown package: com.facebook.appmanager
04-28 15:00:29.937  2443  2850 E JobScheduler.Background: Couldn't determine stopped state for unknown package: com.facebook.appmanager
04-28 15:00:29.937  2443  2850 E JobScheduler.Background: Couldn't determine stopped state for unknown package: com.facebook.appmanager
04-28 15:00:29.937  2443  2850 E JobScheduler.Background: Couldn't determine stopped state for unknown package: com.facebook.appmanager
04-28 15:00:29.938  2443  2850 E JobScheduler.Background: Couldn't determine stopped state for unknown package: com.samsung.android.tadownloader
04-28 15:00:30.138  2443  2545 I ActivityManager: ProcessObserver broadcast disabled
04-28 15:00:30.899  2443  2850 E JobScheduler.Background: Couldn't determine stopped state for unknown package: com.samsung.android.sm.policy
04-28 15:00:30.899  2443  2850 E JobScheduler.Background: Couldn't determine stopped state for unknown package: com.facebook.appmanager
04-28 15:00:30.899  2443  2850 E JobScheduler.Background: Couldn't determine stopped state for unknown package: com.facebook.appmanager
04-28 15:00:30.899  2443  2850 E JobScheduler.Background: Couldn't determine stopped state for unknown package: com.facebook.appmanager
04-28 15:00:30.899  2443  2850 E JobScheduler.Background: Couldn't determine stopped state for unknown package: com.facebook.appmanager
04-28 15:00:30.900  2443  2850 E JobScheduler.Background: Couldn't determine stopped state for unknown package: com.facebook.appmanager
04-28 15:00:30.900  2443  2850 E JobScheduler.Background: Couldn't determine stopped state for unknown package: com.samsung.android.tadownloader
04-28 15:00:34.444 12199 12976 W MobileModuleQPLObserver.cpp: Ignored unsupported key type: string
04-28 15:00:34.620  2443  2545 I ActivityManager: ProcessObserver broadcast disabled
04-28 15:00:38.580 12199 12976 W MobileModuleQPLObserver.cpp: Ignored unsupported key type: string
04-28 15:00:40.901  2443  3285 D SLocation: GeopointGeofenceObserver - location : [N, A : 100.00, T : 1777356040872, ET : 3528276525, h : 18/18], radius : 14609
04-28 15:00:40.904  2443  2850 E JobScheduler.Background: Couldn't determine stopped state for unknown package: com.samsung.android.sm.policy
04-28 15:00:40.904  2443  2850 E JobScheduler.Background: Couldn't determine stopped state for unknown package: com.facebook.appmanager
04-28 15:00:40.904  2443  2850 E JobScheduler.Background: Couldn't determine stopped state for unknown package: com.facebook.appmanager
04-28 15:00:40.904  2443  2850 E JobScheduler.Background: Couldn't determine stopped state for unknown package: com.facebook.appmanager
04-28 15:00:40.904  2443  2850 E JobScheduler.Background: Couldn't determine stopped state for unknown package: com.facebook.appmanager
04-28 15:00:40.905  2443  2850 E JobScheduler.Background: Couldn't determine stopped state for unknown package: com.facebook.appmanager
04-28 15:00:40.907  2443  2850 E JobScheduler.Background: Couldn't determine stopped state for unknown package: com.samsung.android.tadownloader
04-28 15:00:50.908  2443  2850 E JobScheduler.Background: Couldn't determine stopped state for unknown package: com.samsung.android.sm.policy
04-28 15:00:50.909  2443  2850 E JobScheduler.Background: Couldn't determine stopped state for unknown package: com.facebook.appmanager
04-28 15:00:50.909  2443  2850 E JobScheduler.Background: Couldn't determine stopped state for unknown package: com.facebook.appmanager
04-28 15:00:50.910  2443  2850 E JobScheduler.Background: Couldn't determine stopped state for unknown package: com.facebook.appmanager
04-28 15:00:50.910  2443  2850 E JobScheduler.Background: Couldn't determine stopped state for unknown package: com.facebook.appmanager
04-28 15:00:50.911  2443  2850 E JobScheduler.Background: Couldn't determine stopped state for unknown package: com.facebook.appmanager
04-28 15:00:50.912  2443  2850 E JobScheduler.Background: Couldn't determine stopped state for unknown package: com.samsung.android.tadownloader
04-28 15:00:51.102  2443  2545 I ActivityManager: ProcessObserver broadcast disabled
04-28 15:01:13.622  2443  5777 I CAE     : notifyCmdProcessResultObserver(ContextProvider.java:627) - CheckResult = 0, Cause = Success
04-28 15:01:13.893  2443  2472 I CAE     : notifyCmdProcessResultObserver(ContextProvider.java:627) - CheckResult = 0, Cause = Success
04-28 15:01:30.132  2443  2850 E JobScheduler.Background: Couldn't determine stopped state for unknown package: com.samsung.android.sm.policy
04-28 15:01:30.132  2443  2850 E JobScheduler.Background: Couldn't determine stopped state for unknown package: com.facebook.appmanager
04-28 15:01:30.134  2443  2850 E JobScheduler.Background: Couldn't determine stopped state for unknown package: com.facebook.appmanager
04-28 15:01:30.134  2443  2850 E JobScheduler.Background: Couldn't determine stopped state for unknown package: com.facebook.appmanager
04-28 15:01:30.134  2443  2850 E JobScheduler.Background: Couldn't determine stopped state for unknown package: com.facebook.appmanager
04-28 15:01:30.134  2443  2850 E JobScheduler.Background: Couldn't determine stopped state for unknown package: com.facebook.appmanager
04-28 15:01:30.136  2443  2850 E JobScheduler.Background: Couldn't determine stopped state for unknown package: com.samsung.android.tadownloader
04-28 15:01:32.944  2443  2544 W ActivityManager: Stopping service due to app idle: u0a346 -6m48s629ms com.instagram.android/com.instagram.jobscheduler.bgfetch.scheduler.IgBgFetchTaskLifeService
04-28 15:01:40.135  2443  2850 E JobScheduler.Background: Couldn't determine stopped state for unknown package: com.samsung.android.sm.policy
04-28 15:01:40.136  2443  2850 E JobScheduler.Background: Couldn't determine stopped state for unknown package: com.facebook.appmanager
04-28 15:01:40.136  2443  2850 E JobScheduler.Background: Couldn't determine stopped state for unknown package: com.facebook.appmanager
04-28 15:01:40.136  2443  2850 E JobScheduler.Background: Couldn't determine stopped state for unknown package: com.facebook.appmanager
04-28 15:01:40.136  2443  2850 E JobScheduler.Background: Couldn't determine stopped state for unknown package: com.facebook.appmanager
04-28 15:01:40.136  2443  2850 E JobScheduler.Background: Couldn't determine stopped state for unknown package: com.facebook.appmanager
04-28 15:01:40.136  2443  2850 E JobScheduler.Background: Couldn't determine stopped state for unknown package: com.samsung.android.tadownloader
04-28 15:01:40.681  2443  2545 I ActivityManager: ProcessObserver broadcast disabled
04-28 15:01:40.792 14179 14201 W FileBasedMultiProcessTracker: <default>: Observed removed PID: 12594
04-28 15:01:46.040  3175  3175 D BrightnessControllerObserver: BrightnessObserver.onChange() : auto_brightness_transition_time
04-28 15:01:46.042  3175  3175 D BrightnessControllerObserver: BrightnessObserver.onChange() : auto_brightness_transition_time
