04-28 14:47:12.359  2443  3285 D SLocation: GeopointGeofenceObserver - location : [N, A : 11.88, T : 1777355210785, ET : 3527446229, h : 18/18], radius : 14609
04-28 14:47:12.362  2443  3285 D SLocation: GeopointGeofenceObserver - location : [N, A : 11.88, T : 1777355210785, ET : 3527446229, h : 18/18], radius : 14609
04-28 14:47:12.367  2443  3285 D SLocation: GeopointGeofenceObserver - location : [N, A : 11.88, T : 1777355210785, ET : 3527446229, h : 18/18], radius : 14609
04-28 14:47:12.380  2443  3285 D SLocation: GeopointGeofenceObserver - location : [N, A : 11.88, T : 1777355210785, ET : 3527446229, h : 18/18], radius : 14609
04-28 14:47:12.391  2443  3285 D SLocation: GeopointGeofenceObserver - location : [N, A : 11.88, T : 1777355210785, ET : 3527446229, h : 18/18], radius : 14609
04-28 14:47:12.405  2443  3285 D SLocation: GeopointGeofenceObserver - location : [N, A : 11.88, T : 1777355210785, ET : 3527446229, h : 18/18], radius : 14609
04-28 14:47:12.414 31082 31098 I [CE]_GeofenceChangeObserver: registerOtherGeofenceObservers - notify FVP List Changed
04-28 14:47:12.415  2443  3285 D SLocation: GeopointGeofenceObserver - location : [N, A : 11.88, T : 1777355210785, ET : 3527446229, h : 18/18], radius : 14609
04-28 14:47:12.418  2443  3285 D SLocation: GeopointGeofenceObserver - location : [N, A : 11.88, T : 1777355210785, ET : 3527446229, h : 18/18], radius : 14609
04-28 14:47:12.419 31082 31098 I [CE]_GeofenceChangeObserver: GeofenceChanged: - ceHome Enter, preHome=true, preWork=false, preNearHome=true, preNearWork=false
04-28 14:47:12.425  2443  3285 D SLocation: GeopointGeofenceObserver - location : [N, A : 11.88, T : 1777355210785, ET : 3527446229, h : 18/18], radius : 14609
04-28 14:47:12.428 31082 31098 I [CE]_GeofenceChangeObserver: GeofenceChanged: - ceNearHome Enter, preHome=true, preWork=false, preNearHome=true, preNearWork=false
04-28 14:47:12.428  2443  3285 D SLocation: GeopointGeofenceObserver - location : [N, A : 11.88, T : 1777355210785, ET : 3527446229, h : 18/18], radius : 14609
04-28 14:47:12.435 31082 31098 I [CE]_GeofenceChangeObserver: GeofenceChanged: - ceWork Exit, preHome=true, preWork=false, preNearHome=true, preNearWork=false
04-28 14:47:12.437 31082 31098 I [CE]_GeofenceChangeObserver: GeofenceChanged: - ceNearWork Exit, preHome=true, preWork=false, preNearHome=true, preNearWork=false
04-28 14:47:12.439 31082 31098 I [CE]_GeofenceChangeObserver: GeofenceChanged: - ceOther52 Exit
04-28 14:47:12.442 31082 31098 I [CE]_GeofenceChangeObserver: GeofenceChanged: - ceOther7 Exit
04-28 14:47:12.444  2443  3285 D SLocation: GeopointGeofenceObserver - location : [N, A : 11.88, T : 1777355210785, ET : 3527446229, h : 18/18], radius : 14609
04-28 14:47:12.445 31082 31098 I [CE]_GeofenceChangeObserver: GeofenceChanged: - ceOther1 Exit
04-28 14:47:12.448 31082 31098 I [CE]_GeofenceChangeObserver: GeofenceChanged: - ceOther3 Exit
04-28 14:47:12.449 31082 31098 I [CE]_GeofenceChangeObserver: GeofenceChanged: - ceOther31 Exit
04-28 14:47:12.451 31082 31098 I [CE]_GeofenceChangeObserver: GeofenceChanged: - ceOther67 Exit
04-28 14:47:12.455 31082 31098 I [CE]_GeofenceChangeObserver: GeofenceChanged: - ceOther77 Exit
04-28 14:47:12.458 31082 31098 I [CE]_GeofenceChangeObserver: GeofenceChanged: - ceOther6 Exit
04-28 14:47:12.461 31082 31098 I [CE]_GeofenceChangeObserver: GeofenceChanged: - ceOther93 Exit
04-28 14:47:12.464 31082 31098 I [CE]_GeofenceChangeObserver: GeofenceChanged: - ceOther120 Exit
04-28 14:47:12.467 31082 31098 I [CE]_GeofenceChangeObserver: GeofenceChanged: - ceOther155 Exit
04-28 14:47:12.471 31082 31098 I [CE]_GeofenceChangeObserver: GeofenceChanged: - ceOther106 Exit
04-28 14:47:12.473 31082 31098 I [CE]_GeofenceChangeObserver: GeofenceChanged: - ceOther81 Exit
04-28 14:47:12.479 31082 31098 I [CE]_GeofenceChangeObserver: GeofenceChanged: - ceOther35 Exit
04-28 14:47:12.480  2443  3322 I CAE     : notifyCmdProcessResultObserver(ContextProvider.java:627) - CheckResult = 0, Cause = Success
04-28 14:47:20.743  2443  2850 E JobScheduler.Background: Couldn't determine stopped state for unknown package: com.samsung.android.sm.policy
04-28 14:47:20.744  2443  2850 E JobScheduler.Background: Couldn't determine stopped state for unknown package: com.facebook.appmanager
04-28 14:47:20.744  2443  2850 E JobScheduler.Background: Couldn't determine stopped state for unknown package: com.facebook.appmanager
04-28 14:47:20.744  2443  2850 E JobScheduler.Background: Couldn't determine stopped state for unknown package: com.facebook.appmanager
04-28 14:47:20.744  2443  2850 E JobScheduler.Background: Couldn't determine stopped state for unknown package: com.facebook.appmanager
04-28 14:47:20.744  2443  2850 E JobScheduler.Background: Couldn't determine stopped state for unknown package: com.facebook.appmanager
04-28 14:47:20.744  2443  2850 E JobScheduler.Background: Couldn't determine stopped state for unknown package: com.samsung.android.tadownloader
04-28 14:47:44.061  2443  2545 I ActivityManager: Start proc 31397:com.aboutjsp.thedaybefore/u0a515 for service {com.aboutjsp.thedaybefore/androidx.work.impl.background.systemjob.SystemJobService}
04-28 14:47:44.061  2443  2545 I ActivityManager: ProcessObserver broadcast disabled
04-28 14:47:44.863  2443  2545 I ActivityManager: ProcessObserver broadcast disabled
04-28 14:47:44.888  2443  4195 D PackageManager: setEnabledSetting : userId = 0 packageName = com.aboutjsp.thedaybefore cmp = androidx.work.impl.background.systemjob.SystemJobService newState = 1 callingPackage = com.aboutjsp.t
hedaybefore
04-28 14:47:45.097 31501 31551 W FileBasedMultiProcessTracker: <default>: Observed removed PID: 30649
04-28 14:47:45.136  2443  2443 W JobScheduler: Job didn't exist in JobStore: 7fc7c61 #u0a515/63580 com.aboutjsp.thedaybefore/androidx.work.impl.background.systemjob.SystemJobService
04-28 14:47:45.199  2443  3255 W JobScheduler: Job didn't exist in JobStore: 9760b90 #u0a515/63581 com.aboutjsp.thedaybefore/androidx.work.impl.background.systemjob.SystemJobService
04-28 14:47:45.205  2443  4195 W JobScheduler: Job didn't exist in JobStore: 37c0578 #u0a515/63580 com.aboutjsp.thedaybefore/androidx.work.impl.background.systemjob.SystemJobService
04-28 14:47:45.282  2443  2545 I ActivityManager: ProcessObserver broadcast disabled
04-28 14:47:45.420 18219 18219 I IDS_TAG : Starting IDS observe window
04-28 14:47:45.423 18219 18219 I IDS_TAG : Closing IDS observe window
04-28 14:47:45.937  2443  2545 I ActivityManager: ProcessObserver broadcast disabled
04-28 14:47:46.223  2443  5790 W JobScheduler: Job didn't exist in JobStore: 1e7544 {androidx.work.systemjobscheduler} #u0a345/195188 @androidx.work.systemjobscheduler@com.kakao.talk/androidx.work.impl.background.systemjob.Syst
emJobService
04-28 14:47:46.928  2443  2545 I ActivityManager: ProcessObserver broadcast disabled
04-28 14:47:47.185 31939 31982 I Finsky:background: [11678] IQ: no jobs active. Skipping
04-28 14:47:47.237 31939 31979 I Finsky:background: [11676] IQ: no jobs active. Skipping
04-28 14:47:49.966 12734 13899 W MobileModuleQPLObserver.cpp: Ignored unsupported key type: string
04-28 14:48:06.346 31611 31800 W Finsky  : [11684] PreloadClasses: Unable to load [kotlinx.coroutines.internal.ThreadContextKt$countAll$1, kotlinx.coroutines.internal.ThreadContextKt$findOne$1, kotlinx.coroutines.internal.Threa
dContextKt$updateState$1, androidx.compose.runtime.snapshots.SnapshotKt$emptyLambda$1, androidx.compose.runtime.Recomposer$broadcastFrameClock$1, androidx.compose.runtime.Recomposer$recompositionRunner$2$unregisterApplyObserver
$1, androidx.compose.ui.platform.AndroidComposeView$keyInputModifier$1, androidx.compose.runtime.SlotTable, androidx.compose.runtime.ComposerImpl, androidx.compose.runtime.SlotReader, androidx.compose.runtime.SlotWriter, androi
dx.compose.runtime.SlotTableKt, androidx.compose.runtime.ComposableSingletons$CompositionKt$lambda-1$1, androidx.compose.runtime.ComposableSingletons$CompositionKt$lambda-2$1, androidx.compose.ui.platform.ComposableSingletons$W
rapper_androidKt$lambda-1$1, androidx.compose.ui.platform.AndroidComposeView$ViewTreeOwners, androidx.compose.ui.platform.WrappedComposition$setContent$1$1, androidx.compose.runtime.Recomposer$readObserverOf$1, androidx.compose
.runtime.Recomposer$writeObserverOf$1, androidx.compose.runtime.KeyInfo, androidx.compose.runtime.GroupInfo, androidx.compose.ui.platform.AndroidCompositionLocals_androidKt$LocalSavedStateRegistryOwner$1, androidx.compose.ui.pl
atform.AndroidCompositionLocals_androidKt$ProvideAndroidCompositionLocals$1$1, androidx.compose.runtime.saveable.SaveableStateRegistryKt$LocalSaveableStateRegistry$1, androidx.compose.material3.TypographyKt$LocalTypography$1, a
ndroidx.compose.material.ColorsKt$LocalColors$1, androidx.compose.material.ShapesKt$LocalShapes$1, androidx.compose.material.ContentAlphaKt$LocalContentAlpha$1, androidx.compose.foundation.IndicationKt$LocalIndication$1, androi
dx.compose.material.ripple.RippleThemeKt$LocalRippleTheme$1, androidx.compose.foundation.text.selection.TextSelectionColorsKt$LocalTextSelectionColors$1, androidx.compose.material.MaterialThemeKt$MaterialTheme$1, androidx.compo
se.material.TextKt$LocalTextStyle$1, androidx.compose.animation.core.InfiniteTransition$run$2, androidx.compose.animation.core.VectorConvertersKt$FloatToVector$1, androidx.compose.animation.core.VectorConvertersKt$FloatToVector
$2, androidx.compose.animation.core.VectorConvertersKt$IntToVector$2, androidx.compose.animation.core.VectorConvertersKt$DpToVector$1, androidx.compose.animation.core.VectorConvertersKt$DpToVector$2, androidx.compose.material.P
rogressIndicatorKt$CircularProgressIndicator$endAngle$2, androidx.compose.material.ProgressIndicatorKt$CircularProgressIndicator$startAngle$2, androidx.compose.foundation.ProgressSemanticsKt$progressSemantics$2, androidx.compos
e.material.MaterialThemeKt$MaterialTheme$2, androidx.compose.ui.platform.AndroidCompositionLocals_androidKt$ProvideAndroidCompositionLocals$4, androidx.compose.runtime.RememberManager, androidx.compose.foundation.IndicationKt$i
ndication$2, androidx.compose.foundation.text.selection.SelectionRegistrarKt$LocalSelectionRegistrar$1, androidx.compose.runtime.saveable.SaverKt$AutoSaver$1, androidx.compose.runtime.saveable.SaverKt$AutoSaver$2, androidx.comp
ose.runtime.snapshots.SnapshotStateList$StateListStateRecord, androidx.compose.material.ButtonKt$Button$2, androidx.compose.material.ElevationOverlayKt$LocalElevationOverlay$1, androidx.compose.material.ElevationOverlayKt$Local
AbsoluteElevation$1, androidx.compose.material.SurfaceKt$Surface$1, androidx.compose.material.TextKt$Text$4, androidx.compose.material.TextKt$ProvideTextStyle$1, androidx.compose.material.SurfaceKt$Surface$2, androidx.compose.m
aterial.ButtonKt$Button$3, androidx.compose.foundation.gestures.ScrollableStateKt$rememberScrollableState$1$1, androidx.compose.material.TextKt$Text$3, androidx.compose.material3.TextKt$Text$3, androidx.compose.foundation.layou
t.BoxWithConstraintsKt$BoxWithConstraints$1$1, androidx.compose.runtime.ComposerImpl$CompositionContextHolder, androidx.compose.runtime.ComposerImpl$CompositionContextImpl, androidx.compose.runtime.Updater$init$1, androidx.comp
ose.runtime.inte
04-28 14:48:25.047  2443  2850 E JobScheduler.Background: Couldn't determine stopped state for unknown package: com.samsung.android.sm.policy
04-28 14:48:25.048  2443  2850 E JobScheduler.Background: Couldn't determine stopped state for unknown package: com.facebook.appmanager
04-28 14:48:25.048  2443  2850 E JobScheduler.Background: Couldn't determine stopped state for unknown package: com.facebook.appmanager
04-28 14:48:25.048  2443  2850 E JobScheduler.Background: Couldn't determine stopped state for unknown package: com.facebook.appmanager
04-28 14:48:25.048  2443  2850 E JobScheduler.Background: Couldn't determine stopped state for unknown package: com.facebook.appmanager
04-28 14:48:25.049  2443  2850 E JobScheduler.Background: Couldn't determine stopped state for unknown package: com.facebook.appmanager
04-28 14:48:25.050  2443  2850 E JobScheduler.Background: Couldn't determine stopped state for unknown package: com.samsung.android.tadownloader
04-28 14:48:35.054  2443  2850 E JobScheduler.Background: Couldn't determine stopped state for unknown package: com.samsung.android.sm.policy
04-28 14:48:35.055  2443  2850 E JobScheduler.Background: Couldn't determine stopped state for unknown package: com.facebook.appmanager
04-28 14:48:35.055  2443  2850 E JobScheduler.Background: Couldn't determine stopped state for unknown package: com.facebook.appmanager
04-28 14:48:35.055  2443  2850 E JobScheduler.Background: Couldn't determine stopped state for unknown package: com.facebook.appmanager
04-28 14:48:35.055  2443  2850 E JobScheduler.Background: Couldn't determine stopped state for unknown package: com.facebook.appmanager
04-28 14:48:35.055  2443  2850 E JobScheduler.Background: Couldn't determine stopped state for unknown package: com.facebook.appmanager
04-28 14:48:35.057  2443  2850 E JobScheduler.Background: Couldn't determine stopped state for unknown package: com.samsung.android.tadownloader
04-28 14:49:13.591  2443  5790 I CAE     : notifyCmdProcessResultObserver(ContextProvider.java:627) - CheckResult = 0, Cause = Success
04-28 14:49:13.860  2443  3255 I CAE     : notifyCmdProcessResultObserver(ContextProvider.java:627) - CheckResult = 0, Cause = Success
04-28 14:49:47.947  2443  2545 I ActivityManager: ProcessObserver broadcast disabled
04-28 14:49:48.315 18219 18219 D ConnectivityManager: StackLog: [android.net.ConnectivityManager.unregisterNetworkCallback(ConnectivityManager.java:5579)] [M7.r$d.a(SingletonConnectivityReceiver.java:11)] [M7.r.c(SingletonConne
ctivityReceiver.java:16)] [M7.r.e(SingletonConnectivityReceiver.java:7)] [M7.d.g(DefaultConnectivityMonitor.java:9)] [M7.d.b(DefaultConnectivityMonitor.java:1)] [M7.k.onStop(LifecycleLifecycle.java:23)] [java.lang.reflect.Metho
d.invoke(Native Method)] [androidx.lifecycle.e$b.a(ClassesInfoCache.java:28)] [androidx.lifecycle.e$a.b(ClassesInfoCache.java:17)] [androidx.lifecycle.e$a.a(ClassesInfoCache.java:9)] [androidx.lifecycle.W.onStateChanged(Reflect
iveGenericLifecycleObserver.java:5)] [androidx.lifecycle.F$b.a(LifecycleRegistry.jvm.kt:25)] [androidx.lifecycle.F.h(LifecycleRegistry.jvm.kt:86)] [androidx.lifecycle.F.r(LifecycleRegistry.jvm.kt:47)] [androidx.lifecycle.F.n(Li
fecycleRegistry.jvm.kt:33)] [androidx.lifecycle.F.q(LifecycleRegistry.jvm.kt:11)] [androidx.fragment.app.FragmentActivity.markState(FragmentActivity.java:83)] [androidx.fragment.app.FragmentActivity.markFragmentsCreated(Fragmen
tActivity.java:7)] [androidx.fragment.app.FragmentActivity.onStop(FragmentActivity.java:7)] [androidx.appcompat.app.AppCompatActivity.onStop(AppCompatActivity.java:1)] [com.kakao.talk.activity.d.onStop(BaseActivity.kt:1)] [com.
kakao.talk.activity.main.MainActivity.onStop(MainActivity.kt:1)] [android.app.Instrumentation.callActivityOnStop(Instrumentation.java:1740)] [android.app.Activity.performStop(Activity.java:9805)] [android.app.ActivityThread.cal
lActivityOnStop(ActivityThread.java:6744)] [android.app.ActivityThread.performStopActivityInner(ActivityThread.java:6718)] [android.app.ActivityThread.handleStopActivity(ActivityThread.java:6788)] [android.app.servertransaction
.StopActivityItem.execute(StopActivityItem.java:43)] [android.app.servertransaction.ActivityTransactionItem.execute(ActivityTransactionItem.java:63)] [android.app.servertransaction.TransactionExecutor.executeLifecycleItem(Trans
actionExecutor.java:169)] [android.app.servertransaction.TransactionExecutor.executeTransactionItems(TransactionExecutor.java:101)] [android.app.servertransaction.TransactionExecutor.execute(TransactionExecutor.java:80)] [andro
id.app.ActivityThread$H.handleMessage(ActivityThread.java:3150)]
04-28 14:49:48.401 30881 30881 D BoundBrokerSvc: onBind: Intent { act=com.google.android.mobstore.service.START xflg=0x4 pkg=com.google.android.gms }
04-28 14:49:48.401 30881 30881 D BoundBrokerSvc: Loading bound service for intent: Intent { act=com.google.android.mobstore.service.START xflg=0x4 pkg=com.google.android.gms }
04-28 14:49:59.543  2443  4223 D FreecessController: restrictJobsByOlaf: restrict=true, uid=9510662
04-28 14:50:00.221 24078 24078 I BLASTBufferQueue_Java: new BLASTBufferQueue, mName= 40d45c SurfaceView[com.synchorus.synchorus/com.synchorus.synchorus.MainActivity]@0 mNativeObject= 0xb4000078d2a47c30 caller= android.view.Surf
aceView.createBlastSurfaceControls:1781 android.view.SurfaceView.updateSurface:1450 android.view.SurfaceView.lambda$new$0:280 android.view.SurfaceView.$r8$lambda$NfZyM_TG8F8lqzaOVZ7noREFjzU:0 android.view.SurfaceView$$ExternalS
yntheticLambda1.onPreDraw:0 android.view.ViewTreeObserver.dispatchOnPreDraw:1229 android.view.ViewRootImpl.performTraversals:5448 android.view.ViewRootImpl.doTraversal:3924 android.view.ViewRootImpl$TraversalRunnable.run:12903 
android.view.Choreographer$CallbackRecord.run:1901 
04-28 14:50:00.221 24078 24078 I BLASTBufferQueue_Java: update, w= 1080 h= 2340 mName = 40d45c SurfaceView[com.synchorus.synchorus/com.synchorus.synchorus.MainActivity]@0 mNativeObject= 0xb4000078d2a47c30 sc.mNativeObject= 0xb4
000077229cfe10 format= 4 caller= android.view.SurfaceView.createBlastSurfaceControls:1782 android.view.SurfaceView.updateSurface:1450 android.view.SurfaceView.lambda$new$0:280 android.view.SurfaceView.$r8$lambda$NfZyM_TG8F8lqza
OVZ7noREFjzU:0 android.view.SurfaceView$$ExternalSyntheticLambda1.onPreDraw:0 android.view.ViewTreeObserver.dispatchOnPreDraw:1229 
04-28 14:50:01.199  2443  4223 D FreecessController: restrictJobsByOlaf: restrict=false, uid=-1
04-28 14:50:03.168  2443  2545 I ActivityManager: ProcessObserver broadcast disabled
04-28 14:50:03.476 30881 30881 D BoundBrokerSvc: onUnbind: Intent { act=com.google.android.mobstore.service.START xflg=0x4 pkg=com.google.android.gms }
04-28 14:50:03.530  2443  2545 I ActivityManager: ProcessObserver broadcast disabled
04-28 14:50:03.819  2443  2545 I ActivityManager: ProcessObserver broadcast disabled
04-28 14:50:03.829 32765 32765 D WM-PackageManagerHelper: Skipping component enablement for androidx.work.impl.background.systemjob.SystemJobService
04-28 14:50:03.829 32765 32765 D WM-Schedulers: Created SystemJobScheduler and enabled SystemJobService
04-28 14:50:03.843 32765   424 D WM-SystemJobScheduler: Reconciling jobs
04-28 14:50:03.875 32765   424 D WM-SystemJobScheduler: Scheduling work ID 6f029950-8d1f-4a46-9c51-57863b4959b7Job ID 46313
04-28 14:50:03.879 32765   424 D WM-SystemJobScheduler: Scheduling work ID 107cad1e-531b-47a9-992c-5734c6d35f0dJob ID 46321
04-28 14:50:03.881 32765   424 D WM-SystemJobScheduler: Scheduling work ID cf0349b8-f7d7-4e05-9f9c-b1234eb5b4ddJob ID 46317
04-28 14:50:03.883 32765   424 D WM-SystemJobScheduler: Scheduling work ID 1554aadc-2880-4b18-a824-2ecce1ddba8bJob ID 46319
04-28 14:50:03.886 32765   424 D WM-SystemJobScheduler: Scheduling work ID 92452c12-8076-4e75-b2ed-7c618a1f4b5bJob ID 46323
04-28 14:50:03.887 32765 32765 D ConnectivityManager: StackLog: [android.net.ConnectivityManager.sendRequestForNetwork(ConnectivityManager.java:4744)] [android.net.ConnectivityManager.sendRequestForNetwork(ConnectivityManager.j
ava:4912)] [android.net.ConnectivityManager.registerNetworkCallback(ConnectivityManager.java:5329)] [android.net.ConnectivityManager.registerNetworkCallback(ConnectivityManager.java:5299)] [com.digitalturbine.ignite.jobs.reacha
bility.ConnectivityCallback.enable(Unknown Source:33)] [com.digitalturbine.ignite.jobs.reachability.ReachabilityManager.start(Unknown Source:125)] [com.digitalturbine.ignite.controller.IgniteController.H(Unknown Source:42)] [co
m.digitalturbine.ignite.controller.IgniteController.<init>(SourceFile:36)] [com.digitalturbine.ignite.controller.IgniteController.<init>(SourceFile:1)] [com.digitalturbine.ignite.Ignite.<init>(Unknown Source:5)] [com.digitaltur
bine.ignite.Ignite.init(Unknown Source:18)] [com.LogiaGroup.LogiaDeck.IgniteCommons.init(Unknown Source:28)] [com.digitalturbine.igniteui.startup.IgniteCommonsInitializer.create(SourceFile:4)] [com.digitalturbine.igniteui.start
up.IgniteCommonsInitializer.create(SourceFile:1)] [androidx.startup.AppInitializer.doInitialize(SourceFile:17)] [androidx.startup.AppInitializer.doInitialize(SourceFile:16)] [androidx.startup.AppInitializer.doInitialize(SourceF
ile:3)] [androidx.startup.AppInitializer.initializeComponent(Unknown Source:0)] [com.digitalturbine.igniteui.Ignite.c(SourceFile:3)] [com.digitalturbine.igniteui.Ignite.init(Unknown Source:100)] [com.onestore.android.shopclient
.TStoreApp.igniteLibraryInit$lambda$2(Unknown Source:0)] [com.onestore.android.shopclient.TStoreApp.c(Unknown Source:0)] [dh5.invoke(Unknown Source:2)] [com.onestore.android.shopclient.domain.usecases.general.ThirdPartyCrashInf
oUseCase.checkIgniteInitialized(Unknown Source:40)] [com.onestore.android.shopclient.TStoreApp.igniteLibraryInit(Unknown Source:12)] [com.onestore.android.shopclient.TStoreApp.onCreate(Unknown Source:87)] [android.app.Instrumen
tation.callApplicationOnCreate(Instrumentation.java:1384)] [android.app.ActivityThread.handleBindApplication(ActivityThread.java:8750)] [android.app.ActivityThread.-$$Nest$mhandleBindApplication(Unknown Source:0)] [android.app.
ActivityThread$H.handleMessage(ActivityThread.java:2873)]
04-28 14:50:03.914 32765   455 D WM-SystemJobScheduler: Scheduling work ID 107cad1e-531b-47a9-992c-5734c6d35f0dJob ID 46324
04-28 14:50:03.942  2443  2545 I ActivityManager: ProcessObserver broadcast disabled
04-28 14:50:04.039  2443  2545 I ActivityManager: ProcessObserver broadcast disabled
04-28 14:50:06.219  2443  2545 I ActivityManager: ProcessObserver broadcast disabled
04-28 14:50:06.710  2443  2545 I ActivityManager: ProcessObserver broadcast disabled
04-28 14:50:06.780   564   609 I Dtdi    : [NearbyShareSettingsSubDelegate] Registering NS state observer [CONTEXT service_id=312 ]
04-28 14:50:07.408   613   613 D BoundBrokerSvc: onBind: Intent { act=com.google.android.mobstore.service.START dat=chimera-action:/... xflg=0x4 cmp=com.google.android.gms/.chimera.GmsApiService }
04-28 14:50:07.409   613   613 D BoundBrokerSvc: Loading bound service for intent: Intent { act=com.google.android.mobstore.service.START dat=chimera-action:/... xflg=0x4 cmp=com.google.android.gms/.chimera.GmsApiService }
04-28 14:50:14.466  2443  2545 I ActivityManager: ProcessObserver broadcast disabled
04-28 14:50:14.691   879   922 I Finsky:background: [11677] IQ: no jobs active. Skipping
04-28 14:50:14.715   879   930 I Finsky:background: [11682] IQ: no jobs active. Skipping
04-28 14:50:22.529   613   613 D BoundBrokerSvc: onUnbind: Intent { act=com.google.android.mobstore.service.START dat=chimera-action:/... xflg=0x4 cmp=com.google.android.gms/.chimera.GmsApiService }
04-28 14:50:24.227   512   544 W Finsky  : [11682] PreloadClasses: Unable to load [kotlinx.coroutines.internal.ThreadContextKt$countAll$1, kotlinx.coroutines.internal.ThreadContextKt$findOne$1, kotlinx.coroutines.internal.Threa
dContextKt$updateState$1, androidx.compose.runtime.snapshots.SnapshotKt$emptyLambda$1, androidx.compose.runtime.Recomposer$broadcastFrameClock$1, androidx.compose.runtime.Recomposer$recompositionRunner$2$unregisterApplyObserver
$1, androidx.compose.ui.platform.AndroidComposeView$keyInputModifier$1, androidx.compose.runtime.SlotTable, androidx.compose.runtime.ComposerImpl, androidx.compose.runtime.SlotReader, androidx.compose.runtime.SlotWriter, androi
dx.compose.runtime.SlotTableKt, androidx.compose.runtime.ComposableSingletons$CompositionKt$lambda-1$1, androidx.compose.runtime.ComposableSingletons$CompositionKt$lambda-2$1, androidx.compose.ui.platform.ComposableSingletons$W
rapper_androidKt$lambda-1$1, androidx.compose.ui.platform.AndroidComposeView$ViewTreeOwners, androidx.compose.ui.platform.WrappedComposition$setContent$1$1, androidx.compose.runtime.Recomposer$readObserverOf$1, androidx.compose
.runtime.Recomposer$writeObserverOf$1, androidx.compose.runtime.KeyInfo, androidx.compose.runtime.GroupInfo, androidx.compose.ui.platform.AndroidCompositionLocals_androidKt$LocalSavedStateRegistryOwner$1, androidx.compose.ui.pl
atform.AndroidCompositionLocals_androidKt$ProvideAndroidCompositionLocals$1$1, androidx.compose.runtime.saveable.SaveableStateRegistryKt$LocalSaveableStateRegistry$1, androidx.compose.material3.TypographyKt$LocalTypography$1, a
ndroidx.compose.material.ColorsKt$LocalColors$1, androidx.compose.material.ShapesKt$LocalShapes$1, androidx.compose.material.ContentAlphaKt$LocalContentAlpha$1, androidx.compose.foundation.IndicationKt$LocalIndication$1, androi
dx.compose.material.ripple.RippleThemeKt$LocalRippleTheme$1, androidx.compose.foundation.text.selection.TextSelectionColorsKt$LocalTextSelectionColors$1, androidx.compose.material.MaterialThemeKt$MaterialTheme$1, androidx.compo
se.material.TextKt$LocalTextStyle$1, androidx.compose.animation.core.InfiniteTransition$run$2, androidx.compose.animation.core.VectorConvertersKt$FloatToVector$1, androidx.compose.animation.core.VectorConvertersKt$FloatToVector
$2, androidx.compose.animation.core.VectorConvertersKt$IntToVector$2, androidx.compose.animation.core.VectorConvertersKt$DpToVector$1, androidx.compose.animation.core.VectorConvertersKt$DpToVector$2, androidx.compose.material.P
rogressIndicatorKt$CircularProgressIndicator$endAngle$2, androidx.compose.material.ProgressIndicatorKt$CircularProgressIndicator$startAngle$2, androidx.compose.foundation.ProgressSemanticsKt$progressSemantics$2, androidx.compos
e.material.MaterialThemeKt$MaterialTheme$2, androidx.compose.ui.platform.AndroidCompositionLocals_androidKt$ProvideAndroidCompositionLocals$4, androidx.compose.runtime.RememberManager, androidx.compose.foundation.IndicationKt$i
ndication$2, androidx.compose.foundation.text.selection.SelectionRegistrarKt$LocalSelectionRegistrar$1, androidx.compose.runtime.saveable.SaverKt$AutoSaver$1, androidx.compose.runtime.saveable.SaverKt$AutoSaver$2, androidx.comp
ose.runtime.snapshots.SnapshotStateList$StateListStateRecord, androidx.compose.material.ButtonKt$Button$2, androidx.compose.material.ElevationOverlayKt$LocalElevationOverlay$1, androidx.compose.material.ElevationOverlayKt$Local
AbsoluteElevation$1, androidx.compose.material.SurfaceKt$Surface$1, androidx.compose.material.TextKt$Text$4, androidx.compose.material.TextKt$ProvideTextStyle$1, androidx.compose.material.SurfaceKt$Surface$2, androidx.compose.m
aterial.ButtonKt$Button$3, androidx.compose.foundation.gestures.ScrollableStateKt$rememberScrollableState$1$1, androidx.compose.material.TextKt$Text$3, androidx.compose.material3.TextKt$Text$3, androidx.compose.foundation.layou
t.BoxWithConstraintsKt$BoxWithConstraints$1$1, androidx.compose.runtime.ComposerImpl$CompositionContextHolder, androidx.compose.runtime.ComposerImpl$CompositionContextImpl, androidx.compose.runtime.Updater$init$1, androidx.comp
ose.runtime.inte
04-28 14:50:57.976  2443  2545 I ActivityManager: ProcessObserver broadcast disabled
04-28 14:50:57.977  2443  3285 D SLocation: GeopointGeofenceObserver - location : [F, A : 100.00, T : 1777355457917, ET : 3527693571, h : 18/18], radius : 14609
04-28 14:50:58.104  2443  2850 E JobScheduler.Background: Couldn't determine stopped state for unknown package: com.samsung.android.sm.policy
04-28 14:50:58.104  2443  2850 E JobScheduler.Background: Couldn't determine stopped state for unknown package: com.facebook.appmanager
04-28 14:50:58.104  2443  2850 E JobScheduler.Background: Couldn't determine stopped state for unknown package: com.facebook.appmanager
04-28 14:50:58.104  2443  2850 E JobScheduler.Background: Couldn't determine stopped state for unknown package: com.facebook.appmanager
04-28 14:50:58.104  2443  2850 E JobScheduler.Background: Couldn't determine stopped state for unknown package: com.facebook.appmanager
04-28 14:50:58.104  2443  2850 E JobScheduler.Background: Couldn't determine stopped state for unknown package: com.facebook.appmanager
04-28 14:50:58.105  2443  2850 E JobScheduler.Background: Couldn't determine stopped state for unknown package: com.samsung.android.tadownloader
04-28 14:50:59.136  1506  1618 I [CE]_GeofenceChangeObserver: registerHomeGeofenceChangedObserver - Start registering Home Geofence by Inference Manager
04-28 14:50:59.151  1506  1618 I [CE]_GeofenceChangeObserver: registerHomeGeofenceChangedObserver - registering (Near) Home Geofence
04-28 14:50:59.157  2443  3285 D SLocation: GeopointGeofenceObserver - location : [F, A : 100.00, T : 1777355457917, ET : 3527693571, h : 18/18], radius : 14609
04-28 14:50:59.544  2443  3322 I CAE     : notifyCmdProcessResultObserver(ContextProvider.java:627) - CheckResult = 0, Cause = Success
04-28 14:50:59.553  2443  3322 I CAE     : notifyCmdProcessResultObserver(ContextProvider.java:627) - CheckResult = 0, Cause = Success
04-28 14:50:59.576  1506  1618 I [CE]_GeofenceChangeObserver: registerHomeGeofenceChangedObserver - Start registering Home Geofence by Inference Manager
04-28 14:50:59.576  1506  1618 I [CE]_GeofenceChangeObserver: registerHomeGeofenceChangedObserver - same Home geofence, no need to update
04-28 14:50:59.606  1506  1618 I [CE]_GeofenceChangeObserver: registerWorkGeofenceChangedObserver - Start registering Work Geofence by Inference Manager
04-28 14:50:59.615  1506  1618 I [CE]_GeofenceChangeObserver: registerWorkGeofenceChangedObserver - registering (Near) Work Geofence
04-28 14:50:59.628  2443  3285 D SLocation: GeopointGeofenceObserver - location : [F, A : 100.00, T : 1777355457917, ET : 3527693571, h : 18/18], radius : 14609
04-28 14:50:59.677  2443  3285 D SLocation: GeopointGeofenceObserver - location : [F, A : 100.00, T : 1777355457917, ET : 3527693571, h : 18/18], radius : 14609
04-28 14:50:59.688  2443  3285 D SLocation: GeopointGeofenceObserver - location : [F, A : 100.00, T : 1777355457917, ET : 3527693571, h : 18/18], radius : 14609
04-28 14:50:59.711  2443  3285 D SLocation: GeopointGeofenceObserver - location : [F, A : 100.00, T : 1777355457917, ET : 3527693571, h : 18/18], radius : 14614
04-28 14:50:59.721  2443  3285 D SLocation: GeopointGeofenceObserver - location : [F, A : 100.00, T : 1777355457917, ET : 3527693571, h : 18/18], radius : 14609
04-28 14:50:59.728  2443  3285 D SLocation: GeopointGeofenceObserver - location : [F, A : 100.00, T : 1777355457917, ET : 3527693571, h : 18/18], radius : 14609
04-28 14:50:59.758  2443  3285 D SLocation: GeopointGeofenceObserver - location : [F, A : 100.00, T : 1777355457917, ET : 3527693571, h : 18/18], radius : 14614
04-28 14:50:59.763  2443  3285 D SLocation: GeopointGeofenceObserver - location : [F, A : 100.00, T : 1777355457917, ET : 3527693571, h : 18/18], radius : 14609
04-28 14:50:59.786  1506  1618 I [CE]_GeofenceChangeObserver: registerOtherGeofenceObservers - notify FVP List Changed
04-28 14:50:59.789  1506  1618 I [CE]_GeofenceChangeObserver: GeofenceChanged: - ceHome Enter, preHome=true, preWork=false, preNearHome=true, preNearWork=false
04-28 14:50:59.793  1506  1618 I [CE]_GeofenceChangeObserver: GeofenceChanged: - ceNearHome Enter, preHome=true, preWork=false, preNearHome=true, preNearWork=false
04-28 14:50:59.795  2443  3285 D SLocation: GeopointGeofenceObserver - location : [F, A : 100.00, T : 1777355457917, ET : 3527693571, h : 18/18], radius : 14609
04-28 14:50:59.802  1506  1618 I [CE]_GeofenceChangeObserver: GeofenceChanged: - ceWork Exit, preHome=true, preWork=false, preNearHome=true, preNearWork=false
04-28 14:50:59.803  2443  3285 D SLocation: GeopointGeofenceObserver - location : [F, A : 100.00, T : 1777355457917, ET : 3527693571, h : 18/18], radius : 14609
04-28 14:50:59.804  1506  1618 I [CE]_GeofenceChangeObserver: GeofenceChanged: - ceNearWork Exit, preHome=true, preWork=false, preNearHome=true, preNearWork=false
04-28 14:50:59.805  1506  1618 I [CE]_GeofenceChangeObserver: GeofenceChanged: - ceOther52 Exit
04-28 14:50:59.806  2443  3285 D SLocation: GeopointGeofenceObserver - location : [F, A : 100.00, T : 1777355457917, ET : 3527693571, h : 18/18], radius : 14609
04-28 14:50:59.807  1506  1618 I [CE]_GeofenceChangeObserver: GeofenceChanged: - ceOther7 Exit
04-28 14:50:59.809  1506  1618 I [CE]_GeofenceChangeObserver: GeofenceChanged: - ceOther1 Exit
04-28 14:50:59.811  1506  1618 I [CE]_GeofenceChangeObserver: GeofenceChanged: - ceOther3 Exit
04-28 14:50:59.812  1506  1618 I [CE]_GeofenceChangeObserver: GeofenceChanged: - ceOther31 Exit
04-28 14:50:59.813  1506  1618 I [CE]_GeofenceChangeObserver: GeofenceChanged: - ceOther67 Exit
04-28 14:50:59.815  2443  3285 D SLocation: GeopointGeofenceObserver - location : [F, A : 100.00, T : 1777355457917, ET : 3527693571, h : 18/18], radius : 14609
04-28 14:50:59.815  1506  1618 I [CE]_GeofenceChangeObserver: GeofenceChanged: - ceOther77 Exit
04-28 14:50:59.817  1506  1618 I [CE]_GeofenceChangeObserver: GeofenceChanged: - ceOther6 Exit
04-28 14:50:59.818  1506  1618 I [CE]_GeofenceChangeObserver: GeofenceChanged: - ceOther93 Exit
04-28 14:50:59.824  2443  3322 I CAE     : notifyCmdProcessResultObserver(ContextProvider.java:627) - CheckResult = 0, Cause = Success
04-28 14:50:59.830  1506  1618 I [CE]_GeofenceChangeObserver: GeofenceChanged: - ceOther120 Exit
04-28 14:50:59.834  1506  1618 I [CE]_GeofenceChangeObserver: GeofenceChanged: - ceOther155 Exit
04-28 14:50:59.836  1506  1618 I [CE]_GeofenceChangeObserver: GeofenceChanged: - ceOther106 Exit
04-28 14:50:59.838  1506  1618 I [CE]_GeofenceChangeObserver: GeofenceChanged: - ceOther81 Exit
04-28 14:50:59.840  1506  1618 I [CE]_GeofenceChangeObserver: GeofenceChanged: - ceOther35 Exit
04-28 14:50:59.843  2443  3285 D SLocation: GeopointGeofenceObserver - location : [F, A : 100.00, T : 1777355457917, ET : 3527693571, h : 18/18], radius : 14609
04-28 14:51:08.107  2443  2850 E JobScheduler.Background: Couldn't determine stopped state for unknown package: com.samsung.android.sm.policy
04-28 14:51:08.107  2443  2850 E JobScheduler.Background: Couldn't determine stopped state for unknown package: com.facebook.appmanager
04-28 14:51:08.108  2443  2850 E JobScheduler.Background: Couldn't determine stopped state for unknown package: com.facebook.appmanager
04-28 14:51:08.108  2443  2850 E JobScheduler.Background: Couldn't determine stopped state for unknown package: com.facebook.appmanager
04-28 14:51:08.108  2443  2850 E JobScheduler.Background: Couldn't determine stopped state for unknown package: com.facebook.appmanager
04-28 14:51:08.108  2443  2850 E JobScheduler.Background: Couldn't determine stopped state for unknown package: com.facebook.appmanager
04-28 14:51:08.110  2443  2850 E JobScheduler.Background: Couldn't determine stopped state for unknown package: com.samsung.android.tadownloader
04-28 14:53:08.136  2443  2545 I ActivityManager: ProcessObserver broadcast disabled
04-28 14:53:08.197  2443  2545 I ActivityManager: ProcessObserver broadcast disabled
04-28 14:53:08.339 30881 30881 D BoundBrokerSvc: onBind: Intent { act=com.google.android.mobstore.service.START xflg=0x4 pkg=com.google.android.gms }
04-28 14:53:08.339 30881 30881 D BoundBrokerSvc: Loading bound service for intent: Intent { act=com.google.android.mobstore.service.START xflg=0x4 pkg=com.google.android.gms }
04-28 14:53:08.573  2679  2861 W FileBasedMultiProcessTracker: <default>: Observed removed PID: 31501
04-28 14:53:08.589  2443  2850 W JobServiceContext: Sending onNetworkChanged for a job that isn't started. JobStatus{44a90bf #u0a347/2131366150 com.facebook.katana/com.facebook.analytics2.logger.legacy.uploader.LollipopUploadSe
rvice u=0 s=10347 TIME=-1m2s94ms:-1m2s94ms NET READY}
04-28 14:53:10.272  2443  4223 D FreecessController: restrictJobsByOlaf: restrict=true, uid=10346
04-28 14:53:10.481  2443  2545 I ActivityManager: ProcessObserver broadcast disabled
04-28 14:53:10.506  2443  4223 D FreecessController: restrictJobsByOlaf: restrict=false, uid=-1
04-28 14:53:10.648  2443  2545 I ActivityManager: ProcessObserver broadcast disabled
04-28 14:53:10.817 12734 12891 W FileBasedMultiProcessTracker: <default>: Observed new PID: 3492
04-28 14:53:10.819 12734 12891 W FileBasedMultiProcessTracker: <default>: Observed removed PID: 30335
04-28 14:53:12.109  2443  3285 D SLocation: GeopointGeofenceObserver - location : [N, A : 100.00, T : 1777355592085, ET : 3527827739, h : 18/18], radius : 14609
04-28 14:53:12.121  2443  2850 E JobScheduler.Background: Couldn't determine stopped state for unknown package: com.samsung.android.sm.policy
04-28 14:53:12.121  2443  2850 E JobScheduler.Background: Couldn't determine stopped state for unknown package: com.facebook.appmanager
04-28 14:53:12.122  2443  2850 E JobScheduler.Background: Couldn't determine stopped state for unknown package: com.facebook.appmanager
04-28 14:53:12.122  2443  2850 E JobScheduler.Background: Couldn't determine stopped state for unknown package: com.facebook.appmanager
04-28 14:53:12.122  2443  2850 E JobScheduler.Background: Couldn't determine stopped state for unknown package: com.facebook.appmanager
04-28 14:53:12.122  2443  2850 E JobScheduler.Background: Couldn't determine stopped state for unknown package: com.facebook.appmanager
04-28 14:53:12.123  2443  2850 E JobScheduler.Background: Couldn't determine stopped state for unknown package: com.samsung.android.tadownloader
04-28 14:53:12.172  2443  2545 I ActivityManager: ProcessObserver broadcast disabled
04-28 14:53:15.282  2679  3177 W fb4a.ServiceInfoParser: X.4W3: Service com.facebook.browser.lite.BrowserLiteInMainProcessIntentService is missing meta key com.facebook.common.jobscheduler.compat.jobIds
04-28 14:53:15.282  2679  3177 W fb4a.ServiceInfoParser: X.4W3: Service com.facebook.businessintegrity.cloakingdetection.service.CloakingDetectionService is missing meta key com.facebook.common.jobscheduler.compat.jobIds
04-28 14:53:15.282  2679  3177 W fb4a.ServiceInfoParser: X.4W3: Service com.facebook.contacts.service.ContactLocaleChangeService is missing meta key com.facebook.common.jobscheduler.compat.jobIds
04-28 14:53:15.282  2679  3177 W fb4a.ServiceInfoParser: X.4W3: Service com.facebook.analytics2.fabric.onefabric.FFAlarmUploadJobService is missing meta key com.facebook.common.jobscheduler.compat.jobIds
04-28 14:53:15.282  2679  3177 W fb4a.ServiceInfoParser: X.4W3: Service com.facebook.falco.jobscheduler.FFJobService is missing meta key com.facebook.common.jobscheduler.compat.jobIds
04-28 14:53:15.282  2679  3177 W fb4a.ServiceInfoParser: X.4W3: Service com.facebook.registration.notification.RegistrationNotificationService is missing meta key com.facebook.common.jobscheduler.compat.jobIds
04-28 14:53:15.282  2679  3177 W fb4a.ServiceInfoParser: X.4W3: Service com.facebook.notifications.appwidget.bugreporter.NotificationsWidgetDebugHelper is missing meta key com.facebook.common.jobscheduler.compat.jobIds
04-28 14:53:15.282  2679  3177 W fb4a.ServiceInfoParser: X.4W3: Service com.facebook.account.login.notification.LoginNotificationService is missing meta key com.facebook.common.jobscheduler.compat.jobIds
04-28 14:53:15.282  2679  3177 W fb4a.ServiceInfoParser: X.4W3: Service com.facebook.battery.monitor.ContinuousBatteryMonitorService is missing meta key com.facebook.common.jobscheduler.compat.jobIds
04-28 14:53:15.282  2679  3177 W fb4a.ServiceInfoParser: X.4W3: Service com.facebook.googleplay.GooglePlayInstallRefererService is missing meta key com.facebook.common.jobscheduler.compat.jobIds
04-28 14:53:15.283  2679  3177 W fb4a.ServiceInfoParser: X.4W3: Service com.facebook.glc.GLCService is missing meta key com.facebook.common.jobscheduler.compat.jobIds
04-28 14:53:15.283  2679  3177 W fb4a.ServiceInfoParser: X.4W3: Service com.facebook.papaya.fb.client.services.FBPapayaJobService is missing meta key com.facebook.common.jobscheduler.compat.jobIds
04-28 14:53:15.283  2679  3177 W fb4a.ServiceInfoParser: X.4W3: Service com.google.android.datatransport.runtime.scheduling.jobscheduling.JobInfoSchedulerService is missing meta key com.facebook.common.jobscheduler.compat.jobId
s
04-28 14:53:15.283  2679  3177 W fb4a.ServiceInfoParser: X.4W3: Service com.facebook.push.fcm.FcmRegistrarFbJobIntentService is missing meta key com.facebook.common.jobscheduler.compat.jobIds
04-28 14:53:15.284  2679  3177 W fb4a.ServiceInfoParser: X.4W3: Service com.facebook.push.fbpushdata.common.FbPushDataHandlerService is missing meta key com.facebook.common.jobscheduler.compat.jobIds
04-28 14:53:15.284  2679  3177 W fb4a.ServiceInfoParser: X.4W3: Service com.facebook.conditionalworker.ConditionalWorkerService is missing meta key com.facebook.common.jobscheduler.compat.jobIds
04-28 14:53:15.284  2679  3177 W fb4a.ServiceInfoParser: X.4W3: Service com.facebook.compost.service.CompostNotificationService is missing meta key com.facebook.common.jobscheduler.compat.jobIds
04-28 14:53:15.284  2679  3177 W fb4a.ServiceInfoParser: X.4W3: Service com.facebook.messaging.notify.client.MessagesNotificationService is missing meta key com.facebook.common.jobscheduler.compat.jobIds
04-28 14:53:15.285  2679  3177 W fb4a.ServiceInfoParser: X.4W3: Service com.facebook.confirmation.notification.ConfirmationNotificationService is missing meta key com.facebook.common.jobscheduler.compat.jobIds
04-28 14:53:15.285  2679  3177 W fb4a.ServiceInfoParser: X.4W3: Service com.facebook.voltron.download.scheduledinstaller.OxygenScheduledInstallerJobService is missing meta key com.facebook.common.jobscheduler.compat.jobIds
04-28 14:53:15.285  2679  3177 W fb4a.ServiceInfoParser: X.4W3: Service com.facebook.messaging.prefs.notifications.NotificationPrefsSyncService is missing meta key com.facebook.common.jobscheduler.compat.jobIds
04-28 14:53:15.285  2679  3177 W fb4a.ServiceInfoParser: X.4W3: Service com.facebook.push.adm.ADMService is missing meta key com.facebook.common.jobscheduler.compat.jobIds
04-28 14:53:15.285  2679  3177 W fb4a.ServiceInfoParser: X.4W3: Service com.facebook.push.adm.ADMBroadcastReceiverJobBase is missing meta key com.facebook.common.jobscheduler.compat.jobIds
04-28 14:53:15.285  2679  3177 W fb4a.ServiceInfoParser: X.4W3: Service com.facebook.push.adm.ADMJobIntentService is missing meta key com.facebook.common.jobscheduler.compat.jobIds
04-28 14:53:15.285  2679  3177 W fb4a.ServiceInfoParser: X.4W3: Service com.facebook.push.negativefeedback.PushNegativeFeedbackFbJobIntentService is missing meta key com.facebook.common.jobscheduler.compat.jobIds
04-28 14:53:15.285  2679  3177 W fb4a.ServiceInfoParser: X.4W3: Service com.facebook.push.registration.RegistrarHelperService is missing meta key com.facebook.common.jobscheduler.compat.jobIds
04-28 14:53:15.286  2679  3177 W fb4a.ServiceInfoParser: X.4W3: Service com.facebook.feed.platformads.AppInstallService is missing meta key com.facebook.common.jobscheduler.compat.jobIds
04-28 14:53:15.286  2679  3177 W fb4a.ServiceInfoParser: X.4W3: Service com.google.android.gms.analytics.AnalyticsJobService is missing meta key com.facebook.common.jobscheduler.compat.jobIds
04-28 14:53:15.286  2679  3177 W fb4a.ServiceInfoParser: X.4W3: Service com.facebook.oxygen.preloads.sdk.firstparty.managedappcache.IsManagedAppCacheJobService is missing meta key com.facebook.common.jobscheduler.compat.jobIds
04-28 14:53:15.286  2679  3177 W fb4a.ServiceInfoParser: X.4W3: Service com.facebook.videolite.api.VideoUploadJobService is missing meta key com.facebook.common.jobscheduler.compat.jobIds
04-28 14:53:15.286  2679  3177 W fb4a.ServiceInfoParser: X.4W3: Service com.facebook.videolite.api.jobscheduler.UploadJobSchedulerService is missing meta key com.facebook.common.jobscheduler.compat.jobIds
04-28 14:53:15.287  2679  3177 W fb4a.ServiceInfoParser: X.4W3: Service androidx.work.impl.background.systemjob.SystemJobService is missing meta key com.facebook.common.jobscheduler.compat.jobIds
04-28 14:53:15.287  2679  3177 W fb4a.ServiceInfoParser: X.4W3: Service com.facebook.push.mqtt.service.MqttPushHelperService is missing meta key com.facebook.common.jobscheduler.compat.jobIds
04-28 14:53:15.287  2679  3177 W fb4a.ServiceInfoParser: X.4W3: Service com.facebook.reportaproblem.base.bugreport.BugReportUploadService is missing meta key com.facebook.common.jobscheduler.compat.jobIds
04-28 14:53:15.287  2679  3177 W fb4a.ServiceInfoParser: X.4W3: Service com.facebook.appcomponentmanager.AppComponentManagerService is missing meta key com.facebook.common.jobscheduler.compat.jobIds
04-28 14:53:15.287  2679  3177 W fb4a.ServiceInfoParser: X.4W3: Service com.facebook.fbservice.service.BlueServiceJobIntentService is missing meta key com.facebook.common.jobscheduler.compat.jobIds
04-28 14:53:15.287  2679  3177 W fb4a.ServiceInfoParser: X.4W3: Service com.facebook.delayedworker.DelayedWorkerService is missing meta key com.facebook.common.jobscheduler.compat.jobIds
04-28 14:53:15.287  2679  3177 W fb4a.ServiceInfoParser: X.4W3: Service com.facebook.analytics2.logger.service.LollipopUploadSafeService is missing meta key com.facebook.common.jobscheduler.compat.jobIds
04-28 14:53:15.287  2679  3177 W fb4a.ServiceInfoParser: X.4W3: Service com.facebook.analytics2.logger.legacy.uploader.LollipopUploadService is missing meta key com.facebook.common.jobscheduler.compat.jobIds
04-28 14:53:15.288  2679  3177 W fb4a.ServiceInfoParser: X.4W3: Service com.facebook.analytics2.logger.legacy.uploader.Analytics2UploadService is missing meta key com.facebook.common.jobscheduler.compat.jobIds
04-28 14:53:19.389  2443  2850 E JobScheduler.Background: Couldn't determine stopped state for unknown package: com.samsung.android.sm.policy
04-28 14:53:19.389  2443  2850 E JobScheduler.Background: Couldn't determine stopped state for unknown package: com.facebook.appmanager
04-28 14:53:19.389  2443  2850 E JobScheduler.Background: Couldn't determine stopped state for unknown package: com.facebook.appmanager
04-28 14:53:19.390  2443  2850 E JobScheduler.Background: Couldn't determine stopped state for unknown package: com.facebook.appmanager
04-28 14:53:19.390  2443  2850 E JobScheduler.Background: Couldn't determine stopped state for unknown package: com.facebook.appmanager
04-28 14:53:19.390  2443  2850 E JobScheduler.Background: Couldn't determine stopped state for unknown package: com.facebook.appmanager
04-28 14:53:19.391  2443  2850 E JobScheduler.Background: Couldn't determine stopped state for unknown package: com.samsung.android.tadownloader
04-28 14:53:19.686  3175  3175 D SatelliteModeObserver: service state changed : {mVoiceRegState=0(IN_SERVICE), mDataRegState=0(IN_SERVICE), mChannelNumber=2850, duplexMode()=1, mCellBandwidths=[20000, 15000, 20000, 10000, 10000
], mOperatorAlphaLong=null, mOperatorAlphaShort=null, isManualNetworkSelection=false(automatic), getRilVoiceRadioTechnology=14(LTE), getRilDataRadioTechnology=14(LTE), mCssIndicator=unsupported, mNetworkId=*1, mSystemId=*1, mCd
maRoamingIndicator=-1, mCdmaDefaultRoamingIndicator=-1, NonCellular=false, Snap=0, PsOnly=false, SprDisplayRoam=false, OptRadioTech=0, MsimSubmode=0, IsVoiceCallAvailable=true, mIsEmergencyOnly=false, isUsingCarrierAggregation=
true, mArfcnRsrpBoost=0, mNetworkRegistrationInfos=[NetworkRegistrationInfo{ domain=PS transportType=WLAN registrationState=UNKNOWN networkRegistrationState=UNKNOWN roamingType=NOT_ROAMING accessNetworkTechnology=IWLAN rejectCa
use=0 emergencyEnabled=false availableServices=[] cellIdentity=null voiceSpecificInfo=null dataSpecificInfo=null nrState=**** rRplmn= isUsingCarrierAggregation=false isNonTerrestrialNetwork=TERRESTRIAL}, NetworkRegistrationInfo
{ domain=CS transportType=WWAN registrationState=HOME networkRegistrationState=HOME roamingType=NOT_ROAMING accessNetworkTechnology=LTE rejectCause=0 emergencyEnabled=false availableServices=[VOICE,SMS,VIDEO] cellIdentity=null 
voiceSpecificInfo=VoiceSpecificRegistrationInfo { mCssSupported=false mRoamingIndicator=0 mSystemIsInPrl=0 mDefaultRoamingIndicator=0} dataSpecificInfo=null nrState=**** rRplmn=45005 isUsingCarrierAggregation=false isNonTerrest
rialNetwork=TERRESTRIAL}, NetworkRegistrationInfo{ domain=PS transportType=WWAN registrationState=HOME networkRegistrationState=HOME roamingType=NOT_ROAMING accessNetworkTechnology=LTE rejectCause=0 emergencyEnabled=false avail
ableServices=[DATA,MMS] cellIdentity=null voiceSpecificInfo=null dataSpecificInfo=android.telephony.DataSpecificRegistrationInfo :{ maxDataCalls = 16 isDcNrRestricted = false isNrAvailable = true isEnDcAvailable = true mLteAtta
chResultType = 0 mLteAttachExtraInfo = 0 LteVopsSupportInfo :  mVopsSupport = 2 mEmcBearerSupport = 2 } nrState=**** rRplmn=45005 isUsingCarrierAggregation=true isNonTerrestrialNetwork=TERRESTRIAL}], mNrFrequencyRange=0, mOpera
torAlphaLongRaw=SKTelecom, mOperatorAlphaShortRaw=SKTelecom, mIsDataRoamingFromRegistration=false, mIsIwlanPreferred=false, mIsUsingNonTerrestrialNetwork=false}
04-28 14:53:19.689  3175  3175 D SatelliteModeObserver: isSatelliteNetworksOn(), isUsingTerrestrialNetwork: false
04-28 14:53:19.692  3175  3175 D SatelliteModeObserver: isSatelliteNetworksOn(), isUsingTerrestrialNetwork: false
04-28 14:53:19.693  3175  3175 D SatelliteModeObserver: isSatelliteNetworksOn(), isUsingTerrestrialNetwork: false
04-28 14:53:19.705  2443  2545 I ActivityManager: ProcessObserver broadcast disabled
04-28 14:53:19.798  3175  3175 D SatelliteModeObserver: service state changed : {mVoiceRegState=0(IN_SERVICE), mDataRegState=0(IN_SERVICE), mChannelNumber=2850, duplexMode()=1, mCellBandwidths=[20000, 15000, 20000, 10000, 10000
], mOperatorAlphaLong=null, mOperatorAlphaShort=null, isManualNetworkSelection=false(automatic), getRilVoiceRadioTechnology=14(LTE), getRilDataRadioTechnology=14(LTE), mCssIndicator=unsupported, mNetworkId=*1, mSystemId=*1, mCd
